<!doctype html public "-//w3c//dtd html 4.0 transitional//en">
<html><head>
<title>Static Call Graph - [.\Objects\rt1052.axf]</title></head>
<body><HR>
<H1>Static Call Graph for image .\Objects\rt1052.axf</H1><HR>
<BR><P>#&#060CALLGRAPH&#062# ARM Linker, 5060528: Last Updated: Sat Dec 21 14:24:48 2019
<BR><P>
<H3>Maximum Stack Usage =        616 bytes + Unknown(Cycles, Untraceable Function Pointers)</H3><H3>
Call chain for Maximum Stack Depth:</H3>
main &rArr; EEPROM_Test &rArr; DbgConsole_Printf &rArr; StrFormatPrintf &rArr; ConvertFloatRadixNumToString &rArr; __hardfp_pow &rArr; sqrt
<P>
<H3>
Mutually Recursive functions
</H3> <LI><a href="#[5]">NMI_Handler</a>&nbsp;&nbsp;&nbsp;&rArr;&nbsp;&nbsp;&nbsp;<a href="#[5]">NMI_Handler</a><BR>
 <LI><a href="#[6]">HardFault_Handler</a>&nbsp;&nbsp;&nbsp;&rArr;&nbsp;&nbsp;&nbsp;<a href="#[6]">HardFault_Handler</a><BR>
 <LI><a href="#[7]">MemManage_Handler</a>&nbsp;&nbsp;&nbsp;&rArr;&nbsp;&nbsp;&nbsp;<a href="#[7]">MemManage_Handler</a><BR>
 <LI><a href="#[8]">BusFault_Handler</a>&nbsp;&nbsp;&nbsp;&rArr;&nbsp;&nbsp;&nbsp;<a href="#[8]">BusFault_Handler</a><BR>
 <LI><a href="#[9]">UsageFault_Handler</a>&nbsp;&nbsp;&nbsp;&rArr;&nbsp;&nbsp;&nbsp;<a href="#[9]">UsageFault_Handler</a><BR>
 <LI><a href="#[b]">DebugMon_Handler</a>&nbsp;&nbsp;&nbsp;&rArr;&nbsp;&nbsp;&nbsp;<a href="#[b]">DebugMon_Handler</a><BR>
 <LI><a href="#[21c]">print_object</a>&nbsp;&nbsp;&nbsp;&rArr;&nbsp;&nbsp;&nbsp;<a href="#[217]">print_value</a><BR>
 <LI><a href="#[219]">print_array</a>&nbsp;&nbsp;&nbsp;&rArr;&nbsp;&nbsp;&nbsp;<a href="#[217]">print_value</a><BR>
 <LI><a href="#[1cc]">cJSON_Delete</a>&nbsp;&nbsp;&nbsp;&rArr;&nbsp;&nbsp;&nbsp;<a href="#[1cc]">cJSON_Delete</a><BR>
 <LI><a href="#[167]">CLOCK_GetPerClkFreq</a>&nbsp;&nbsp;&nbsp;&rArr;&nbsp;&nbsp;&nbsp;<a href="#[164]">CLOCK_GetFreq</a><BR>
</UL>
<P>
<H3>
Function Pointers
</H3><UL>
 <LI><a href="#[89]">ACMP1_IRQHandler</a> from startup_mimxrt1052.o(.text) referenced from startup_mimxrt1052.o(RESET)
 <LI><a href="#[8a]">ACMP2_IRQHandler</a> from startup_mimxrt1052.o(.text) referenced from startup_mimxrt1052.o(RESET)
 <LI><a href="#[8b]">ACMP3_IRQHandler</a> from startup_mimxrt1052.o(.text) referenced from startup_mimxrt1052.o(RESET)
 <LI><a href="#[8c]">ACMP4_IRQHandler</a> from startup_mimxrt1052.o(.text) referenced from startup_mimxrt1052.o(RESET)
 <LI><a href="#[51]">ADC1_IRQHandler</a> from startup_mimxrt1052.o(.text) referenced from startup_mimxrt1052.o(RESET)
 <LI><a href="#[52]">ADC2_IRQHandler</a> from startup_mimxrt1052.o(.text) referenced from startup_mimxrt1052.o(RESET)
 <LI><a href="#[e0]">ADC_AppTask</a> from adc_app.o(i.ADC_AppTask) referenced from main.o(i.AppTaskCreate)
 <LI><a href="#[87]">ADC_ETC_ERROR_IRQ_IRQHandler</a> from startup_mimxrt1052.o(.text) referenced from startup_mimxrt1052.o(RESET)
 <LI><a href="#[84]">ADC_ETC_IRQ0_IRQHandler</a> from adc_app.o(i.ADC_ETC_IRQ0_IRQHandler) referenced from startup_mimxrt1052.o(RESET)
 <LI><a href="#[85]">ADC_ETC_IRQ1_IRQHandler</a> from startup_mimxrt1052.o(.text) referenced from startup_mimxrt1052.o(RESET)
 <LI><a href="#[86]">ADC_ETC_IRQ2_IRQHandler</a> from startup_mimxrt1052.o(.text) referenced from startup_mimxrt1052.o(RESET)
 <LI><a href="#[e6]">AppTaskCreate</a> from main.o(i.AppTaskCreate) referenced from main.o(i.main)
 <LI><a href="#[de]">BAT_AppTask</a> from battery_app.o(i.BAT_AppTask) referenced from main.o(i.AppTaskCreate)
 <LI><a href="#[45]">BEE_IRQHandler</a> from startup_mimxrt1052.o(.text) referenced from startup_mimxrt1052.o(RESET)
 <LI><a href="#[df]">BLE_AppTask</a> from ble_app.o(i.BLE_AppTask) referenced from main.o(i.AppTaskCreate)
 <LI><a href="#[8]">BusFault_Handler</a> from startup_mimxrt1052.o(.text) referenced from startup_mimxrt1052.o(RESET)
 <LI><a href="#[cb]">CAN1_DriverIRQHandler</a> from startup_mimxrt1052.o(.text) referenced from startup_mimxrt1052.o(.text)
 <LI><a href="#[32]">CAN1_IRQHandler</a> from startup_mimxrt1052.o(.text) referenced from startup_mimxrt1052.o(RESET)
 <LI><a href="#[cc]">CAN2_DriverIRQHandler</a> from startup_mimxrt1052.o(.text) referenced from startup_mimxrt1052.o(.text)
 <LI><a href="#[33]">CAN2_IRQHandler</a> from startup_mimxrt1052.o(.text) referenced from startup_mimxrt1052.o(RESET)
 <LI><a href="#[6d]">CCM_1_IRQHandler</a> from startup_mimxrt1052.o(.text) referenced from startup_mimxrt1052.o(RESET)
 <LI><a href="#[6e]">CCM_2_IRQHandler</a> from startup_mimxrt1052.o(.text) referenced from startup_mimxrt1052.o(RESET)
 <LI><a href="#[21]">CORE_IRQHandler</a> from startup_mimxrt1052.o(.text) referenced from startup_mimxrt1052.o(RESET)
 <LI><a href="#[39]">CSI_IRQHandler</a> from startup_mimxrt1052.o(.text) referenced from startup_mimxrt1052.o(RESET)
 <LI><a href="#[3f]">CSU_IRQHandler</a> from startup_mimxrt1052.o(.text) referenced from startup_mimxrt1052.o(RESET)
 <LI><a href="#[1f]">CTI0_ERROR_IRQHandler</a> from startup_mimxrt1052.o(.text) referenced from startup_mimxrt1052.o(RESET)
 <LI><a href="#[20]">CTI1_ERROR_IRQHandler</a> from startup_mimxrt1052.o(.text) referenced from startup_mimxrt1052.o(RESET)
 <LI><a href="#[53]">DCDC_IRQHandler</a> from startup_mimxrt1052.o(.text) referenced from startup_mimxrt1052.o(RESET)
 <LI><a href="#[40]">DCP_IRQHandler</a> from startup_mimxrt1052.o(.text) referenced from startup_mimxrt1052.o(RESET)
 <LI><a href="#[41]">DCP_VMI_IRQHandler</a> from startup_mimxrt1052.o(.text) referenced from startup_mimxrt1052.o(RESET)
 <LI><a href="#[aa]">DMA0_DMA16_DriverIRQHandler</a> from fsl_edma.o(i.DMA0_DMA16_DriverIRQHandler) referenced from startup_mimxrt1052.o(.text)
 <LI><a href="#[e]">DMA0_DMA16_IRQHandler</a> from startup_mimxrt1052.o(.text) referenced from startup_mimxrt1052.o(RESET)
 <LI><a href="#[b4]">DMA10_DMA26_DriverIRQHandler</a> from fsl_edma.o(i.DMA10_DMA26_DriverIRQHandler) referenced from startup_mimxrt1052.o(.text)
 <LI><a href="#[18]">DMA10_DMA26_IRQHandler</a> from startup_mimxrt1052.o(.text) referenced from startup_mimxrt1052.o(RESET)
 <LI><a href="#[b5]">DMA11_DMA27_DriverIRQHandler</a> from fsl_edma.o(i.DMA11_DMA27_DriverIRQHandler) referenced from startup_mimxrt1052.o(.text)
 <LI><a href="#[19]">DMA11_DMA27_IRQHandler</a> from startup_mimxrt1052.o(.text) referenced from startup_mimxrt1052.o(RESET)
 <LI><a href="#[b6]">DMA12_DMA28_DriverIRQHandler</a> from fsl_edma.o(i.DMA12_DMA28_DriverIRQHandler) referenced from startup_mimxrt1052.o(.text)
 <LI><a href="#[1a]">DMA12_DMA28_IRQHandler</a> from startup_mimxrt1052.o(.text) referenced from startup_mimxrt1052.o(RESET)
 <LI><a href="#[b7]">DMA13_DMA29_DriverIRQHandler</a> from fsl_edma.o(i.DMA13_DMA29_DriverIRQHandler) referenced from startup_mimxrt1052.o(.text)
 <LI><a href="#[1b]">DMA13_DMA29_IRQHandler</a> from startup_mimxrt1052.o(.text) referenced from startup_mimxrt1052.o(RESET)
 <LI><a href="#[b8]">DMA14_DMA30_DriverIRQHandler</a> from fsl_edma.o(i.DMA14_DMA30_DriverIRQHandler) referenced from startup_mimxrt1052.o(.text)
 <LI><a href="#[1c]">DMA14_DMA30_IRQHandler</a> from startup_mimxrt1052.o(.text) referenced from startup_mimxrt1052.o(RESET)
 <LI><a href="#[b9]">DMA15_DMA31_DriverIRQHandler</a> from fsl_edma.o(i.DMA15_DMA31_DriverIRQHandler) referenced from startup_mimxrt1052.o(.text)
 <LI><a href="#[1d]">DMA15_DMA31_IRQHandler</a> from startup_mimxrt1052.o(.text) referenced from startup_mimxrt1052.o(RESET)
 <LI><a href="#[ab]">DMA1_DMA17_DriverIRQHandler</a> from fsl_edma.o(i.DMA1_DMA17_DriverIRQHandler) referenced from startup_mimxrt1052.o(.text)
 <LI><a href="#[f]">DMA1_DMA17_IRQHandler</a> from startup_mimxrt1052.o(.text) referenced from startup_mimxrt1052.o(RESET)
 <LI><a href="#[ac]">DMA2_DMA18_DriverIRQHandler</a> from fsl_edma.o(i.DMA2_DMA18_DriverIRQHandler) referenced from startup_mimxrt1052.o(.text)
 <LI><a href="#[10]">DMA2_DMA18_IRQHandler</a> from startup_mimxrt1052.o(.text) referenced from startup_mimxrt1052.o(RESET)
 <LI><a href="#[ad]">DMA3_DMA19_DriverIRQHandler</a> from fsl_edma.o(i.DMA3_DMA19_DriverIRQHandler) referenced from startup_mimxrt1052.o(.text)
 <LI><a href="#[11]">DMA3_DMA19_IRQHandler</a> from startup_mimxrt1052.o(.text) referenced from startup_mimxrt1052.o(RESET)
 <LI><a href="#[ae]">DMA4_DMA20_DriverIRQHandler</a> from fsl_edma.o(i.DMA4_DMA20_DriverIRQHandler) referenced from startup_mimxrt1052.o(.text)
 <LI><a href="#[12]">DMA4_DMA20_IRQHandler</a> from startup_mimxrt1052.o(.text) referenced from startup_mimxrt1052.o(RESET)
 <LI><a href="#[af]">DMA5_DMA21_DriverIRQHandler</a> from fsl_edma.o(i.DMA5_DMA21_DriverIRQHandler) referenced from startup_mimxrt1052.o(.text)
 <LI><a href="#[13]">DMA5_DMA21_IRQHandler</a> from startup_mimxrt1052.o(.text) referenced from startup_mimxrt1052.o(RESET)
 <LI><a href="#[b0]">DMA6_DMA22_DriverIRQHandler</a> from fsl_edma.o(i.DMA6_DMA22_DriverIRQHandler) referenced from startup_mimxrt1052.o(.text)
 <LI><a href="#[14]">DMA6_DMA22_IRQHandler</a> from startup_mimxrt1052.o(.text) referenced from startup_mimxrt1052.o(RESET)
 <LI><a href="#[b1]">DMA7_DMA23_DriverIRQHandler</a> from fsl_edma.o(i.DMA7_DMA23_DriverIRQHandler) referenced from startup_mimxrt1052.o(.text)
 <LI><a href="#[15]">DMA7_DMA23_IRQHandler</a> from startup_mimxrt1052.o(.text) referenced from startup_mimxrt1052.o(RESET)
 <LI><a href="#[b2]">DMA8_DMA24_DriverIRQHandler</a> from fsl_edma.o(i.DMA8_DMA24_DriverIRQHandler) referenced from startup_mimxrt1052.o(.text)
 <LI><a href="#[16]">DMA8_DMA24_IRQHandler</a> from startup_mimxrt1052.o(.text) referenced from startup_mimxrt1052.o(RESET)
 <LI><a href="#[b3]">DMA9_DMA25_DriverIRQHandler</a> from fsl_edma.o(i.DMA9_DMA25_DriverIRQHandler) referenced from startup_mimxrt1052.o(.text)
 <LI><a href="#[17]">DMA9_DMA25_IRQHandler</a> from startup_mimxrt1052.o(.text) referenced from startup_mimxrt1052.o(RESET)
 <LI><a href="#[ba]">DMA_ERROR_DriverIRQHandler</a> from startup_mimxrt1052.o(.text) referenced from startup_mimxrt1052.o(.text)
 <LI><a href="#[1e]">DMA_ERROR_IRQHandler</a> from startup_mimxrt1052.o(.text) referenced from startup_mimxrt1052.o(RESET)
 <LI><a href="#[e2]">DbgConsole_PrintCallback</a> from fsl_debug_console.o(i.DbgConsole_PrintCallback) referenced from fsl_debug_console.o(i.DbgConsole_Printf)
 <LI><a href="#[b]">DebugMon_Handler</a> from startup_mimxrt1052.o(.text) referenced from startup_mimxrt1052.o(RESET)
 <LI><a href="#[a6]">DefaultISR</a> from startup_mimxrt1052.o(.text) referenced from startup_mimxrt1052.o(.text)
 <LI><a href="#[a6]">DefaultISR</a> from startup_mimxrt1052.o(.text) referenced 87 times from startup_mimxrt1052.o(RESET)
 <LI><a href="#[8f]">ENC1_IRQHandler</a> from startup_mimxrt1052.o(.text) referenced from startup_mimxrt1052.o(RESET)
 <LI><a href="#[90]">ENC2_IRQHandler</a> from startup_mimxrt1052.o(.text) referenced from startup_mimxrt1052.o(RESET)
 <LI><a href="#[91]">ENC3_IRQHandler</a> from startup_mimxrt1052.o(.text) referenced from startup_mimxrt1052.o(RESET)
 <LI><a href="#[92]">ENC4_IRQHandler</a> from startup_mimxrt1052.o(.text) referenced from startup_mimxrt1052.o(RESET)
 <LI><a href="#[d8]">ENET_1588_Timer_DriverIRQHandler</a> from startup_mimxrt1052.o(.text) referenced from startup_mimxrt1052.o(.text)
 <LI><a href="#[81]">ENET_1588_Timer_IRQHandler</a> from startup_mimxrt1052.o(.text) referenced from startup_mimxrt1052.o(RESET)
 <LI><a href="#[d7]">ENET_DriverIRQHandler</a> from startup_mimxrt1052.o(.text) referenced from startup_mimxrt1052.o(.text)
 <LI><a href="#[80]">ENET_IRQHandler</a> from startup_mimxrt1052.o(.text) referenced from startup_mimxrt1052.o(RESET)
 <LI><a href="#[6c]">EWM_IRQHandler</a> from startup_mimxrt1052.o(.text) referenced from startup_mimxrt1052.o(RESET)
 <LI><a href="#[d2]">FLEXIO1_DriverIRQHandler</a> from startup_mimxrt1052.o(.text) referenced from startup_mimxrt1052.o(.text)
 <LI><a href="#[68]">FLEXIO1_IRQHandler</a> from startup_mimxrt1052.o(.text) referenced from startup_mimxrt1052.o(RESET)
 <LI><a href="#[d3]">FLEXIO2_DriverIRQHandler</a> from startup_mimxrt1052.o(.text) referenced from startup_mimxrt1052.o(.text)
 <LI><a href="#[69]">FLEXIO2_IRQHandler</a> from startup_mimxrt1052.o(.text) referenced from startup_mimxrt1052.o(RESET)
 <LI><a href="#[34]">FLEXRAM_IRQHandler</a> from startup_mimxrt1052.o(.text) referenced from startup_mimxrt1052.o(RESET)
 <LI><a href="#[d4]">FLEXSPI_DriverIRQHandler</a> from startup_mimxrt1052.o(.text) referenced from startup_mimxrt1052.o(.text)
 <LI><a href="#[7a]">FLEXSPI_IRQHandler</a> from startup_mimxrt1052.o(.text) referenced from startup_mimxrt1052.o(RESET)
 <LI><a href="#[6f]">GPC_IRQHandler</a> from startup_mimxrt1052.o(.text) referenced from startup_mimxrt1052.o(RESET)
 <LI><a href="#[5e]">GPIO1_Combined_0_15_IRQHandler</a> from startup_mimxrt1052.o(.text) referenced from startup_mimxrt1052.o(RESET)
 <LI><a href="#[5f]">GPIO1_Combined_16_31_IRQHandler</a> from startup_mimxrt1052.o(.text) referenced from startup_mimxrt1052.o(RESET)
 <LI><a href="#[56]">GPIO1_INT0_IRQHandler</a> from startup_mimxrt1052.o(.text) referenced from startup_mimxrt1052.o(RESET)
 <LI><a href="#[57]">GPIO1_INT1_IRQHandler</a> from startup_mimxrt1052.o(.text) referenced from startup_mimxrt1052.o(RESET)
 <LI><a href="#[58]">GPIO1_INT2_IRQHandler</a> from startup_mimxrt1052.o(.text) referenced from startup_mimxrt1052.o(RESET)
 <LI><a href="#[59]">GPIO1_INT3_IRQHandler</a> from startup_mimxrt1052.o(.text) referenced from startup_mimxrt1052.o(RESET)
 <LI><a href="#[5a]">GPIO1_INT4_IRQHandler</a> from startup_mimxrt1052.o(.text) referenced from startup_mimxrt1052.o(RESET)
 <LI><a href="#[5b]">GPIO1_INT5_IRQHandler</a> from startup_mimxrt1052.o(.text) referenced from startup_mimxrt1052.o(RESET)
 <LI><a href="#[5c]">GPIO1_INT6_IRQHandler</a> from startup_mimxrt1052.o(.text) referenced from startup_mimxrt1052.o(RESET)
 <LI><a href="#[5d]">GPIO1_INT7_IRQHandler</a> from startup_mimxrt1052.o(.text) referenced from startup_mimxrt1052.o(RESET)
 <LI><a href="#[60]">GPIO2_Combined_0_15_IRQHandler</a> from adc_app.o(i.GPIO2_Combined_0_15_IRQHandler) referenced from startup_mimxrt1052.o(RESET)
 <LI><a href="#[61]">GPIO2_Combined_16_31_IRQHandler</a> from fsl_sdmmc_host.o(i.GPIO2_Combined_16_31_IRQHandler) referenced from startup_mimxrt1052.o(RESET)
 <LI><a href="#[62]">GPIO3_Combined_0_15_IRQHandler</a> from startup_mimxrt1052.o(.text) referenced from startup_mimxrt1052.o(RESET)
 <LI><a href="#[63]">GPIO3_Combined_16_31_IRQHandler</a> from startup_mimxrt1052.o(.text) referenced from startup_mimxrt1052.o(RESET)
 <LI><a href="#[64]">GPIO4_Combined_0_15_IRQHandler</a> from startup_mimxrt1052.o(.text) referenced from startup_mimxrt1052.o(RESET)
 <LI><a href="#[65]">GPIO4_Combined_16_31_IRQHandler</a> from startup_mimxrt1052.o(.text) referenced from startup_mimxrt1052.o(RESET)
 <LI><a href="#[66]">GPIO5_Combined_0_15_IRQHandler</a> from startup_mimxrt1052.o(.text) referenced from startup_mimxrt1052.o(RESET)
 <LI><a href="#[67]">GPIO5_Combined_16_31_IRQHandler</a> from startup_mimxrt1052.o(.text) referenced from startup_mimxrt1052.o(RESET)
 <LI><a href="#[37]">GPR_IRQ_IRQHandler</a> from startup_mimxrt1052.o(.text) referenced from startup_mimxrt1052.o(RESET)
 <LI><a href="#[72]">GPT1_IRQHandler</a> from startup_mimxrt1052.o(.text) referenced from startup_mimxrt1052.o(RESET)
 <LI><a href="#[73]">GPT2_IRQHandler</a> from startup_mimxrt1052.o(.text) referenced from startup_mimxrt1052.o(RESET)
 <LI><a href="#[6]">HardFault_Handler</a> from startup_mimxrt1052.o(.text) referenced from startup_mimxrt1052.o(RESET)
 <LI><a href="#[e1]">InactiveTmr_Callback</a> from main.o(i.InactiveTmr_Callback) referenced from main.o(i.AppTaskCreate)
 <LI><a href="#[35]">KPP_IRQHandler</a> from startup_mimxrt1052.o(.text) referenced from startup_mimxrt1052.o(RESET)
 <LI><a href="#[38]">LCDIF_IRQHandler</a> from startup_mimxrt1052.o(.text) referenced from startup_mimxrt1052.o(RESET)
 <LI><a href="#[dd]">LED_AppTask</a> from led_app.o(i.LED_AppTask) referenced from main.o(i.AppTaskCreate)
 <LI><a href="#[c3]">LPI2C1_DriverIRQHandler</a> from fsl_lpi2c.o(i.LPI2C1_DriverIRQHandler) referenced from startup_mimxrt1052.o(.text)
 <LI><a href="#[2a]">LPI2C1_IRQHandler</a> from startup_mimxrt1052.o(.text) referenced from startup_mimxrt1052.o(RESET)
 <LI><a href="#[c4]">LPI2C2_DriverIRQHandler</a> from fsl_lpi2c.o(i.LPI2C2_DriverIRQHandler) referenced from startup_mimxrt1052.o(.text)
 <LI><a href="#[2b]">LPI2C2_IRQHandler</a> from startup_mimxrt1052.o(.text) referenced from startup_mimxrt1052.o(RESET)
 <LI><a href="#[c5]">LPI2C3_DriverIRQHandler</a> from fsl_lpi2c.o(i.LPI2C3_DriverIRQHandler) referenced from startup_mimxrt1052.o(.text)
 <LI><a href="#[2c]">LPI2C3_IRQHandler</a> from startup_mimxrt1052.o(.text) referenced from startup_mimxrt1052.o(RESET)
 <LI><a href="#[c6]">LPI2C4_DriverIRQHandler</a> from fsl_lpi2c.o(i.LPI2C4_DriverIRQHandler) referenced from startup_mimxrt1052.o(.text)
 <LI><a href="#[2d]">LPI2C4_IRQHandler</a> from startup_mimxrt1052.o(.text) referenced from startup_mimxrt1052.o(RESET)
 <LI><a href="#[c7]">LPSPI1_DriverIRQHandler</a> from fsl_lpspi.o(i.LPSPI1_DriverIRQHandler) referenced from startup_mimxrt1052.o(.text)
 <LI><a href="#[2e]">LPSPI1_IRQHandler</a> from startup_mimxrt1052.o(.text) referenced from startup_mimxrt1052.o(RESET)
 <LI><a href="#[c8]">LPSPI2_DriverIRQHandler</a> from fsl_lpspi.o(i.LPSPI2_DriverIRQHandler) referenced from startup_mimxrt1052.o(.text)
 <LI><a href="#[2f]">LPSPI2_IRQHandler</a> from startup_mimxrt1052.o(.text) referenced from startup_mimxrt1052.o(RESET)
 <LI><a href="#[c9]">LPSPI3_DriverIRQHandler</a> from fsl_lpspi.o(i.LPSPI3_DriverIRQHandler) referenced from startup_mimxrt1052.o(.text)
 <LI><a href="#[30]">LPSPI3_IRQHandler</a> from startup_mimxrt1052.o(.text) referenced from startup_mimxrt1052.o(RESET)
 <LI><a href="#[ca]">LPSPI4_DriverIRQHandler</a> from fsl_lpspi.o(i.LPSPI4_DriverIRQHandler) referenced from startup_mimxrt1052.o(.text)
 <LI><a href="#[31]">LPSPI4_IRQHandler</a> from startup_mimxrt1052.o(.text) referenced from startup_mimxrt1052.o(RESET)
 <LI><a href="#[bb]">LPUART1_DriverIRQHandler</a> from fsl_lpuart.o(i.LPUART1_DriverIRQHandler) referenced from startup_mimxrt1052.o(.text)
 <LI><a href="#[22]">LPUART1_IRQHandler</a> from lpuart1.o(i.LPUART1_IRQHandler) referenced from startup_mimxrt1052.o(RESET)
 <LI><a href="#[bc]">LPUART2_DriverIRQHandler</a> from fsl_lpuart.o(i.LPUART2_DriverIRQHandler) referenced from startup_mimxrt1052.o(.text)
 <LI><a href="#[23]">LPUART2_IRQHandler</a> from ble_app.o(i.LPUART2_IRQHandler) referenced from startup_mimxrt1052.o(RESET)
 <LI><a href="#[bd]">LPUART3_DriverIRQHandler</a> from fsl_lpuart.o(i.LPUART3_DriverIRQHandler) referenced from startup_mimxrt1052.o(.text)
 <LI><a href="#[24]">LPUART3_IRQHandler</a> from interrupt.o(i.LPUART3_IRQHandler) referenced from startup_mimxrt1052.o(RESET)
 <LI><a href="#[be]">LPUART4_DriverIRQHandler</a> from fsl_lpuart.o(i.LPUART4_DriverIRQHandler) referenced from startup_mimxrt1052.o(.text)
 <LI><a href="#[25]">LPUART4_IRQHandler</a> from interrupt.o(i.LPUART4_IRQHandler) referenced from startup_mimxrt1052.o(RESET)
 <LI><a href="#[bf]">LPUART5_DriverIRQHandler</a> from fsl_lpuart.o(i.LPUART5_DriverIRQHandler) referenced from startup_mimxrt1052.o(.text)
 <LI><a href="#[26]">LPUART5_IRQHandler</a> from interrupt.o(i.LPUART5_IRQHandler) referenced from startup_mimxrt1052.o(RESET)
 <LI><a href="#[c0]">LPUART6_DriverIRQHandler</a> from fsl_lpuart.o(i.LPUART6_DriverIRQHandler) referenced from startup_mimxrt1052.o(.text)
 <LI><a href="#[27]">LPUART6_IRQHandler</a> from startup_mimxrt1052.o(.text) referenced from startup_mimxrt1052.o(RESET)
 <LI><a href="#[c1]">LPUART7_DriverIRQHandler</a> from fsl_lpuart.o(i.LPUART7_DriverIRQHandler) referenced from startup_mimxrt1052.o(.text)
 <LI><a href="#[28]">LPUART7_IRQHandler</a> from startup_mimxrt1052.o(.text) referenced from startup_mimxrt1052.o(RESET)
 <LI><a href="#[c2]">LPUART8_DriverIRQHandler</a> from fsl_lpuart.o(i.LPUART8_DriverIRQHandler) referenced from startup_mimxrt1052.o(.text)
 <LI><a href="#[29]">LPUART8_IRQHandler</a> from startup_mimxrt1052.o(.text) referenced from startup_mimxrt1052.o(RESET)
 <LI><a href="#[e4]">LPUART_ReceiveEDMACallback</a> from fsl_lpuart_edma.o(i.LPUART_ReceiveEDMACallback) referenced from fsl_lpuart_edma.o(i.LPUART_TransferCreateHandleEDMA)
 <LI><a href="#[e3]">LPUART_SendEDMACallback</a> from fsl_lpuart_edma.o(i.LPUART_SendEDMACallback) referenced from fsl_lpuart_edma.o(i.LPUART_TransferCreateHandleEDMA)
 <LI><a href="#[7]">MemManage_Handler</a> from startup_mimxrt1052.o(.text) referenced from startup_mimxrt1052.o(RESET)
 <LI><a href="#[5]">NMI_Handler</a> from startup_mimxrt1052.o(.text) referenced from startup_mimxrt1052.o(RESET)
 <LI><a href="#[88]">PIT_IRQHandler</a> from interrupt.o(i.PIT_IRQHandler) referenced from startup_mimxrt1052.o(RESET)
 <LI><a href="#[4b]">PMU_EVENT_IRQHandler</a> from startup_mimxrt1052.o(.text) referenced from startup_mimxrt1052.o(RESET)
 <LI><a href="#[74]">PWM1_0_IRQHandler</a> from startup_mimxrt1052.o(.text) referenced from startup_mimxrt1052.o(RESET)
 <LI><a href="#[75]">PWM1_1_IRQHandler</a> from startup_mimxrt1052.o(.text) referenced from startup_mimxrt1052.o(RESET)
 <LI><a href="#[76]">PWM1_2_IRQHandler</a> from startup_mimxrt1052.o(.text) referenced from startup_mimxrt1052.o(RESET)
 <LI><a href="#[77]">PWM1_3_IRQHandler</a> from startup_mimxrt1052.o(.text) referenced from startup_mimxrt1052.o(RESET)
 <LI><a href="#[78]">PWM1_FAULT_IRQHandler</a> from startup_mimxrt1052.o(.text) referenced from startup_mimxrt1052.o(RESET)
 <LI><a href="#[97]">PWM2_0_IRQHandler</a> from startup_mimxrt1052.o(.text) referenced from startup_mimxrt1052.o(RESET)
 <LI><a href="#[98]">PWM2_1_IRQHandler</a> from startup_mimxrt1052.o(.text) referenced from startup_mimxrt1052.o(RESET)
 <LI><a href="#[99]">PWM2_2_IRQHandler</a> from startup_mimxrt1052.o(.text) referenced from startup_mimxrt1052.o(RESET)
 <LI><a href="#[9a]">PWM2_3_IRQHandler</a> from startup_mimxrt1052.o(.text) referenced from startup_mimxrt1052.o(RESET)
 <LI><a href="#[9b]">PWM2_FAULT_IRQHandler</a> from startup_mimxrt1052.o(.text) referenced from startup_mimxrt1052.o(RESET)
 <LI><a href="#[9c]">PWM3_0_IRQHandler</a> from startup_mimxrt1052.o(.text) referenced from startup_mimxrt1052.o(RESET)
 <LI><a href="#[9d]">PWM3_1_IRQHandler</a> from startup_mimxrt1052.o(.text) referenced from startup_mimxrt1052.o(RESET)
 <LI><a href="#[9e]">PWM3_2_IRQHandler</a> from startup_mimxrt1052.o(.text) referenced from startup_mimxrt1052.o(RESET)
 <LI><a href="#[9f]">PWM3_3_IRQHandler</a> from startup_mimxrt1052.o(.text) referenced from startup_mimxrt1052.o(RESET)
 <LI><a href="#[a0]">PWM3_FAULT_IRQHandler</a> from startup_mimxrt1052.o(.text) referenced from startup_mimxrt1052.o(RESET)
 <LI><a href="#[a1]">PWM4_0_IRQHandler</a> from startup_mimxrt1052.o(.text) referenced from startup_mimxrt1052.o(RESET)
 <LI><a href="#[a2]">PWM4_1_IRQHandler</a> from startup_mimxrt1052.o(.text) referenced from startup_mimxrt1052.o(RESET)
 <LI><a href="#[a3]">PWM4_2_IRQHandler</a> from startup_mimxrt1052.o(.text) referenced from startup_mimxrt1052.o(RESET)
 <LI><a href="#[a4]">PWM4_3_IRQHandler</a> from startup_mimxrt1052.o(.text) referenced from startup_mimxrt1052.o(RESET)
 <LI><a href="#[a5]">PWM4_FAULT_IRQHandler</a> from startup_mimxrt1052.o(.text) referenced from startup_mimxrt1052.o(RESET)
 <LI><a href="#[3a]">PXP_IRQHandler</a> from startup_mimxrt1052.o(.text) referenced from startup_mimxrt1052.o(RESET)
 <LI><a href="#[c]">PendSV_Handler</a> from port.o(.emb_text) referenced from startup_mimxrt1052.o(RESET)
 <LI><a href="#[6b]">RTWDOG_IRQHandler</a> from startup_mimxrt1052.o(.text) referenced from startup_mimxrt1052.o(RESET)
 <LI><a href="#[71]">Reserved115_IRQHandler</a> from startup_mimxrt1052.o(.text) referenced from startup_mimxrt1052.o(RESET)
 <LI><a href="#[79]">Reserved123_IRQHandler</a> from startup_mimxrt1052.o(.text) referenced from startup_mimxrt1052.o(RESET)
 <LI><a href="#[8d]">Reserved143_IRQHandler</a> from startup_mimxrt1052.o(.text) referenced from startup_mimxrt1052.o(RESET)
 <LI><a href="#[8e]">Reserved144_IRQHandler</a> from startup_mimxrt1052.o(.text) referenced from startup_mimxrt1052.o(RESET)
 <LI><a href="#[42]">Reserved68_IRQHandler</a> from startup_mimxrt1052.o(.text) referenced from startup_mimxrt1052.o(RESET)
 <LI><a href="#[4c]">Reserved78_IRQHandler</a> from startup_mimxrt1052.o(.text) referenced from startup_mimxrt1052.o(RESET)
 <LI><a href="#[54]">Reserved86_IRQHandler</a> from startup_mimxrt1052.o(.text) referenced from startup_mimxrt1052.o(RESET)
 <LI><a href="#[55]">Reserved87_IRQHandler</a> from startup_mimxrt1052.o(.text) referenced from startup_mimxrt1052.o(RESET)
 <LI><a href="#[4]">Reset_Handler</a> from startup_mimxrt1052.o(.text) referenced from startup_mimxrt1052.o(RESET)
 <LI><a href="#[cd]">SAI1_DriverIRQHandler</a> from startup_mimxrt1052.o(.text) referenced from startup_mimxrt1052.o(.text)
 <LI><a href="#[46]">SAI1_IRQHandler</a> from startup_mimxrt1052.o(.text) referenced from startup_mimxrt1052.o(RESET)
 <LI><a href="#[ce]">SAI2_DriverIRQHandler</a> from startup_mimxrt1052.o(.text) referenced from startup_mimxrt1052.o(.text)
 <LI><a href="#[47]">SAI2_IRQHandler</a> from startup_mimxrt1052.o(.text) referenced from startup_mimxrt1052.o(RESET)
 <LI><a href="#[cf]">SAI3_RX_DriverIRQHandler</a> from startup_mimxrt1052.o(.text) referenced from startup_mimxrt1052.o(.text)
 <LI><a href="#[48]">SAI3_RX_IRQHandler</a> from startup_mimxrt1052.o(.text) referenced from startup_mimxrt1052.o(RESET)
 <LI><a href="#[d0]">SAI3_TX_DriverIRQHandler</a> from startup_mimxrt1052.o(.text) referenced from startup_mimxrt1052.o(.text)
 <LI><a href="#[49]">SAI3_TX_IRQHandler</a> from startup_mimxrt1052.o(.text) referenced from startup_mimxrt1052.o(RESET)
 <LI><a href="#[7b]">SEMC_IRQHandler</a> from startup_mimxrt1052.o(.text) referenced from startup_mimxrt1052.o(RESET)
 <LI><a href="#[44]">SJC_IRQHandler</a> from startup_mimxrt1052.o(.text) referenced from startup_mimxrt1052.o(RESET)
 <LI><a href="#[3c]">SNVS_HP_WRAPPER_IRQHandler</a> from startup_mimxrt1052.o(.text) referenced from startup_mimxrt1052.o(RESET)
 <LI><a href="#[3d]">SNVS_HP_WRAPPER_TZ_IRQHandler</a> from startup_mimxrt1052.o(.text) referenced from startup_mimxrt1052.o(RESET)
 <LI><a href="#[3e]">SNVS_LP_WRAPPER_IRQHandler</a> from startup_mimxrt1052.o(.text) referenced from startup_mimxrt1052.o(RESET)
 <LI><a href="#[d1]">SPDIF_DriverIRQHandler</a> from startup_mimxrt1052.o(.text) referenced from startup_mimxrt1052.o(.text)
 <LI><a href="#[4a]">SPDIF_IRQHandler</a> from startup_mimxrt1052.o(.text) referenced from startup_mimxrt1052.o(RESET)
 <LI><a href="#[70]">SRC_IRQHandler</a> from startup_mimxrt1052.o(.text) referenced from startup_mimxrt1052.o(RESET)
 <LI><a href="#[a]">SVC_Handler</a> from port.o(.emb_text) referenced from startup_mimxrt1052.o(RESET)
 <LI><a href="#[d]">SysTick_Handler</a> from cmsis_os2.o(i.SysTick_Handler) referenced from startup_mimxrt1052.o(RESET)
 <LI><a href="#[a8]">SystemInit</a> from system_mimxrt1052.o(i.SystemInit) referenced from startup_mimxrt1052.o(.text)
 <LI><a href="#[4d]">TEMP_LOW_HIGH_IRQHandler</a> from startup_mimxrt1052.o(.text) referenced from startup_mimxrt1052.o(RESET)
 <LI><a href="#[4e]">TEMP_PANIC_IRQHandler</a> from startup_mimxrt1052.o(.text) referenced from startup_mimxrt1052.o(RESET)
 <LI><a href="#[93]">TMR1_IRQHandler</a> from adc_app.o(i.TMR1_IRQHandler) referenced from startup_mimxrt1052.o(RESET)
 <LI><a href="#[94]">TMR2_IRQHandler</a> from startup_mimxrt1052.o(.text) referenced from startup_mimxrt1052.o(RESET)
 <LI><a href="#[95]">TMR3_IRQHandler</a> from startup_mimxrt1052.o(.text) referenced from startup_mimxrt1052.o(RESET)
 <LI><a href="#[96]">TMR4_IRQHandler</a> from startup_mimxrt1052.o(.text) referenced from startup_mimxrt1052.o(RESET)
 <LI><a href="#[43]">TRNG_IRQHandler</a> from startup_mimxrt1052.o(.text) referenced from startup_mimxrt1052.o(RESET)
 <LI><a href="#[36]">TSC_DIG_IRQHandler</a> from startup_mimxrt1052.o(.text) referenced from startup_mimxrt1052.o(RESET)
 <LI><a href="#[7f]">USB_OTG1_IRQHandler</a> from startup_mimxrt1052.o(.text) referenced from startup_mimxrt1052.o(RESET)
 <LI><a href="#[7e]">USB_OTG2_IRQHandler</a> from startup_mimxrt1052.o(.text) referenced from startup_mimxrt1052.o(RESET)
 <LI><a href="#[4f]">USB_PHY1_IRQHandler</a> from startup_mimxrt1052.o(.text) referenced from startup_mimxrt1052.o(RESET)
 <LI><a href="#[50]">USB_PHY2_IRQHandler</a> from startup_mimxrt1052.o(.text) referenced from startup_mimxrt1052.o(RESET)
 <LI><a href="#[d5]">USDHC1_DriverIRQHandler</a> from fsl_usdhc.o(i.USDHC1_DriverIRQHandler) referenced from startup_mimxrt1052.o(.text)
 <LI><a href="#[7c]">USDHC1_IRQHandler</a> from startup_mimxrt1052.o(.text) referenced from startup_mimxrt1052.o(RESET)
 <LI><a href="#[d6]">USDHC2_DriverIRQHandler</a> from fsl_usdhc.o(i.USDHC2_DriverIRQHandler) referenced from startup_mimxrt1052.o(.text)
 <LI><a href="#[7d]">USDHC2_IRQHandler</a> from startup_mimxrt1052.o(.text) referenced from startup_mimxrt1052.o(RESET)
 <LI><a href="#[9]">UsageFault_Handler</a> from startup_mimxrt1052.o(.text) referenced from startup_mimxrt1052.o(RESET)
 <LI><a href="#[6a]">WDOG1_IRQHandler</a> from startup_mimxrt1052.o(.text) referenced from startup_mimxrt1052.o(RESET)
 <LI><a href="#[3b]">WDOG2_IRQHandler</a> from startup_mimxrt1052.o(.text) referenced from startup_mimxrt1052.o(RESET)
 <LI><a href="#[82]">XBAR1_IRQ_0_1_IRQHandler</a> from startup_mimxrt1052.o(.text) referenced from startup_mimxrt1052.o(RESET)
 <LI><a href="#[83]">XBAR1_IRQ_2_3_IRQHandler</a> from startup_mimxrt1052.o(.text) referenced from startup_mimxrt1052.o(RESET)
 <LI><a href="#[a9]">__main</a> from entry.o(.ARM.Collect$$$$00000000) referenced from startup_mimxrt1052.o(.text)
 <LI><a href="#[da]">_sbackspace</a> from _sgetc.o(.text) referenced 2 times from __0sscanf.o(.text)
 <LI><a href="#[db]">_scanf_char_input</a> from scanf_char.o(.text) referenced from scanf_char.o(.text)
 <LI><a href="#[d9]">_sgetc</a> from _sgetc.o(.text) referenced 2 times from __0sscanf.o(.text)
 <LI><a href="#[e5]">_sputc</a> from printfa.o(i._sputc) referenced from printfa.o(i.__0sprintf)
 <LI><a href="#[2]">free</a> from mallocr2.o(i.__free$realloc$2region) referenced 2 times from cjson.o(.data)
 <LI><a href="#[dc]">isspace</a> from isspace_c.o(.text) referenced 2 times from scanf_char.o(.text)
 <LI><a href="#[a7]">main</a> from main.o(i.main) referenced from entry9a.o(.ARM.Collect$$$$0000000B)
 <LI><a href="#[1]">malloc</a> from mallocr2.o(i.__malloc$realloc$2region) referenced 2 times from cjson.o(.data)
 <LI><a href="#[e8]">prvIdleTask</a> from tasks.o(i.prvIdleTask) referenced from tasks.o(i.vTaskStartScheduler)
 <LI><a href="#[e7]">prvTaskExitError</a> from port.o(i.prvTaskExitError) referenced from port.o(i.pxPortInitialiseStack)
 <LI><a href="#[ea]">prvTimerTask</a> from timers.o(i.prvTimerTask) referenced from timers.o(i.xTimerCreateTimerTask)
 <LI><a href="#[3]">realloc</a> from mallocr2.o(i.__realloc$2region) referenced 2 times from cjson.o(.data)
 <LI><a href="#[e9]">vEventGroupSetBitsCallback</a> from event_groups.o(i.vEventGroupSetBitsCallback) referenced from event_groups.o(i.xEventGroupSetBitsFromISR)
</UL>
<P>
<H3>
Global Symbols
</H3>
<P><STRONG><a name="[a9]"></a>__main</STRONG> (Thumb, 0 bytes, Stack size unknown bytes, entry.o(.ARM.Collect$$$$00000000))
<BR>[Address Reference Count : 1]<UL><LI> startup_mimxrt1052.o(.text)
</UL>
<P><STRONG><a name="[261]"></a>_main_stk</STRONG> (Thumb, 0 bytes, Stack size unknown bytes, entry4.o(.ARM.Collect$$$$00000003))

<P><STRONG><a name="[25d]"></a>_main_scatterload</STRONG> (Thumb, 0 bytes, Stack size unknown bytes, entry5.o(.ARM.Collect$$$$00000004))
<BR><BR>[Calls]<UL><LI><a href="#[25e]">&gt;&gt;</a>&nbsp;&nbsp;&nbsp;__scatterload
</UL>

<P><STRONG><a name="[25f]"></a>__main_after_scatterload</STRONG> (Thumb, 0 bytes, Stack size unknown bytes, entry5.o(.ARM.Collect$$$$00000004))
<BR><BR>[Called By]<UL><LI><a href="#[25e]">&gt;&gt;</a>&nbsp;&nbsp;&nbsp;__scatterload
</UL>

<P><STRONG><a name="[262]"></a>_main_clock</STRONG> (Thumb, 0 bytes, Stack size unknown bytes, entry7b.o(.ARM.Collect$$$$00000008))

<P><STRONG><a name="[263]"></a>_main_cpp_init</STRONG> (Thumb, 0 bytes, Stack size unknown bytes, entry8b.o(.ARM.Collect$$$$0000000A))

<P><STRONG><a name="[264]"></a>_main_init</STRONG> (Thumb, 0 bytes, Stack size unknown bytes, entry9a.o(.ARM.Collect$$$$0000000B))

<P><STRONG><a name="[265]"></a>__rt_final_cpp</STRONG> (Thumb, 0 bytes, Stack size unknown bytes, entry10a.o(.ARM.Collect$$$$0000000D))

<P><STRONG><a name="[266]"></a>__rt_final_exit</STRONG> (Thumb, 0 bytes, Stack size unknown bytes, entry11a.o(.ARM.Collect$$$$0000000F))

<P><STRONG><a name="[4]"></a>Reset_Handler</STRONG> (Thumb, 24 bytes, Stack size 0 bytes, startup_mimxrt1052.o(.text))
<BR>[Address Reference Count : 1]<UL><LI> startup_mimxrt1052.o(RESET)
</UL>
<P><STRONG><a name="[5]"></a>NMI_Handler</STRONG> (Thumb, 2 bytes, Stack size 0 bytes, startup_mimxrt1052.o(.text))
<BR><BR>[Calls]<UL><LI><a href="#[5]">&gt;&gt;</a>&nbsp;&nbsp;&nbsp;NMI_Handler
</UL>
<BR>[Called By]<UL><LI><a href="#[5]">&gt;&gt;</a>&nbsp;&nbsp;&nbsp;NMI_Handler
</UL>
<BR>[Address Reference Count : 1]<UL><LI> startup_mimxrt1052.o(RESET)
</UL>
<P><STRONG><a name="[6]"></a>HardFault_Handler</STRONG> (Thumb, 2 bytes, Stack size 0 bytes, startup_mimxrt1052.o(.text))
<BR><BR>[Calls]<UL><LI><a href="#[6]">&gt;&gt;</a>&nbsp;&nbsp;&nbsp;HardFault_Handler
</UL>
<BR>[Called By]<UL><LI><a href="#[6]">&gt;&gt;</a>&nbsp;&nbsp;&nbsp;HardFault_Handler
</UL>
<BR>[Address Reference Count : 1]<UL><LI> startup_mimxrt1052.o(RESET)
</UL>
<P><STRONG><a name="[7]"></a>MemManage_Handler</STRONG> (Thumb, 2 bytes, Stack size 0 bytes, startup_mimxrt1052.o(.text))
<BR><BR>[Calls]<UL><LI><a href="#[7]">&gt;&gt;</a>&nbsp;&nbsp;&nbsp;MemManage_Handler
</UL>
<BR>[Called By]<UL><LI><a href="#[7]">&gt;&gt;</a>&nbsp;&nbsp;&nbsp;MemManage_Handler
</UL>
<BR>[Address Reference Count : 1]<UL><LI> startup_mimxrt1052.o(RESET)
</UL>
<P><STRONG><a name="[8]"></a>BusFault_Handler</STRONG> (Thumb, 2 bytes, Stack size 0 bytes, startup_mimxrt1052.o(.text))
<BR><BR>[Calls]<UL><LI><a href="#[8]">&gt;&gt;</a>&nbsp;&nbsp;&nbsp;BusFault_Handler
</UL>
<BR>[Called By]<UL><LI><a href="#[8]">&gt;&gt;</a>&nbsp;&nbsp;&nbsp;BusFault_Handler
</UL>
<BR>[Address Reference Count : 1]<UL><LI> startup_mimxrt1052.o(RESET)
</UL>
<P><STRONG><a name="[9]"></a>UsageFault_Handler</STRONG> (Thumb, 2 bytes, Stack size 0 bytes, startup_mimxrt1052.o(.text))
<BR><BR>[Calls]<UL><LI><a href="#[9]">&gt;&gt;</a>&nbsp;&nbsp;&nbsp;UsageFault_Handler
</UL>
<BR>[Called By]<UL><LI><a href="#[9]">&gt;&gt;</a>&nbsp;&nbsp;&nbsp;UsageFault_Handler
</UL>
<BR>[Address Reference Count : 1]<UL><LI> startup_mimxrt1052.o(RESET)
</UL>
<P><STRONG><a name="[b]"></a>DebugMon_Handler</STRONG> (Thumb, 2 bytes, Stack size 0 bytes, startup_mimxrt1052.o(.text))
<BR><BR>[Calls]<UL><LI><a href="#[b]">&gt;&gt;</a>&nbsp;&nbsp;&nbsp;DebugMon_Handler
</UL>
<BR>[Called By]<UL><LI><a href="#[b]">&gt;&gt;</a>&nbsp;&nbsp;&nbsp;DebugMon_Handler
</UL>
<BR>[Address Reference Count : 1]<UL><LI> startup_mimxrt1052.o(RESET)
</UL>
<P><STRONG><a name="[e]"></a>DMA0_DMA16_IRQHandler</STRONG> (Thumb, 4 bytes, Stack size 0 bytes, startup_mimxrt1052.o(.text))
<BR>[Address Reference Count : 1]<UL><LI> startup_mimxrt1052.o(RESET)
</UL>
<P><STRONG><a name="[f]"></a>DMA1_DMA17_IRQHandler</STRONG> (Thumb, 4 bytes, Stack size 0 bytes, startup_mimxrt1052.o(.text))
<BR>[Address Reference Count : 1]<UL><LI> startup_mimxrt1052.o(RESET)
</UL>
<P><STRONG><a name="[10]"></a>DMA2_DMA18_IRQHandler</STRONG> (Thumb, 4 bytes, Stack size 0 bytes, startup_mimxrt1052.o(.text))
<BR>[Address Reference Count : 1]<UL><LI> startup_mimxrt1052.o(RESET)
</UL>
<P><STRONG><a name="[11]"></a>DMA3_DMA19_IRQHandler</STRONG> (Thumb, 4 bytes, Stack size 0 bytes, startup_mimxrt1052.o(.text))
<BR>[Address Reference Count : 1]<UL><LI> startup_mimxrt1052.o(RESET)
</UL>
<P><STRONG><a name="[12]"></a>DMA4_DMA20_IRQHandler</STRONG> (Thumb, 4 bytes, Stack size 0 bytes, startup_mimxrt1052.o(.text))
<BR>[Address Reference Count : 1]<UL><LI> startup_mimxrt1052.o(RESET)
</UL>
<P><STRONG><a name="[13]"></a>DMA5_DMA21_IRQHandler</STRONG> (Thumb, 4 bytes, Stack size 0 bytes, startup_mimxrt1052.o(.text))
<BR>[Address Reference Count : 1]<UL><LI> startup_mimxrt1052.o(RESET)
</UL>
<P><STRONG><a name="[14]"></a>DMA6_DMA22_IRQHandler</STRONG> (Thumb, 4 bytes, Stack size 0 bytes, startup_mimxrt1052.o(.text))
<BR>[Address Reference Count : 1]<UL><LI> startup_mimxrt1052.o(RESET)
</UL>
<P><STRONG><a name="[15]"></a>DMA7_DMA23_IRQHandler</STRONG> (Thumb, 4 bytes, Stack size 0 bytes, startup_mimxrt1052.o(.text))
<BR>[Address Reference Count : 1]<UL><LI> startup_mimxrt1052.o(RESET)
</UL>
<P><STRONG><a name="[16]"></a>DMA8_DMA24_IRQHandler</STRONG> (Thumb, 4 bytes, Stack size 0 bytes, startup_mimxrt1052.o(.text))
<BR>[Address Reference Count : 1]<UL><LI> startup_mimxrt1052.o(RESET)
</UL>
<P><STRONG><a name="[17]"></a>DMA9_DMA25_IRQHandler</STRONG> (Thumb, 4 bytes, Stack size 0 bytes, startup_mimxrt1052.o(.text))
<BR>[Address Reference Count : 1]<UL><LI> startup_mimxrt1052.o(RESET)
</UL>
<P><STRONG><a name="[18]"></a>DMA10_DMA26_IRQHandler</STRONG> (Thumb, 4 bytes, Stack size 0 bytes, startup_mimxrt1052.o(.text))
<BR>[Address Reference Count : 1]<UL><LI> startup_mimxrt1052.o(RESET)
</UL>
<P><STRONG><a name="[19]"></a>DMA11_DMA27_IRQHandler</STRONG> (Thumb, 4 bytes, Stack size 0 bytes, startup_mimxrt1052.o(.text))
<BR>[Address Reference Count : 1]<UL><LI> startup_mimxrt1052.o(RESET)
</UL>
<P><STRONG><a name="[1a]"></a>DMA12_DMA28_IRQHandler</STRONG> (Thumb, 4 bytes, Stack size 0 bytes, startup_mimxrt1052.o(.text))
<BR>[Address Reference Count : 1]<UL><LI> startup_mimxrt1052.o(RESET)
</UL>
<P><STRONG><a name="[1b]"></a>DMA13_DMA29_IRQHandler</STRONG> (Thumb, 4 bytes, Stack size 0 bytes, startup_mimxrt1052.o(.text))
<BR>[Address Reference Count : 1]<UL><LI> startup_mimxrt1052.o(RESET)
</UL>
<P><STRONG><a name="[1c]"></a>DMA14_DMA30_IRQHandler</STRONG> (Thumb, 4 bytes, Stack size 0 bytes, startup_mimxrt1052.o(.text))
<BR>[Address Reference Count : 1]<UL><LI> startup_mimxrt1052.o(RESET)
</UL>
<P><STRONG><a name="[1d]"></a>DMA15_DMA31_IRQHandler</STRONG> (Thumb, 4 bytes, Stack size 0 bytes, startup_mimxrt1052.o(.text))
<BR>[Address Reference Count : 1]<UL><LI> startup_mimxrt1052.o(RESET)
</UL>
<P><STRONG><a name="[1e]"></a>DMA_ERROR_IRQHandler</STRONG> (Thumb, 4 bytes, Stack size 0 bytes, startup_mimxrt1052.o(.text))
<BR>[Address Reference Count : 1]<UL><LI> startup_mimxrt1052.o(RESET)
</UL>
<P><STRONG><a name="[27]"></a>LPUART6_IRQHandler</STRONG> (Thumb, 4 bytes, Stack size 0 bytes, startup_mimxrt1052.o(.text))
<BR>[Address Reference Count : 1]<UL><LI> startup_mimxrt1052.o(RESET)
</UL>
<P><STRONG><a name="[28]"></a>LPUART7_IRQHandler</STRONG> (Thumb, 4 bytes, Stack size 0 bytes, startup_mimxrt1052.o(.text))
<BR>[Address Reference Count : 1]<UL><LI> startup_mimxrt1052.o(RESET)
</UL>
<P><STRONG><a name="[29]"></a>LPUART8_IRQHandler</STRONG> (Thumb, 4 bytes, Stack size 0 bytes, startup_mimxrt1052.o(.text))
<BR>[Address Reference Count : 1]<UL><LI> startup_mimxrt1052.o(RESET)
</UL>
<P><STRONG><a name="[2a]"></a>LPI2C1_IRQHandler</STRONG> (Thumb, 4 bytes, Stack size 0 bytes, startup_mimxrt1052.o(.text))
<BR>[Address Reference Count : 1]<UL><LI> startup_mimxrt1052.o(RESET)
</UL>
<P><STRONG><a name="[2b]"></a>LPI2C2_IRQHandler</STRONG> (Thumb, 4 bytes, Stack size 0 bytes, startup_mimxrt1052.o(.text))
<BR>[Address Reference Count : 1]<UL><LI> startup_mimxrt1052.o(RESET)
</UL>
<P><STRONG><a name="[2c]"></a>LPI2C3_IRQHandler</STRONG> (Thumb, 4 bytes, Stack size 0 bytes, startup_mimxrt1052.o(.text))
<BR>[Address Reference Count : 1]<UL><LI> startup_mimxrt1052.o(RESET)
</UL>
<P><STRONG><a name="[2d]"></a>LPI2C4_IRQHandler</STRONG> (Thumb, 4 bytes, Stack size 0 bytes, startup_mimxrt1052.o(.text))
<BR>[Address Reference Count : 1]<UL><LI> startup_mimxrt1052.o(RESET)
</UL>
<P><STRONG><a name="[2e]"></a>LPSPI1_IRQHandler</STRONG> (Thumb, 4 bytes, Stack size 0 bytes, startup_mimxrt1052.o(.text))
<BR>[Address Reference Count : 1]<UL><LI> startup_mimxrt1052.o(RESET)
</UL>
<P><STRONG><a name="[2f]"></a>LPSPI2_IRQHandler</STRONG> (Thumb, 4 bytes, Stack size 0 bytes, startup_mimxrt1052.o(.text))
<BR>[Address Reference Count : 1]<UL><LI> startup_mimxrt1052.o(RESET)
</UL>
<P><STRONG><a name="[30]"></a>LPSPI3_IRQHandler</STRONG> (Thumb, 4 bytes, Stack size 0 bytes, startup_mimxrt1052.o(.text))
<BR>[Address Reference Count : 1]<UL><LI> startup_mimxrt1052.o(RESET)
</UL>
<P><STRONG><a name="[31]"></a>LPSPI4_IRQHandler</STRONG> (Thumb, 4 bytes, Stack size 0 bytes, startup_mimxrt1052.o(.text))
<BR>[Address Reference Count : 1]<UL><LI> startup_mimxrt1052.o(RESET)
</UL>
<P><STRONG><a name="[32]"></a>CAN1_IRQHandler</STRONG> (Thumb, 4 bytes, Stack size 0 bytes, startup_mimxrt1052.o(.text))
<BR>[Address Reference Count : 1]<UL><LI> startup_mimxrt1052.o(RESET)
</UL>
<P><STRONG><a name="[33]"></a>CAN2_IRQHandler</STRONG> (Thumb, 4 bytes, Stack size 0 bytes, startup_mimxrt1052.o(.text))
<BR>[Address Reference Count : 1]<UL><LI> startup_mimxrt1052.o(RESET)
</UL>
<P><STRONG><a name="[46]"></a>SAI1_IRQHandler</STRONG> (Thumb, 4 bytes, Stack size 0 bytes, startup_mimxrt1052.o(.text))
<BR>[Address Reference Count : 1]<UL><LI> startup_mimxrt1052.o(RESET)
</UL>
<P><STRONG><a name="[47]"></a>SAI2_IRQHandler</STRONG> (Thumb, 4 bytes, Stack size 0 bytes, startup_mimxrt1052.o(.text))
<BR>[Address Reference Count : 1]<UL><LI> startup_mimxrt1052.o(RESET)
</UL>
<P><STRONG><a name="[48]"></a>SAI3_RX_IRQHandler</STRONG> (Thumb, 4 bytes, Stack size 0 bytes, startup_mimxrt1052.o(.text))
<BR>[Address Reference Count : 1]<UL><LI> startup_mimxrt1052.o(RESET)
</UL>
<P><STRONG><a name="[49]"></a>SAI3_TX_IRQHandler</STRONG> (Thumb, 4 bytes, Stack size 0 bytes, startup_mimxrt1052.o(.text))
<BR>[Address Reference Count : 1]<UL><LI> startup_mimxrt1052.o(RESET)
</UL>
<P><STRONG><a name="[4a]"></a>SPDIF_IRQHandler</STRONG> (Thumb, 4 bytes, Stack size 0 bytes, startup_mimxrt1052.o(.text))
<BR>[Address Reference Count : 1]<UL><LI> startup_mimxrt1052.o(RESET)
</UL>
<P><STRONG><a name="[68]"></a>FLEXIO1_IRQHandler</STRONG> (Thumb, 4 bytes, Stack size 0 bytes, startup_mimxrt1052.o(.text))
<BR>[Address Reference Count : 1]<UL><LI> startup_mimxrt1052.o(RESET)
</UL>
<P><STRONG><a name="[69]"></a>FLEXIO2_IRQHandler</STRONG> (Thumb, 4 bytes, Stack size 0 bytes, startup_mimxrt1052.o(.text))
<BR>[Address Reference Count : 1]<UL><LI> startup_mimxrt1052.o(RESET)
</UL>
<P><STRONG><a name="[7a]"></a>FLEXSPI_IRQHandler</STRONG> (Thumb, 4 bytes, Stack size 0 bytes, startup_mimxrt1052.o(.text))
<BR>[Address Reference Count : 1]<UL><LI> startup_mimxrt1052.o(RESET)
</UL>
<P><STRONG><a name="[7c]"></a>USDHC1_IRQHandler</STRONG> (Thumb, 4 bytes, Stack size 0 bytes, startup_mimxrt1052.o(.text))
<BR>[Address Reference Count : 1]<UL><LI> startup_mimxrt1052.o(RESET)
</UL>
<P><STRONG><a name="[7d]"></a>USDHC2_IRQHandler</STRONG> (Thumb, 4 bytes, Stack size 0 bytes, startup_mimxrt1052.o(.text))
<BR>[Address Reference Count : 1]<UL><LI> startup_mimxrt1052.o(RESET)
</UL>
<P><STRONG><a name="[80]"></a>ENET_IRQHandler</STRONG> (Thumb, 4 bytes, Stack size 0 bytes, startup_mimxrt1052.o(.text))
<BR>[Address Reference Count : 1]<UL><LI> startup_mimxrt1052.o(RESET)
</UL>
<P><STRONG><a name="[81]"></a>ENET_1588_Timer_IRQHandler</STRONG> (Thumb, 4 bytes, Stack size 0 bytes, startup_mimxrt1052.o(.text))
<BR>[Address Reference Count : 1]<UL><LI> startup_mimxrt1052.o(RESET)
</UL>
<P><STRONG><a name="[89]"></a>ACMP1_IRQHandler</STRONG> (Thumb, 0 bytes, Stack size 0 bytes, startup_mimxrt1052.o(.text))
<BR>[Address Reference Count : 1]<UL><LI> startup_mimxrt1052.o(RESET)
</UL>
<P><STRONG><a name="[8a]"></a>ACMP2_IRQHandler</STRONG> (Thumb, 0 bytes, Stack size 0 bytes, startup_mimxrt1052.o(.text))
<BR>[Address Reference Count : 1]<UL><LI> startup_mimxrt1052.o(RESET)
</UL>
<P><STRONG><a name="[8b]"></a>ACMP3_IRQHandler</STRONG> (Thumb, 0 bytes, Stack size 0 bytes, startup_mimxrt1052.o(.text))
<BR>[Address Reference Count : 1]<UL><LI> startup_mimxrt1052.o(RESET)
</UL>
<P><STRONG><a name="[8c]"></a>ACMP4_IRQHandler</STRONG> (Thumb, 0 bytes, Stack size 0 bytes, startup_mimxrt1052.o(.text))
<BR>[Address Reference Count : 1]<UL><LI> startup_mimxrt1052.o(RESET)
</UL>
<P><STRONG><a name="[51]"></a>ADC1_IRQHandler</STRONG> (Thumb, 0 bytes, Stack size 0 bytes, startup_mimxrt1052.o(.text))
<BR>[Address Reference Count : 1]<UL><LI> startup_mimxrt1052.o(RESET)
</UL>
<P><STRONG><a name="[52]"></a>ADC2_IRQHandler</STRONG> (Thumb, 0 bytes, Stack size 0 bytes, startup_mimxrt1052.o(.text))
<BR>[Address Reference Count : 1]<UL><LI> startup_mimxrt1052.o(RESET)
</UL>
<P><STRONG><a name="[87]"></a>ADC_ETC_ERROR_IRQ_IRQHandler</STRONG> (Thumb, 0 bytes, Stack size 0 bytes, startup_mimxrt1052.o(.text))
<BR>[Address Reference Count : 1]<UL><LI> startup_mimxrt1052.o(RESET)
</UL>
<P><STRONG><a name="[85]"></a>ADC_ETC_IRQ1_IRQHandler</STRONG> (Thumb, 0 bytes, Stack size 0 bytes, startup_mimxrt1052.o(.text))
<BR>[Address Reference Count : 1]<UL><LI> startup_mimxrt1052.o(RESET)
</UL>
<P><STRONG><a name="[86]"></a>ADC_ETC_IRQ2_IRQHandler</STRONG> (Thumb, 0 bytes, Stack size 0 bytes, startup_mimxrt1052.o(.text))
<BR>[Address Reference Count : 1]<UL><LI> startup_mimxrt1052.o(RESET)
</UL>
<P><STRONG><a name="[45]"></a>BEE_IRQHandler</STRONG> (Thumb, 0 bytes, Stack size 0 bytes, startup_mimxrt1052.o(.text))
<BR>[Address Reference Count : 1]<UL><LI> startup_mimxrt1052.o(RESET)
</UL>
<P><STRONG><a name="[cb]"></a>CAN1_DriverIRQHandler</STRONG> (Thumb, 0 bytes, Stack size 0 bytes, startup_mimxrt1052.o(.text))
<BR>[Address Reference Count : 1]<UL><LI> startup_mimxrt1052.o(.text)
</UL>
<P><STRONG><a name="[cc]"></a>CAN2_DriverIRQHandler</STRONG> (Thumb, 0 bytes, Stack size 0 bytes, startup_mimxrt1052.o(.text))
<BR>[Address Reference Count : 1]<UL><LI> startup_mimxrt1052.o(.text)
</UL>
<P><STRONG><a name="[6d]"></a>CCM_1_IRQHandler</STRONG> (Thumb, 0 bytes, Stack size 0 bytes, startup_mimxrt1052.o(.text))
<BR>[Address Reference Count : 1]<UL><LI> startup_mimxrt1052.o(RESET)
</UL>
<P><STRONG><a name="[6e]"></a>CCM_2_IRQHandler</STRONG> (Thumb, 0 bytes, Stack size 0 bytes, startup_mimxrt1052.o(.text))
<BR>[Address Reference Count : 1]<UL><LI> startup_mimxrt1052.o(RESET)
</UL>
<P><STRONG><a name="[21]"></a>CORE_IRQHandler</STRONG> (Thumb, 0 bytes, Stack size 0 bytes, startup_mimxrt1052.o(.text))
<BR>[Address Reference Count : 1]<UL><LI> startup_mimxrt1052.o(RESET)
</UL>
<P><STRONG><a name="[39]"></a>CSI_IRQHandler</STRONG> (Thumb, 0 bytes, Stack size 0 bytes, startup_mimxrt1052.o(.text))
<BR>[Address Reference Count : 1]<UL><LI> startup_mimxrt1052.o(RESET)
</UL>
<P><STRONG><a name="[3f]"></a>CSU_IRQHandler</STRONG> (Thumb, 0 bytes, Stack size 0 bytes, startup_mimxrt1052.o(.text))
<BR>[Address Reference Count : 1]<UL><LI> startup_mimxrt1052.o(RESET)
</UL>
<P><STRONG><a name="[1f]"></a>CTI0_ERROR_IRQHandler</STRONG> (Thumb, 0 bytes, Stack size 0 bytes, startup_mimxrt1052.o(.text))
<BR>[Address Reference Count : 1]<UL><LI> startup_mimxrt1052.o(RESET)
</UL>
<P><STRONG><a name="[20]"></a>CTI1_ERROR_IRQHandler</STRONG> (Thumb, 0 bytes, Stack size 0 bytes, startup_mimxrt1052.o(.text))
<BR>[Address Reference Count : 1]<UL><LI> startup_mimxrt1052.o(RESET)
</UL>
<P><STRONG><a name="[53]"></a>DCDC_IRQHandler</STRONG> (Thumb, 0 bytes, Stack size 0 bytes, startup_mimxrt1052.o(.text))
<BR>[Address Reference Count : 1]<UL><LI> startup_mimxrt1052.o(RESET)
</UL>
<P><STRONG><a name="[40]"></a>DCP_IRQHandler</STRONG> (Thumb, 0 bytes, Stack size 0 bytes, startup_mimxrt1052.o(.text))
<BR>[Address Reference Count : 1]<UL><LI> startup_mimxrt1052.o(RESET)
</UL>
<P><STRONG><a name="[41]"></a>DCP_VMI_IRQHandler</STRONG> (Thumb, 0 bytes, Stack size 0 bytes, startup_mimxrt1052.o(.text))
<BR>[Address Reference Count : 1]<UL><LI> startup_mimxrt1052.o(RESET)
</UL>
<P><STRONG><a name="[ba]"></a>DMA_ERROR_DriverIRQHandler</STRONG> (Thumb, 0 bytes, Stack size 0 bytes, startup_mimxrt1052.o(.text))
<BR>[Address Reference Count : 1]<UL><LI> startup_mimxrt1052.o(.text)
</UL>
<P><STRONG><a name="[a6]"></a>DefaultISR</STRONG> (Thumb, 0 bytes, Stack size 0 bytes, startup_mimxrt1052.o(.text))
<BR>[Address Reference Count : 2]<UL><LI> startup_mimxrt1052.o(RESET)
<LI> startup_mimxrt1052.o(.text)
</UL>
<P><STRONG><a name="[8f]"></a>ENC1_IRQHandler</STRONG> (Thumb, 0 bytes, Stack size 0 bytes, startup_mimxrt1052.o(.text))
<BR>[Address Reference Count : 1]<UL><LI> startup_mimxrt1052.o(RESET)
</UL>
<P><STRONG><a name="[90]"></a>ENC2_IRQHandler</STRONG> (Thumb, 0 bytes, Stack size 0 bytes, startup_mimxrt1052.o(.text))
<BR>[Address Reference Count : 1]<UL><LI> startup_mimxrt1052.o(RESET)
</UL>
<P><STRONG><a name="[91]"></a>ENC3_IRQHandler</STRONG> (Thumb, 0 bytes, Stack size 0 bytes, startup_mimxrt1052.o(.text))
<BR>[Address Reference Count : 1]<UL><LI> startup_mimxrt1052.o(RESET)
</UL>
<P><STRONG><a name="[92]"></a>ENC4_IRQHandler</STRONG> (Thumb, 0 bytes, Stack size 0 bytes, startup_mimxrt1052.o(.text))
<BR>[Address Reference Count : 1]<UL><LI> startup_mimxrt1052.o(RESET)
</UL>
<P><STRONG><a name="[d8]"></a>ENET_1588_Timer_DriverIRQHandler</STRONG> (Thumb, 0 bytes, Stack size 0 bytes, startup_mimxrt1052.o(.text))
<BR>[Address Reference Count : 1]<UL><LI> startup_mimxrt1052.o(.text)
</UL>
<P><STRONG><a name="[d7]"></a>ENET_DriverIRQHandler</STRONG> (Thumb, 0 bytes, Stack size 0 bytes, startup_mimxrt1052.o(.text))
<BR>[Address Reference Count : 1]<UL><LI> startup_mimxrt1052.o(.text)
</UL>
<P><STRONG><a name="[6c]"></a>EWM_IRQHandler</STRONG> (Thumb, 0 bytes, Stack size 0 bytes, startup_mimxrt1052.o(.text))
<BR>[Address Reference Count : 1]<UL><LI> startup_mimxrt1052.o(RESET)
</UL>
<P><STRONG><a name="[d2]"></a>FLEXIO1_DriverIRQHandler</STRONG> (Thumb, 0 bytes, Stack size 0 bytes, startup_mimxrt1052.o(.text))
<BR>[Address Reference Count : 1]<UL><LI> startup_mimxrt1052.o(.text)
</UL>
<P><STRONG><a name="[d3]"></a>FLEXIO2_DriverIRQHandler</STRONG> (Thumb, 0 bytes, Stack size 0 bytes, startup_mimxrt1052.o(.text))
<BR>[Address Reference Count : 1]<UL><LI> startup_mimxrt1052.o(.text)
</UL>
<P><STRONG><a name="[34]"></a>FLEXRAM_IRQHandler</STRONG> (Thumb, 0 bytes, Stack size 0 bytes, startup_mimxrt1052.o(.text))
<BR>[Address Reference Count : 1]<UL><LI> startup_mimxrt1052.o(RESET)
</UL>
<P><STRONG><a name="[d4]"></a>FLEXSPI_DriverIRQHandler</STRONG> (Thumb, 0 bytes, Stack size 0 bytes, startup_mimxrt1052.o(.text))
<BR>[Address Reference Count : 1]<UL><LI> startup_mimxrt1052.o(.text)
</UL>
<P><STRONG><a name="[6f]"></a>GPC_IRQHandler</STRONG> (Thumb, 0 bytes, Stack size 0 bytes, startup_mimxrt1052.o(.text))
<BR>[Address Reference Count : 1]<UL><LI> startup_mimxrt1052.o(RESET)
</UL>
<P><STRONG><a name="[5e]"></a>GPIO1_Combined_0_15_IRQHandler</STRONG> (Thumb, 0 bytes, Stack size 0 bytes, startup_mimxrt1052.o(.text))
<BR>[Address Reference Count : 1]<UL><LI> startup_mimxrt1052.o(RESET)
</UL>
<P><STRONG><a name="[5f]"></a>GPIO1_Combined_16_31_IRQHandler</STRONG> (Thumb, 0 bytes, Stack size 0 bytes, startup_mimxrt1052.o(.text))
<BR>[Address Reference Count : 1]<UL><LI> startup_mimxrt1052.o(RESET)
</UL>
<P><STRONG><a name="[56]"></a>GPIO1_INT0_IRQHandler</STRONG> (Thumb, 0 bytes, Stack size 0 bytes, startup_mimxrt1052.o(.text))
<BR>[Address Reference Count : 1]<UL><LI> startup_mimxrt1052.o(RESET)
</UL>
<P><STRONG><a name="[57]"></a>GPIO1_INT1_IRQHandler</STRONG> (Thumb, 0 bytes, Stack size 0 bytes, startup_mimxrt1052.o(.text))
<BR>[Address Reference Count : 1]<UL><LI> startup_mimxrt1052.o(RESET)
</UL>
<P><STRONG><a name="[58]"></a>GPIO1_INT2_IRQHandler</STRONG> (Thumb, 0 bytes, Stack size 0 bytes, startup_mimxrt1052.o(.text))
<BR>[Address Reference Count : 1]<UL><LI> startup_mimxrt1052.o(RESET)
</UL>
<P><STRONG><a name="[59]"></a>GPIO1_INT3_IRQHandler</STRONG> (Thumb, 0 bytes, Stack size 0 bytes, startup_mimxrt1052.o(.text))
<BR>[Address Reference Count : 1]<UL><LI> startup_mimxrt1052.o(RESET)
</UL>
<P><STRONG><a name="[5a]"></a>GPIO1_INT4_IRQHandler</STRONG> (Thumb, 0 bytes, Stack size 0 bytes, startup_mimxrt1052.o(.text))
<BR>[Address Reference Count : 1]<UL><LI> startup_mimxrt1052.o(RESET)
</UL>
<P><STRONG><a name="[5b]"></a>GPIO1_INT5_IRQHandler</STRONG> (Thumb, 0 bytes, Stack size 0 bytes, startup_mimxrt1052.o(.text))
<BR>[Address Reference Count : 1]<UL><LI> startup_mimxrt1052.o(RESET)
</UL>
<P><STRONG><a name="[5c]"></a>GPIO1_INT6_IRQHandler</STRONG> (Thumb, 0 bytes, Stack size 0 bytes, startup_mimxrt1052.o(.text))
<BR>[Address Reference Count : 1]<UL><LI> startup_mimxrt1052.o(RESET)
</UL>
<P><STRONG><a name="[5d]"></a>GPIO1_INT7_IRQHandler</STRONG> (Thumb, 0 bytes, Stack size 0 bytes, startup_mimxrt1052.o(.text))
<BR>[Address Reference Count : 1]<UL><LI> startup_mimxrt1052.o(RESET)
</UL>
<P><STRONG><a name="[62]"></a>GPIO3_Combined_0_15_IRQHandler</STRONG> (Thumb, 0 bytes, Stack size 0 bytes, startup_mimxrt1052.o(.text))
<BR>[Address Reference Count : 1]<UL><LI> startup_mimxrt1052.o(RESET)
</UL>
<P><STRONG><a name="[63]"></a>GPIO3_Combined_16_31_IRQHandler</STRONG> (Thumb, 0 bytes, Stack size 0 bytes, startup_mimxrt1052.o(.text))
<BR>[Address Reference Count : 1]<UL><LI> startup_mimxrt1052.o(RESET)
</UL>
<P><STRONG><a name="[64]"></a>GPIO4_Combined_0_15_IRQHandler</STRONG> (Thumb, 0 bytes, Stack size 0 bytes, startup_mimxrt1052.o(.text))
<BR>[Address Reference Count : 1]<UL><LI> startup_mimxrt1052.o(RESET)
</UL>
<P><STRONG><a name="[65]"></a>GPIO4_Combined_16_31_IRQHandler</STRONG> (Thumb, 0 bytes, Stack size 0 bytes, startup_mimxrt1052.o(.text))
<BR>[Address Reference Count : 1]<UL><LI> startup_mimxrt1052.o(RESET)
</UL>
<P><STRONG><a name="[66]"></a>GPIO5_Combined_0_15_IRQHandler</STRONG> (Thumb, 0 bytes, Stack size 0 bytes, startup_mimxrt1052.o(.text))
<BR>[Address Reference Count : 1]<UL><LI> startup_mimxrt1052.o(RESET)
</UL>
<P><STRONG><a name="[67]"></a>GPIO5_Combined_16_31_IRQHandler</STRONG> (Thumb, 0 bytes, Stack size 0 bytes, startup_mimxrt1052.o(.text))
<BR>[Address Reference Count : 1]<UL><LI> startup_mimxrt1052.o(RESET)
</UL>
<P><STRONG><a name="[37]"></a>GPR_IRQ_IRQHandler</STRONG> (Thumb, 0 bytes, Stack size 0 bytes, startup_mimxrt1052.o(.text))
<BR>[Address Reference Count : 1]<UL><LI> startup_mimxrt1052.o(RESET)
</UL>
<P><STRONG><a name="[72]"></a>GPT1_IRQHandler</STRONG> (Thumb, 0 bytes, Stack size 0 bytes, startup_mimxrt1052.o(.text))
<BR>[Address Reference Count : 1]<UL><LI> startup_mimxrt1052.o(RESET)
</UL>
<P><STRONG><a name="[73]"></a>GPT2_IRQHandler</STRONG> (Thumb, 0 bytes, Stack size 0 bytes, startup_mimxrt1052.o(.text))
<BR>[Address Reference Count : 1]<UL><LI> startup_mimxrt1052.o(RESET)
</UL>
<P><STRONG><a name="[35]"></a>KPP_IRQHandler</STRONG> (Thumb, 0 bytes, Stack size 0 bytes, startup_mimxrt1052.o(.text))
<BR>[Address Reference Count : 1]<UL><LI> startup_mimxrt1052.o(RESET)
</UL>
<P><STRONG><a name="[38]"></a>LCDIF_IRQHandler</STRONG> (Thumb, 0 bytes, Stack size 0 bytes, startup_mimxrt1052.o(.text))
<BR>[Address Reference Count : 1]<UL><LI> startup_mimxrt1052.o(RESET)
</UL>
<P><STRONG><a name="[4b]"></a>PMU_EVENT_IRQHandler</STRONG> (Thumb, 0 bytes, Stack size 0 bytes, startup_mimxrt1052.o(.text))
<BR>[Address Reference Count : 1]<UL><LI> startup_mimxrt1052.o(RESET)
</UL>
<P><STRONG><a name="[74]"></a>PWM1_0_IRQHandler</STRONG> (Thumb, 0 bytes, Stack size 0 bytes, startup_mimxrt1052.o(.text))
<BR>[Address Reference Count : 1]<UL><LI> startup_mimxrt1052.o(RESET)
</UL>
<P><STRONG><a name="[75]"></a>PWM1_1_IRQHandler</STRONG> (Thumb, 0 bytes, Stack size 0 bytes, startup_mimxrt1052.o(.text))
<BR>[Address Reference Count : 1]<UL><LI> startup_mimxrt1052.o(RESET)
</UL>
<P><STRONG><a name="[76]"></a>PWM1_2_IRQHandler</STRONG> (Thumb, 0 bytes, Stack size 0 bytes, startup_mimxrt1052.o(.text))
<BR>[Address Reference Count : 1]<UL><LI> startup_mimxrt1052.o(RESET)
</UL>
<P><STRONG><a name="[77]"></a>PWM1_3_IRQHandler</STRONG> (Thumb, 0 bytes, Stack size 0 bytes, startup_mimxrt1052.o(.text))
<BR>[Address Reference Count : 1]<UL><LI> startup_mimxrt1052.o(RESET)
</UL>
<P><STRONG><a name="[78]"></a>PWM1_FAULT_IRQHandler</STRONG> (Thumb, 0 bytes, Stack size 0 bytes, startup_mimxrt1052.o(.text))
<BR>[Address Reference Count : 1]<UL><LI> startup_mimxrt1052.o(RESET)
</UL>
<P><STRONG><a name="[97]"></a>PWM2_0_IRQHandler</STRONG> (Thumb, 0 bytes, Stack size 0 bytes, startup_mimxrt1052.o(.text))
<BR>[Address Reference Count : 1]<UL><LI> startup_mimxrt1052.o(RESET)
</UL>
<P><STRONG><a name="[98]"></a>PWM2_1_IRQHandler</STRONG> (Thumb, 0 bytes, Stack size 0 bytes, startup_mimxrt1052.o(.text))
<BR>[Address Reference Count : 1]<UL><LI> startup_mimxrt1052.o(RESET)
</UL>
<P><STRONG><a name="[99]"></a>PWM2_2_IRQHandler</STRONG> (Thumb, 0 bytes, Stack size 0 bytes, startup_mimxrt1052.o(.text))
<BR>[Address Reference Count : 1]<UL><LI> startup_mimxrt1052.o(RESET)
</UL>
<P><STRONG><a name="[9a]"></a>PWM2_3_IRQHandler</STRONG> (Thumb, 0 bytes, Stack size 0 bytes, startup_mimxrt1052.o(.text))
<BR>[Address Reference Count : 1]<UL><LI> startup_mimxrt1052.o(RESET)
</UL>
<P><STRONG><a name="[9b]"></a>PWM2_FAULT_IRQHandler</STRONG> (Thumb, 0 bytes, Stack size 0 bytes, startup_mimxrt1052.o(.text))
<BR>[Address Reference Count : 1]<UL><LI> startup_mimxrt1052.o(RESET)
</UL>
<P><STRONG><a name="[9c]"></a>PWM3_0_IRQHandler</STRONG> (Thumb, 0 bytes, Stack size 0 bytes, startup_mimxrt1052.o(.text))
<BR>[Address Reference Count : 1]<UL><LI> startup_mimxrt1052.o(RESET)
</UL>
<P><STRONG><a name="[9d]"></a>PWM3_1_IRQHandler</STRONG> (Thumb, 0 bytes, Stack size 0 bytes, startup_mimxrt1052.o(.text))
<BR>[Address Reference Count : 1]<UL><LI> startup_mimxrt1052.o(RESET)
</UL>
<P><STRONG><a name="[9e]"></a>PWM3_2_IRQHandler</STRONG> (Thumb, 0 bytes, Stack size 0 bytes, startup_mimxrt1052.o(.text))
<BR>[Address Reference Count : 1]<UL><LI> startup_mimxrt1052.o(RESET)
</UL>
<P><STRONG><a name="[9f]"></a>PWM3_3_IRQHandler</STRONG> (Thumb, 0 bytes, Stack size 0 bytes, startup_mimxrt1052.o(.text))
<BR>[Address Reference Count : 1]<UL><LI> startup_mimxrt1052.o(RESET)
</UL>
<P><STRONG><a name="[a0]"></a>PWM3_FAULT_IRQHandler</STRONG> (Thumb, 0 bytes, Stack size 0 bytes, startup_mimxrt1052.o(.text))
<BR>[Address Reference Count : 1]<UL><LI> startup_mimxrt1052.o(RESET)
</UL>
<P><STRONG><a name="[a1]"></a>PWM4_0_IRQHandler</STRONG> (Thumb, 0 bytes, Stack size 0 bytes, startup_mimxrt1052.o(.text))
<BR>[Address Reference Count : 1]<UL><LI> startup_mimxrt1052.o(RESET)
</UL>
<P><STRONG><a name="[a2]"></a>PWM4_1_IRQHandler</STRONG> (Thumb, 0 bytes, Stack size 0 bytes, startup_mimxrt1052.o(.text))
<BR>[Address Reference Count : 1]<UL><LI> startup_mimxrt1052.o(RESET)
</UL>
<P><STRONG><a name="[a3]"></a>PWM4_2_IRQHandler</STRONG> (Thumb, 0 bytes, Stack size 0 bytes, startup_mimxrt1052.o(.text))
<BR>[Address Reference Count : 1]<UL><LI> startup_mimxrt1052.o(RESET)
</UL>
<P><STRONG><a name="[a4]"></a>PWM4_3_IRQHandler</STRONG> (Thumb, 0 bytes, Stack size 0 bytes, startup_mimxrt1052.o(.text))
<BR>[Address Reference Count : 1]<UL><LI> startup_mimxrt1052.o(RESET)
</UL>
<P><STRONG><a name="[a5]"></a>PWM4_FAULT_IRQHandler</STRONG> (Thumb, 0 bytes, Stack size 0 bytes, startup_mimxrt1052.o(.text))
<BR>[Address Reference Count : 1]<UL><LI> startup_mimxrt1052.o(RESET)
</UL>
<P><STRONG><a name="[3a]"></a>PXP_IRQHandler</STRONG> (Thumb, 0 bytes, Stack size 0 bytes, startup_mimxrt1052.o(.text))
<BR>[Address Reference Count : 1]<UL><LI> startup_mimxrt1052.o(RESET)
</UL>
<P><STRONG><a name="[6b]"></a>RTWDOG_IRQHandler</STRONG> (Thumb, 0 bytes, Stack size 0 bytes, startup_mimxrt1052.o(.text))
<BR>[Address Reference Count : 1]<UL><LI> startup_mimxrt1052.o(RESET)
</UL>
<P><STRONG><a name="[71]"></a>Reserved115_IRQHandler</STRONG> (Thumb, 0 bytes, Stack size 0 bytes, startup_mimxrt1052.o(.text))
<BR>[Address Reference Count : 1]<UL><LI> startup_mimxrt1052.o(RESET)
</UL>
<P><STRONG><a name="[79]"></a>Reserved123_IRQHandler</STRONG> (Thumb, 0 bytes, Stack size 0 bytes, startup_mimxrt1052.o(.text))
<BR>[Address Reference Count : 1]<UL><LI> startup_mimxrt1052.o(RESET)
</UL>
<P><STRONG><a name="[8d]"></a>Reserved143_IRQHandler</STRONG> (Thumb, 0 bytes, Stack size 0 bytes, startup_mimxrt1052.o(.text))
<BR>[Address Reference Count : 1]<UL><LI> startup_mimxrt1052.o(RESET)
</UL>
<P><STRONG><a name="[8e]"></a>Reserved144_IRQHandler</STRONG> (Thumb, 0 bytes, Stack size 0 bytes, startup_mimxrt1052.o(.text))
<BR>[Address Reference Count : 1]<UL><LI> startup_mimxrt1052.o(RESET)
</UL>
<P><STRONG><a name="[42]"></a>Reserved68_IRQHandler</STRONG> (Thumb, 0 bytes, Stack size 0 bytes, startup_mimxrt1052.o(.text))
<BR>[Address Reference Count : 1]<UL><LI> startup_mimxrt1052.o(RESET)
</UL>
<P><STRONG><a name="[4c]"></a>Reserved78_IRQHandler</STRONG> (Thumb, 0 bytes, Stack size 0 bytes, startup_mimxrt1052.o(.text))
<BR>[Address Reference Count : 1]<UL><LI> startup_mimxrt1052.o(RESET)
</UL>
<P><STRONG><a name="[54]"></a>Reserved86_IRQHandler</STRONG> (Thumb, 0 bytes, Stack size 0 bytes, startup_mimxrt1052.o(.text))
<BR>[Address Reference Count : 1]<UL><LI> startup_mimxrt1052.o(RESET)
</UL>
<P><STRONG><a name="[55]"></a>Reserved87_IRQHandler</STRONG> (Thumb, 0 bytes, Stack size 0 bytes, startup_mimxrt1052.o(.text))
<BR>[Address Reference Count : 1]<UL><LI> startup_mimxrt1052.o(RESET)
</UL>
<P><STRONG><a name="[cd]"></a>SAI1_DriverIRQHandler</STRONG> (Thumb, 0 bytes, Stack size 0 bytes, startup_mimxrt1052.o(.text))
<BR>[Address Reference Count : 1]<UL><LI> startup_mimxrt1052.o(.text)
</UL>
<P><STRONG><a name="[ce]"></a>SAI2_DriverIRQHandler</STRONG> (Thumb, 0 bytes, Stack size 0 bytes, startup_mimxrt1052.o(.text))
<BR>[Address Reference Count : 1]<UL><LI> startup_mimxrt1052.o(.text)
</UL>
<P><STRONG><a name="[cf]"></a>SAI3_RX_DriverIRQHandler</STRONG> (Thumb, 0 bytes, Stack size 0 bytes, startup_mimxrt1052.o(.text))
<BR>[Address Reference Count : 1]<UL><LI> startup_mimxrt1052.o(.text)
</UL>
<P><STRONG><a name="[d0]"></a>SAI3_TX_DriverIRQHandler</STRONG> (Thumb, 0 bytes, Stack size 0 bytes, startup_mimxrt1052.o(.text))
<BR>[Address Reference Count : 1]<UL><LI> startup_mimxrt1052.o(.text)
</UL>
<P><STRONG><a name="[7b]"></a>SEMC_IRQHandler</STRONG> (Thumb, 0 bytes, Stack size 0 bytes, startup_mimxrt1052.o(.text))
<BR>[Address Reference Count : 1]<UL><LI> startup_mimxrt1052.o(RESET)
</UL>
<P><STRONG><a name="[44]"></a>SJC_IRQHandler</STRONG> (Thumb, 0 bytes, Stack size 0 bytes, startup_mimxrt1052.o(.text))
<BR>[Address Reference Count : 1]<UL><LI> startup_mimxrt1052.o(RESET)
</UL>
<P><STRONG><a name="[3c]"></a>SNVS_HP_WRAPPER_IRQHandler</STRONG> (Thumb, 0 bytes, Stack size 0 bytes, startup_mimxrt1052.o(.text))
<BR>[Address Reference Count : 1]<UL><LI> startup_mimxrt1052.o(RESET)
</UL>
<P><STRONG><a name="[3d]"></a>SNVS_HP_WRAPPER_TZ_IRQHandler</STRONG> (Thumb, 0 bytes, Stack size 0 bytes, startup_mimxrt1052.o(.text))
<BR>[Address Reference Count : 1]<UL><LI> startup_mimxrt1052.o(RESET)
</UL>
<P><STRONG><a name="[3e]"></a>SNVS_LP_WRAPPER_IRQHandler</STRONG> (Thumb, 0 bytes, Stack size 0 bytes, startup_mimxrt1052.o(.text))
<BR>[Address Reference Count : 1]<UL><LI> startup_mimxrt1052.o(RESET)
</UL>
<P><STRONG><a name="[d1]"></a>SPDIF_DriverIRQHandler</STRONG> (Thumb, 0 bytes, Stack size 0 bytes, startup_mimxrt1052.o(.text))
<BR>[Address Reference Count : 1]<UL><LI> startup_mimxrt1052.o(.text)
</UL>
<P><STRONG><a name="[70]"></a>SRC_IRQHandler</STRONG> (Thumb, 0 bytes, Stack size 0 bytes, startup_mimxrt1052.o(.text))
<BR>[Address Reference Count : 1]<UL><LI> startup_mimxrt1052.o(RESET)
</UL>
<P><STRONG><a name="[4d]"></a>TEMP_LOW_HIGH_IRQHandler</STRONG> (Thumb, 0 bytes, Stack size 0 bytes, startup_mimxrt1052.o(.text))
<BR>[Address Reference Count : 1]<UL><LI> startup_mimxrt1052.o(RESET)
</UL>
<P><STRONG><a name="[4e]"></a>TEMP_PANIC_IRQHandler</STRONG> (Thumb, 0 bytes, Stack size 0 bytes, startup_mimxrt1052.o(.text))
<BR>[Address Reference Count : 1]<UL><LI> startup_mimxrt1052.o(RESET)
</UL>
<P><STRONG><a name="[94]"></a>TMR2_IRQHandler</STRONG> (Thumb, 0 bytes, Stack size 0 bytes, startup_mimxrt1052.o(.text))
<BR>[Address Reference Count : 1]<UL><LI> startup_mimxrt1052.o(RESET)
</UL>
<P><STRONG><a name="[95]"></a>TMR3_IRQHandler</STRONG> (Thumb, 0 bytes, Stack size 0 bytes, startup_mimxrt1052.o(.text))
<BR>[Address Reference Count : 1]<UL><LI> startup_mimxrt1052.o(RESET)
</UL>
<P><STRONG><a name="[96]"></a>TMR4_IRQHandler</STRONG> (Thumb, 0 bytes, Stack size 0 bytes, startup_mimxrt1052.o(.text))
<BR>[Address Reference Count : 1]<UL><LI> startup_mimxrt1052.o(RESET)
</UL>
<P><STRONG><a name="[43]"></a>TRNG_IRQHandler</STRONG> (Thumb, 0 bytes, Stack size 0 bytes, startup_mimxrt1052.o(.text))
<BR>[Address Reference Count : 1]<UL><LI> startup_mimxrt1052.o(RESET)
</UL>
<P><STRONG><a name="[36]"></a>TSC_DIG_IRQHandler</STRONG> (Thumb, 0 bytes, Stack size 0 bytes, startup_mimxrt1052.o(.text))
<BR>[Address Reference Count : 1]<UL><LI> startup_mimxrt1052.o(RESET)
</UL>
<P><STRONG><a name="[7f]"></a>USB_OTG1_IRQHandler</STRONG> (Thumb, 0 bytes, Stack size 0 bytes, startup_mimxrt1052.o(.text))
<BR>[Address Reference Count : 1]<UL><LI> startup_mimxrt1052.o(RESET)
</UL>
<P><STRONG><a name="[7e]"></a>USB_OTG2_IRQHandler</STRONG> (Thumb, 0 bytes, Stack size 0 bytes, startup_mimxrt1052.o(.text))
<BR>[Address Reference Count : 1]<UL><LI> startup_mimxrt1052.o(RESET)
</UL>
<P><STRONG><a name="[4f]"></a>USB_PHY1_IRQHandler</STRONG> (Thumb, 0 bytes, Stack size 0 bytes, startup_mimxrt1052.o(.text))
<BR>[Address Reference Count : 1]<UL><LI> startup_mimxrt1052.o(RESET)
</UL>
<P><STRONG><a name="[50]"></a>USB_PHY2_IRQHandler</STRONG> (Thumb, 0 bytes, Stack size 0 bytes, startup_mimxrt1052.o(.text))
<BR>[Address Reference Count : 1]<UL><LI> startup_mimxrt1052.o(RESET)
</UL>
<P><STRONG><a name="[6a]"></a>WDOG1_IRQHandler</STRONG> (Thumb, 0 bytes, Stack size 0 bytes, startup_mimxrt1052.o(.text))
<BR>[Address Reference Count : 1]<UL><LI> startup_mimxrt1052.o(RESET)
</UL>
<P><STRONG><a name="[3b]"></a>WDOG2_IRQHandler</STRONG> (Thumb, 0 bytes, Stack size 0 bytes, startup_mimxrt1052.o(.text))
<BR>[Address Reference Count : 1]<UL><LI> startup_mimxrt1052.o(RESET)
</UL>
<P><STRONG><a name="[82]"></a>XBAR1_IRQ_0_1_IRQHandler</STRONG> (Thumb, 0 bytes, Stack size 0 bytes, startup_mimxrt1052.o(.text))
<BR>[Address Reference Count : 1]<UL><LI> startup_mimxrt1052.o(RESET)
</UL>
<P><STRONG><a name="[83]"></a>XBAR1_IRQ_2_3_IRQHandler</STRONG> (Thumb, 0 bytes, Stack size 0 bytes, startup_mimxrt1052.o(.text))
<BR>[Address Reference Count : 1]<UL><LI> startup_mimxrt1052.o(RESET)
</UL>
<P><STRONG><a name="[25e]"></a>__scatterload</STRONG> (Thumb, 28 bytes, Stack size 0 bytes, init.o(.text))
<BR><BR>[Calls]<UL><LI><a href="#[25f]">&gt;&gt;</a>&nbsp;&nbsp;&nbsp;__main_after_scatterload
</UL>
<BR>[Called By]<UL><LI><a href="#[25d]">&gt;&gt;</a>&nbsp;&nbsp;&nbsp;_main_scatterload
</UL>

<P><STRONG><a name="[267]"></a>__scatterload_rt2</STRONG> (Thumb, 0 bytes, Stack size 0 bytes, init.o(.text), UNUSED)

<P><STRONG><a name="[a8]"></a>SystemInit</STRONG> (Thumb, 250 bytes, Stack size 24 bytes, system_mimxrt1052.o(i.SystemInit))
<BR><BR>[Stack]<UL><LI>Max Depth = 24<LI>Call Chain = SystemInit
</UL>
<BR>[Calls]<UL><LI><a href="#[260]">&gt;&gt;</a>&nbsp;&nbsp;&nbsp;SystemInitHook
</UL>
<BR>[Address Reference Count : 1]<UL><LI> startup_mimxrt1052.o(.text)
</UL>
<P><STRONG><a name="[260]"></a>SystemInitHook</STRONG> (Thumb, 2 bytes, Stack size 0 bytes, system_mimxrt1052.o(i.SystemInitHook))
<BR><BR>[Called By]<UL><LI><a href="#[a8]">&gt;&gt;</a>&nbsp;&nbsp;&nbsp;SystemInit
</UL>

<P><STRONG><a name="[268]"></a>__scatterload_copy</STRONG> (Thumb, 14 bytes, Stack size unknown bytes, handlers.o(i.__scatterload_copy), UNUSED)

<P><STRONG><a name="[269]"></a>__scatterload_null</STRONG> (Thumb, 2 bytes, Stack size unknown bytes, handlers.o(i.__scatterload_null), UNUSED)

<P><STRONG><a name="[26a]"></a>__scatterload_zeroinit</STRONG> (Thumb, 14 bytes, Stack size unknown bytes, handlers.o(i.__scatterload_zeroinit), UNUSED)

<P><STRONG><a name="[a]"></a>SVC_Handler</STRONG> (Thumb, 28 bytes, Stack size 0 bytes, port.o(.emb_text))
<BR>[Address Reference Count : 1]<UL><LI> startup_mimxrt1052.o(RESET)
</UL>
<P><STRONG><a name="[255]"></a>__asm___6_port_c_39a90d8d__prvStartFirstTask</STRONG> (Thumb, 36 bytes, Stack size 0 bytes, port.o(.emb_text))
<BR><BR>[Called By]<UL><LI><a href="#[24e]">&gt;&gt;</a>&nbsp;&nbsp;&nbsp;xPortStartScheduler
</UL>

<P><STRONG><a name="[254]"></a>__asm___6_port_c_39a90d8d__prvEnableVFP</STRONG> (Thumb, 16 bytes, Stack size 0 bytes, port.o(.emb_text))
<BR><BR>[Called By]<UL><LI><a href="#[24e]">&gt;&gt;</a>&nbsp;&nbsp;&nbsp;xPortStartScheduler
</UL>

<P><STRONG><a name="[c]"></a>PendSV_Handler</STRONG> (Thumb, 92 bytes, Stack size 0 bytes, port.o(.emb_text))
<BR><BR>[Stack]<UL><LI>Max Depth = 8<LI>Call Chain = PendSV_Handler &rArr; vTaskSwitchContext
</UL>
<BR>[Calls]<UL><LI><a href="#[eb]">&gt;&gt;</a>&nbsp;&nbsp;&nbsp;vTaskSwitchContext
</UL>
<BR>[Address Reference Count : 1]<UL><LI> startup_mimxrt1052.o(RESET)
</UL>
<P><STRONG><a name="[26b]"></a>vPortGetIPSR</STRONG> (Thumb, 6 bytes, Stack size 0 bytes, port.o(.emb_text), UNUSED)

<P><STRONG><a name="[ec]"></a>__aeabi_uldivmod</STRONG> (Thumb, 98 bytes, Stack size 40 bytes, uldiv.o(.text))
<BR><BR>[Stack]<UL><LI>Max Depth = 40<LI>Call Chain = __aeabi_uldivmod
</UL>
<BR>[Calls]<UL><LI><a href="#[ed]">&gt;&gt;</a>&nbsp;&nbsp;&nbsp;__aeabi_llsr
<LI><a href="#[ee]">&gt;&gt;</a>&nbsp;&nbsp;&nbsp;__aeabi_llsl
</UL>
<BR>[Called By]<UL><LI><a href="#[1ac]">&gt;&gt;</a>&nbsp;&nbsp;&nbsp;LPSPI_MasterSetDelayTimes
<LI><a href="#[170]">&gt;&gt;</a>&nbsp;&nbsp;&nbsp;ConvertRadixNumToString
<LI><a href="#[1ee]">&gt;&gt;</a>&nbsp;&nbsp;&nbsp;_printf_core
<LI><a href="#[1fc]">&gt;&gt;</a>&nbsp;&nbsp;&nbsp;_fp_digits
<LI><a href="#[ef]">&gt;&gt;</a>&nbsp;&nbsp;&nbsp;__aeabi_ldivmod
</UL>

<P><STRONG><a name="[ef]"></a>__aeabi_ldivmod</STRONG> (Thumb, 98 bytes, Stack size 24 bytes, ldiv.o(.text))
<BR><BR>[Stack]<UL><LI>Max Depth = 64<LI>Call Chain = __aeabi_ldivmod &rArr; __aeabi_uldivmod
</UL>
<BR>[Calls]<UL><LI><a href="#[ec]">&gt;&gt;</a>&nbsp;&nbsp;&nbsp;__aeabi_uldivmod
</UL>
<BR>[Called By]<UL><LI><a href="#[170]">&gt;&gt;</a>&nbsp;&nbsp;&nbsp;ConvertRadixNumToString
</UL>

<P><STRONG><a name="[210]"></a>tolower</STRONG> (Thumb, 12 bytes, Stack size 0 bytes, tolower.o(.text))
<BR><BR>[Called By]<UL><LI><a href="#[207]">&gt;&gt;</a>&nbsp;&nbsp;&nbsp;get_object_item
</UL>

<P><STRONG><a name="[26c]"></a>___aeabi_memcpy8$move</STRONG> (Thumb, 0 bytes, Stack size 8 bytes, memmovea.o(.text), UNUSED)

<P><STRONG><a name="[20d]"></a>__aeabi_memcpy</STRONG> (Thumb, 64 bytes, Stack size 8 bytes, memmovea.o(.text))
<BR><BR>[Stack]<UL><LI>Max Depth = 8<LI>Call Chain = __aeabi_memcpy
</UL>
<BR>[Called By]<UL><LI><a href="#[217]">&gt;&gt;</a>&nbsp;&nbsp;&nbsp;print_value
<LI><a href="#[21d]">&gt;&gt;</a>&nbsp;&nbsp;&nbsp;print_string_ptr
<LI><a href="#[20c]">&gt;&gt;</a>&nbsp;&nbsp;&nbsp;print
<LI><a href="#[20e]">&gt;&gt;</a>&nbsp;&nbsp;&nbsp;ensure
<LI><a href="#[202]">&gt;&gt;</a>&nbsp;&nbsp;&nbsp;cJSON_strdup
<LI><a href="#[227]">&gt;&gt;</a>&nbsp;&nbsp;&nbsp;prvCopyDataToQueue
<LI><a href="#[226]">&gt;&gt;</a>&nbsp;&nbsp;&nbsp;prvCopyDataFromQueue
<LI><a href="#[1fb]">&gt;&gt;</a>&nbsp;&nbsp;&nbsp;internal_alloc
</UL>

<P><STRONG><a name="[1e1]"></a>__aeabi_memcpy4</STRONG> (Thumb, 0 bytes, Stack size 8 bytes, memmovea.o(.text))
<BR><BR>[Stack]<UL><LI>Max Depth = 8<LI>Call Chain = __aeabi_memcpy4
</UL>
<BR>[Called By]<UL><LI><a href="#[1e0]">&gt;&gt;</a>&nbsp;&nbsp;&nbsp;SNVS_HP_ConvertDatetimeToSeconds
</UL>

<P><STRONG><a name="[26d]"></a>__aeabi_memmove</STRONG> (Thumb, 0 bytes, Stack size 8 bytes, memmovea.o(.text), UNUSED)

<P><STRONG><a name="[26e]"></a>__aeabi_memmove4</STRONG> (Thumb, 0 bytes, Stack size 8 bytes, memmovea.o(.text), UNUSED)

<P><STRONG><a name="[26f]"></a>__aeabi_memmove8</STRONG> (Thumb, 0 bytes, Stack size 8 bytes, memmovea.o(.text), UNUSED)

<P><STRONG><a name="[f1]"></a>__aeabi_memset</STRONG> (Thumb, 14 bytes, Stack size 0 bytes, memseta.o(.text))
<BR><BR>[Called By]<UL><LI><a href="#[22d]">&gt;&gt;</a>&nbsp;&nbsp;&nbsp;prvInitialiseNewTask
<LI><a href="#[f2]">&gt;&gt;</a>&nbsp;&nbsp;&nbsp;_memset$wrapper
<LI><a href="#[f0]">&gt;&gt;</a>&nbsp;&nbsp;&nbsp;__aeabi_memclr
</UL>

<P><STRONG><a name="[270]"></a>__aeabi_memset4</STRONG> (Thumb, 0 bytes, Stack size 0 bytes, memseta.o(.text), UNUSED)

<P><STRONG><a name="[271]"></a>__aeabi_memset8</STRONG> (Thumb, 0 bytes, Stack size 0 bytes, memseta.o(.text), UNUSED)

<P><STRONG><a name="[f0]"></a>__aeabi_memclr</STRONG> (Thumb, 4 bytes, Stack size 0 bytes, memseta.o(.text), UNUSED)
<BR><BR>[Calls]<UL><LI><a href="#[f1]">&gt;&gt;</a>&nbsp;&nbsp;&nbsp;__aeabi_memset
</UL>

<P><STRONG><a name="[11a]"></a>__aeabi_memclr4</STRONG> (Thumb, 0 bytes, Stack size 0 bytes, memseta.o(.text))
<BR><BR>[Called By]<UL><LI><a href="#[116]">&gt;&gt;</a>&nbsp;&nbsp;&nbsp;ADC_ETC_GetDefaultConfig
<LI><a href="#[194]">&gt;&gt;</a>&nbsp;&nbsp;&nbsp;I2C_EEPROM_Page_Write
<LI><a href="#[186]">&gt;&gt;</a>&nbsp;&nbsp;&nbsp;I2C_EEPROM_BufferRead
<LI><a href="#[153]">&gt;&gt;</a>&nbsp;&nbsp;&nbsp;DbgConsole_Init
<LI><a href="#[208]">&gt;&gt;</a>&nbsp;&nbsp;&nbsp;cJSON_ParseWithOpts
<LI><a href="#[20c]">&gt;&gt;</a>&nbsp;&nbsp;&nbsp;print
<LI><a href="#[206]">&gt;&gt;</a>&nbsp;&nbsp;&nbsp;cJSON_New_Item
<LI><a href="#[1b4]">&gt;&gt;</a>&nbsp;&nbsp;&nbsp;LPUART_TransferCreateHandleEDMA
<LI><a href="#[17b]">&gt;&gt;</a>&nbsp;&nbsp;&nbsp;EDMA_CreateHandle
<LI><a href="#[113]">&gt;&gt;</a>&nbsp;&nbsp;&nbsp;DbgConsole_Printf
<LI><a href="#[18e]">&gt;&gt;</a>&nbsp;&nbsp;&nbsp;LPUART_GetDefaultConfig
<LI><a href="#[17e]">&gt;&gt;</a>&nbsp;&nbsp;&nbsp;EDMA_PrepareTransfer
</UL>

<P><STRONG><a name="[272]"></a>__aeabi_memclr8</STRONG> (Thumb, 0 bytes, Stack size 0 bytes, memseta.o(.text), UNUSED)

<P><STRONG><a name="[f2]"></a>_memset$wrapper</STRONG> (Thumb, 18 bytes, Stack size 8 bytes, memseta.o(.text), UNUSED)
<BR><BR>[Calls]<UL><LI><a href="#[f1]">&gt;&gt;</a>&nbsp;&nbsp;&nbsp;__aeabi_memset
</UL>

<P><STRONG><a name="[125]"></a>strcat</STRONG> (Thumb, 24 bytes, Stack size 0 bytes, strcat.o(.text))
<BR><BR>[Called By]<UL><LI><a href="#[123]">&gt;&gt;</a>&nbsp;&nbsp;&nbsp;AT_SendCmd
</UL>

<P><STRONG><a name="[129]"></a>strstr</STRONG> (Thumb, 36 bytes, Stack size 12 bytes, strstr.o(.text))
<BR><BR>[Stack]<UL><LI>Max Depth = 12<LI>Call Chain = strstr
</UL>
<BR>[Called By]<UL><LI><a href="#[123]">&gt;&gt;</a>&nbsp;&nbsp;&nbsp;AT_SendCmd
</UL>

<P><STRONG><a name="[1b3]"></a>strlen</STRONG> (Thumb, 14 bytes, Stack size 0 bytes, strlen.o(.text))
<BR><BR>[Called By]<UL><LI><a href="#[208]">&gt;&gt;</a>&nbsp;&nbsp;&nbsp;cJSON_ParseWithOpts
<LI><a href="#[218]">&gt;&gt;</a>&nbsp;&nbsp;&nbsp;update_offset
<LI><a href="#[217]">&gt;&gt;</a>&nbsp;&nbsp;&nbsp;print_value
<LI><a href="#[202]">&gt;&gt;</a>&nbsp;&nbsp;&nbsp;cJSON_strdup
<LI><a href="#[126]">&gt;&gt;</a>&nbsp;&nbsp;&nbsp;LPUART2_SendString
<LI><a href="#[179]">&gt;&gt;</a>&nbsp;&nbsp;&nbsp;StrFormatPrintf
</UL>

<P><STRONG><a name="[20f]"></a>strcmp</STRONG> (Thumb, 28 bytes, Stack size 8 bytes, strcmp.o(.text))
<BR><BR>[Stack]<UL><LI>Max Depth = 8<LI>Call Chain = strcmp
</UL>
<BR>[Called By]<UL><LI><a href="#[207]">&gt;&gt;</a>&nbsp;&nbsp;&nbsp;get_object_item
</UL>

<P><STRONG><a name="[124]"></a>strcpy</STRONG> (Thumb, 18 bytes, Stack size 0 bytes, strcpy.o(.text))
<BR><BR>[Called By]<UL><LI><a href="#[217]">&gt;&gt;</a>&nbsp;&nbsp;&nbsp;print_value
<LI><a href="#[21d]">&gt;&gt;</a>&nbsp;&nbsp;&nbsp;print_string_ptr
<LI><a href="#[123]">&gt;&gt;</a>&nbsp;&nbsp;&nbsp;AT_SendCmd
</UL>

<P><STRONG><a name="[209]"></a>strncmp</STRONG> (Thumb, 30 bytes, Stack size 12 bytes, strncmp.o(.text), UNUSED)
<BR><BR>[Called By]<UL><LI><a href="#[208]">&gt;&gt;</a>&nbsp;&nbsp;&nbsp;cJSON_ParseWithOpts
<LI><a href="#[20b]">&gt;&gt;</a>&nbsp;&nbsp;&nbsp;parse_value
</UL>

<P><STRONG><a name="[f3]"></a>__0sscanf</STRONG> (Thumb, 48 bytes, Stack size 72 bytes, __0sscanf.o(.text))
<BR><BR>[Stack]<UL><LI>Max Depth = 264<LI>Call Chain = __0sscanf &rArr; __vfscanf_char &rArr; __vfscanf &rArr; _scanf_real
</UL>
<BR>[Calls]<UL><LI><a href="#[f4]">&gt;&gt;</a>&nbsp;&nbsp;&nbsp;__vfscanf_char
</UL>
<BR>[Called By]<UL><LI><a href="#[21a]">&gt;&gt;</a>&nbsp;&nbsp;&nbsp;print_number
</UL>

<P><STRONG><a name="[101]"></a>_scanf_real</STRONG> (Thumb, 0 bytes, Stack size 104 bytes, scanf_fp.o(.text))
<BR><BR>[Stack]<UL><LI>Max Depth = 104<LI>Call Chain = _scanf_real
</UL>
<BR>[Called By]<UL><LI><a href="#[ff]">&gt;&gt;</a>&nbsp;&nbsp;&nbsp;__vfscanf
<LI><a href="#[100]">&gt;&gt;</a>&nbsp;&nbsp;&nbsp;_local_sscanf
</UL>

<P><STRONG><a name="[f9]"></a>_scanf_really_real</STRONG> (Thumb, 556 bytes, Stack size 104 bytes, scanf_fp.o(.text), UNUSED)
<BR><BR>[Calls]<UL><LI><a href="#[fb]">&gt;&gt;</a>&nbsp;&nbsp;&nbsp;__aeabi_d2f
<LI><a href="#[fa]">&gt;&gt;</a>&nbsp;&nbsp;&nbsp;_is_digit
<LI><a href="#[f5]">&gt;&gt;</a>&nbsp;&nbsp;&nbsp;_fp_value
</UL>

<P><STRONG><a name="[fc]"></a>__aeabi_l2d</STRONG> (Thumb, 40 bytes, Stack size 24 bytes, dfltl.o(.text))
<BR><BR>[Stack]<UL><LI>Max Depth = 64<LI>Call Chain = __aeabi_l2d &rArr; _double_epilogue &rArr; _double_round
</UL>
<BR>[Calls]<UL><LI><a href="#[fd]">&gt;&gt;</a>&nbsp;&nbsp;&nbsp;_double_epilogue
</UL>
<BR>[Called By]<UL><LI><a href="#[16d]">&gt;&gt;</a>&nbsp;&nbsp;&nbsp;ConvertFloatRadixNumToString
</UL>

<P><STRONG><a name="[fe]"></a>__aeabi_d2lz</STRONG> (Thumb, 74 bytes, Stack size 16 bytes, dfixl.o(.text))
<BR><BR>[Stack]<UL><LI>Max Depth = 16<LI>Call Chain = __aeabi_d2lz
</UL>
<BR>[Calls]<UL><LI><a href="#[ed]">&gt;&gt;</a>&nbsp;&nbsp;&nbsp;__aeabi_llsr
<LI><a href="#[ee]">&gt;&gt;</a>&nbsp;&nbsp;&nbsp;__aeabi_llsl
</UL>
<BR>[Called By]<UL><LI><a href="#[16d]">&gt;&gt;</a>&nbsp;&nbsp;&nbsp;ConvertFloatRadixNumToString
</UL>

<P><STRONG><a name="[273]"></a>__aeabi_uidiv</STRONG> (Thumb, 0 bytes, Stack size 12 bytes, uidiv.o(.text), UNUSED)

<P><STRONG><a name="[200]"></a>__aeabi_uidivmod</STRONG> (Thumb, 44 bytes, Stack size 12 bytes, uidiv.o(.text), UNUSED)
<BR><BR>[Called By]<UL><LI><a href="#[1ee]">&gt;&gt;</a>&nbsp;&nbsp;&nbsp;_printf_core
</UL>

<P><STRONG><a name="[ee]"></a>__aeabi_llsl</STRONG> (Thumb, 30 bytes, Stack size 0 bytes, llshl.o(.text))
<BR><BR>[Called By]<UL><LI><a href="#[fe]">&gt;&gt;</a>&nbsp;&nbsp;&nbsp;__aeabi_d2lz
<LI><a href="#[104]">&gt;&gt;</a>&nbsp;&nbsp;&nbsp;__aeabi_dadd
<LI><a href="#[108]">&gt;&gt;</a>&nbsp;&nbsp;&nbsp;__aeabi_d2ulz
<LI><a href="#[ec]">&gt;&gt;</a>&nbsp;&nbsp;&nbsp;__aeabi_uldivmod
<LI><a href="#[fd]">&gt;&gt;</a>&nbsp;&nbsp;&nbsp;_double_epilogue
</UL>

<P><STRONG><a name="[274]"></a>_ll_shift_l</STRONG> (Thumb, 0 bytes, Stack size 0 bytes, llshl.o(.text), UNUSED)

<P><STRONG><a name="[ed]"></a>__aeabi_llsr</STRONG> (Thumb, 32 bytes, Stack size 0 bytes, llushr.o(.text))
<BR><BR>[Called By]<UL><LI><a href="#[fe]">&gt;&gt;</a>&nbsp;&nbsp;&nbsp;__aeabi_d2lz
<LI><a href="#[108]">&gt;&gt;</a>&nbsp;&nbsp;&nbsp;__aeabi_d2ulz
<LI><a href="#[ec]">&gt;&gt;</a>&nbsp;&nbsp;&nbsp;__aeabi_uldivmod
<LI><a href="#[fd]">&gt;&gt;</a>&nbsp;&nbsp;&nbsp;_double_epilogue
</UL>

<P><STRONG><a name="[275]"></a>_ll_ushift_r</STRONG> (Thumb, 0 bytes, Stack size 0 bytes, llushr.o(.text), UNUSED)

<P><STRONG><a name="[f4]"></a>__vfscanf_char</STRONG> (Thumb, 20 bytes, Stack size 0 bytes, scanf_char.o(.text))
<BR><BR>[Stack]<UL><LI>Max Depth = 192<LI>Call Chain = __vfscanf_char &rArr; __vfscanf &rArr; _scanf_real
</UL>
<BR>[Calls]<UL><LI><a href="#[ff]">&gt;&gt;</a>&nbsp;&nbsp;&nbsp;__vfscanf
</UL>
<BR>[Called By]<UL><LI><a href="#[f3]">&gt;&gt;</a>&nbsp;&nbsp;&nbsp;__0sscanf
</UL>

<P><STRONG><a name="[d9]"></a>_sgetc</STRONG> (Thumb, 30 bytes, Stack size 0 bytes, _sgetc.o(.text))
<BR>[Address Reference Count : 2]<UL><LI> __0sscanf.o(.text)
<LI> strtod.o(.text)
</UL>
[...]
<BR><BR>[Stack]<UL><LI>Max Depth = 56<LI>Call Chain = SNVS_HP_ConvertDatetimeToSeconds &rArr; __aeabi_memcpy4
</UL>
<BR>[Calls]<UL><LI><a href="#[1e1]">&gt;&gt;</a>&nbsp;&nbsp;&nbsp;__aeabi_memcpy4
</UL>
<BR>[Called By]<UL><LI><a href="#[1c8]">&gt;&gt;</a>&nbsp;&nbsp;&nbsp;SNVS_HP_RTC_SetDatetime
</UL>

<P><STRONG><a name="[1e4]"></a>SNVS_HP_RTC_StartTimer</STRONG> (Thumb, 16 bytes, Stack size 0 bytes, fsl_snvs_hp.o(i.SNVS_HP_RTC_StartTimer))
<BR><BR>[Called By]<UL><LI><a href="#[1c8]">&gt;&gt;</a>&nbsp;&nbsp;&nbsp;SNVS_HP_RTC_SetDatetime
</UL>

<P><STRONG><a name="[1e2]"></a>SNVS_HP_RTC_StopTimer</STRONG> (Thumb, 16 bytes, Stack size 0 bytes, fsl_snvs_hp.o(i.SNVS_HP_RTC_StopTimer))
<BR><BR>[Called By]<UL><LI><a href="#[1c8]">&gt;&gt;</a>&nbsp;&nbsp;&nbsp;SNVS_HP_RTC_SetDatetime
</UL>

<P><STRONG><a name="[1ec]"></a>CLOCK_ControlGate</STRONG> (Thumb, 38 bytes, Stack size 8 bytes, fsl_xbara.o(i.CLOCK_ControlGate))
<BR><BR>[Stack]<UL><LI>Max Depth = 8<LI>Call Chain = CLOCK_ControlGate
</UL>
<BR>[Called By]<UL><LI><a href="#[1ea]">&gt;&gt;</a>&nbsp;&nbsp;&nbsp;XBARA_Init
</UL>

<P><STRONG><a name="[1eb]"></a>XBARA_GetInstance</STRONG> (Thumb, 20 bytes, Stack size 8 bytes, fsl_xbara.o(i.XBARA_GetInstance))
<BR><BR>[Stack]<UL><LI>Max Depth = 8<LI>Call Chain = XBARA_GetInstance
</UL>
<BR>[Called By]<UL><LI><a href="#[1ea]">&gt;&gt;</a>&nbsp;&nbsp;&nbsp;XBARA_Init
</UL>

<P><STRONG><a name="[e2]"></a>DbgConsole_PrintCallback</STRONG> (Thumb, 56 bytes, Stack size 32 bytes, fsl_debug_console.o(i.DbgConsole_PrintCallback))
<BR><BR>[Stack]<UL><LI>Max Depth = 72<LI>Call Chain = DbgConsole_PrintCallback &rArr; DbgConsole_SendDataReliable &rArr; SerialManager_WriteBlocking &rArr; Serial_UartWrite &rArr; HAL_UartSendBlocking &rArr; LPUART_WriteBlocking
</UL>
<BR>[Calls]<UL><LI><a href="#[178]">&gt;&gt;</a>&nbsp;&nbsp;&nbsp;DbgConsole_SendDataReliable
</UL>
<BR>[Address Reference Count : 1]<UL><LI> fsl_debug_console.o(i.DbgConsole_Printf)
</UL>
<P><STRONG><a name="[16d]"></a>ConvertFloatRadixNumToString</STRONG> (Thumb, 344 bytes, Stack size 56 bytes, fsl_str.o(i.ConvertFloatRadixNumToString))
<BR><BR>[Stack]<UL><LI>Max Depth = 272<LI>Call Chain = ConvertFloatRadixNumToString &rArr; __hardfp_pow &rArr; sqrt
</UL>
<BR>[Calls]<UL><LI><a href="#[fc]">&gt;&gt;</a>&nbsp;&nbsp;&nbsp;__aeabi_l2d
<LI><a href="#[fe]">&gt;&gt;</a>&nbsp;&nbsp;&nbsp;__aeabi_d2lz
<LI><a href="#[16f]">&gt;&gt;</a>&nbsp;&nbsp;&nbsp;__hardfp_pow
<LI><a href="#[16e]">&gt;&gt;</a>&nbsp;&nbsp;&nbsp;__hardfp_modf
</UL>
<BR>[Called By]<UL><LI><a href="#[179]">&gt;&gt;</a>&nbsp;&nbsp;&nbsp;StrFormatPrintf
</UL>

<P><STRONG><a name="[170]"></a>ConvertRadixNumToString</STRONG> (Thumb, 210 bytes, Stack size 40 bytes, fsl_str.o(i.ConvertRadixNumToString))
<BR><BR>[Stack]<UL><LI>Max Depth = 104<LI>Call Chain = ConvertRadixNumToString &rArr; __aeabi_ldivmod &rArr; __aeabi_uldivmod
</UL>
<BR>[Calls]<UL><LI><a href="#[ef]">&gt;&gt;</a>&nbsp;&nbsp;&nbsp;__aeabi_ldivmod
<LI><a href="#[ec]">&gt;&gt;</a>&nbsp;&nbsp;&nbsp;__aeabi_uldivmod
</UL>
<BR>[Called By]<UL><LI><a href="#[179]">&gt;&gt;</a>&nbsp;&nbsp;&nbsp;StrFormatPrintf
</UL>

<P><STRONG><a name="[251]"></a>prvTestWaitCondition</STRONG> (Thumb, 24 bytes, Stack size 0 bytes, event_groups.o(i.prvTestWaitCondition))
<BR><BR>[Called By]<UL><LI><a href="#[127]">&gt;&gt;</a>&nbsp;&nbsp;&nbsp;xEventGroupWaitBits
</UL>

<P><STRONG><a name="[241]"></a>prvHeapInit</STRONG> (Thumb, 68 bytes, Stack size 8 bytes, heap_4.o(i.prvHeapInit))
<BR><BR>[Stack]<UL><LI>Max Depth = 8<LI>Call Chain = prvHeapInit
</UL>
<BR>[Called By]<UL><LI><a href="#[240]">&gt;&gt;</a>&nbsp;&nbsp;&nbsp;pvPortMalloc
</UL>

<P><STRONG><a name="[242]"></a>prvInsertBlockIntoFreeList</STRONG> (Thumb, 72 bytes, Stack size 12 bytes, heap_4.o(i.prvInsertBlockIntoFreeList))
<BR><BR>[Stack]<UL><LI>Max Depth = 12<LI>Call Chain = prvInsertBlockIntoFreeList
</UL>
<BR>[Called By]<UL><LI><a href="#[22a]">&gt;&gt;</a>&nbsp;&nbsp;&nbsp;vPortFree
<LI><a href="#[240]">&gt;&gt;</a>&nbsp;&nbsp;&nbsp;pvPortMalloc
</UL>

<P><STRONG><a name="[e7]"></a>prvTaskExitError</STRONG> (Thumb, 20 bytes, Stack size 0 bytes, port.o(i.prvTaskExitError))
<BR>[Address Reference Count : 1]<UL><LI> port.o(i.pxPortInitialiseStack)
</UL>
<P><STRONG><a name="[226]"></a>prvCopyDataFromQueue</STRONG> (Thumb, 38 bytes, Stack size 8 bytes, queue.o(i.prvCopyDataFromQueue))
<BR><BR>[Stack]<UL><LI>Max Depth = 16<LI>Call Chain = prvCopyDataFromQueue &rArr; __aeabi_memcpy
</UL>
<BR>[Calls]<UL><LI><a href="#[20d]">&gt;&gt;</a>&nbsp;&nbsp;&nbsp;__aeabi_memcpy
</UL>
<BR>[Called By]<UL><LI><a href="#[236]">&gt;&gt;</a>&nbsp;&nbsp;&nbsp;xQueueReceive
</UL>

<P><STRONG><a name="[227]"></a>prvCopyDataToQueue</STRONG> (Thumb, 108 bytes, Stack size 24 bytes, queue.o(i.prvCopyDataToQueue))
<BR><BR>[Stack]<UL><LI>Max Depth = 32<LI>Call Chain = prvCopyDataToQueue &rArr; xTaskPriorityDisinherit
</UL>
<BR>[Calls]<UL><LI><a href="#[228]">&gt;&gt;</a>&nbsp;&nbsp;&nbsp;xTaskPriorityDisinherit
<LI><a href="#[20d]">&gt;&gt;</a>&nbsp;&nbsp;&nbsp;__aeabi_memcpy
</UL>
<BR>[Called By]<UL><LI><a href="#[11d]">&gt;&gt;</a>&nbsp;&nbsp;&nbsp;xQueueGenericSend
<LI><a href="#[259]">&gt;&gt;</a>&nbsp;&nbsp;&nbsp;xQueueGenericSendFromISR
</UL>

<P><STRONG><a name="[22b]"></a>prvInitialiseNewQueue</STRONG> (Thumb, 34 bytes, Stack size 16 bytes, queue.o(i.prvInitialiseNewQueue))
<BR><BR>[Stack]<UL><LI>Max Depth = 64<LI>Call Chain = prvInitialiseNewQueue &rArr; xQueueGenericReset &rArr; xTaskRemoveFromEventList
</UL>
<BR>[Calls]<UL><LI><a href="#[22c]">&gt;&gt;</a>&nbsp;&nbsp;&nbsp;xQueueGenericReset
</UL>
<BR>[Called By]<UL><LI><a href="#[110]">&gt;&gt;</a>&nbsp;&nbsp;&nbsp;xQueueGenericCreate
<LI><a href="#[225]">&gt;&gt;</a>&nbsp;&nbsp;&nbsp;xQueueGenericCreateStatic
</UL>

<P><STRONG><a name="[232]"></a>prvIsQueueEmpty</STRONG> (Thumb, 28 bytes, Stack size 8 bytes, queue.o(i.prvIsQueueEmpty))
<BR><BR>[Stack]<UL><LI>Max Depth = 8<LI>Call Chain = prvIsQueueEmpty
</UL>
<BR>[Calls]<UL><LI><a href="#[12e]">&gt;&gt;</a>&nbsp;&nbsp;&nbsp;vPortExitCritical
<LI><a href="#[12a]">&gt;&gt;</a>&nbsp;&nbsp;&nbsp;vPortEnterCritical
</UL>
<BR>[Called By]<UL><LI><a href="#[114]">&gt;&gt;</a>&nbsp;&nbsp;&nbsp;xQueueSemaphoreTake
<LI><a href="#[236]">&gt;&gt;</a>&nbsp;&nbsp;&nbsp;xQueueReceive
</UL>

<P><STRONG><a name="[23d]"></a>prvUnlockQueue</STRONG> (Thumb, 106 bytes, Stack size 24 bytes, queue.o(i.prvUnlockQueue))
<BR><BR>[Stack]<UL><LI>Max Depth = 40<LI>Call Chain = prvUnlockQueue &rArr; xTaskRemoveFromEventList
</UL>
<BR>[Calls]<UL><LI><a href="#[12e]">&gt;&gt;</a>&nbsp;&nbsp;&nbsp;vPortExitCritical
<LI><a href="#[12a]">&gt;&gt;</a>&nbsp;&nbsp;&nbsp;vPortEnterCritical
<LI><a href="#[23e]">&gt;&gt;</a>&nbsp;&nbsp;&nbsp;xTaskRemoveFromEventList
<LI><a href="#[23f]">&gt;&gt;</a>&nbsp;&nbsp;&nbsp;vTaskMissedYield
</UL>
<BR>[Called By]<UL><LI><a href="#[114]">&gt;&gt;</a>&nbsp;&nbsp;&nbsp;xQueueSemaphoreTake
<LI><a href="#[11d]">&gt;&gt;</a>&nbsp;&nbsp;&nbsp;xQueueGenericSend
<LI><a href="#[236]">&gt;&gt;</a>&nbsp;&nbsp;&nbsp;xQueueReceive
<LI><a href="#[23a]">&gt;&gt;</a>&nbsp;&nbsp;&nbsp;vQueueWaitForMessageRestricted
</UL>

<P><STRONG><a name="[21e]"></a>prvAddCurrentTaskToDelayedList</STRONG> (Thumb, 84 bytes, Stack size 24 bytes, tasks.o(i.prvAddCurrentTaskToDelayedList))
<BR><BR>[Stack]<UL><LI>Max Depth = 36<LI>Call Chain = prvAddCurrentTaskToDelayedList &rArr; vListInsert
</UL>
<BR>[Calls]<UL><LI><a href="#[220]">&gt;&gt;</a>&nbsp;&nbsp;&nbsp;vListInsertEnd
<LI><a href="#[221]">&gt;&gt;</a>&nbsp;&nbsp;&nbsp;vListInsert
<LI><a href="#[21f]">&gt;&gt;</a>&nbsp;&nbsp;&nbsp;uxListRemove
</UL>
<BR>[Called By]<UL><LI><a href="#[136]">&gt;&gt;</a>&nbsp;&nbsp;&nbsp;vTaskDelay
<LI><a href="#[248]">&gt;&gt;</a>&nbsp;&nbsp;&nbsp;vTaskPlaceOnUnorderedEventList
<LI><a href="#[245]">&gt;&gt;</a>&nbsp;&nbsp;&nbsp;vTaskPlaceOnEventListRestricted
<LI><a href="#[247]">&gt;&gt;</a>&nbsp;&nbsp;&nbsp;vTaskPlaceOnEventList
</UL>

<P><STRONG><a name="[222]"></a>prvAddNewTaskToReadyList</STRONG> (Thumb, 190 bytes, Stack size 24 bytes, tasks.o(i.prvAddNewTaskToReadyList))
<BR><BR>[Stack]<UL><LI>Max Depth = 24<LI>Call Chain = prvAddNewTaskToReadyList
</UL>
<BR>[Calls]<UL><LI><a href="#[12e]">&gt;&gt;</a>&nbsp;&nbsp;&nbsp;vPortExitCritical
<LI><a href="#[12a]">&gt;&gt;</a>&nbsp;&nbsp;&nbsp;vPortEnterCritical
<LI><a href="#[220]">&gt;&gt;</a>&nbsp;&nbsp;&nbsp;vListInsertEnd
<LI><a href="#[223]">&gt;&gt;</a>&nbsp;&nbsp;&nbsp;vListInitialise
</UL>
<BR>[Called By]<UL><LI><a href="#[12b]">&gt;&gt;</a>&nbsp;&nbsp;&nbsp;xTaskCreate
<LI><a href="#[24c]">&gt;&gt;</a>&nbsp;&nbsp;&nbsp;xTaskCreateStatic
</UL>

<P><STRONG><a name="[229]"></a>prvDeleteTCB</STRONG> (Thumb, 34 bytes, Stack size 8 bytes, tasks.o(i.prvDeleteTCB))
<BR><BR>[Stack]<UL><LI>Max Depth = 80<LI>Call Chain = prvDeleteTCB &rArr; vPortFree &rArr; xTaskResumeAll &rArr; xTaskIncrementTick
</UL>
<BR>[Calls]<UL><LI><a href="#[22a]">&gt;&gt;</a>&nbsp;&nbsp;&nbsp;vPortFree
</UL>
<BR>[Called By]<UL><LI><a href="#[12d]">&gt;&gt;</a>&nbsp;&nbsp;&nbsp;vTaskDelete
<LI><a href="#[e8]">&gt;&gt;</a>&nbsp;&nbsp;&nbsp;prvIdleTask
</UL>

<P><STRONG><a name="[e8]"></a>prvIdleTask</STRONG> (Thumb, 82 bytes, Stack size 0 bytes, tasks.o(i.prvIdleTask))
<BR><BR>[Stack]<UL><LI>Max Depth = 80<LI>Call Chain = prvIdleTask &rArr; prvDeleteTCB &rArr; vPortFree &rArr; xTaskResumeAll &rArr; xTaskIncrementTick
</UL>
<BR>[Calls]<UL><LI><a href="#[12e]">&gt;&gt;</a>&nbsp;&nbsp;&nbsp;vPortExitCritical
<LI><a href="#[12a]">&gt;&gt;</a>&nbsp;&nbsp;&nbsp;vPortEnterCritical
<LI><a href="#[21f]">&gt;&gt;</a>&nbsp;&nbsp;&nbsp;uxListRemove
<LI><a href="#[229]">&gt;&gt;</a>&nbsp;&nbsp;&nbsp;prvDeleteTCB
</UL>
<BR>[Address Reference Count : 1]<UL><LI> tasks.o(i.vTaskStartScheduler)
</UL>
<P><STRONG><a name="[22d]"></a>prvInitialiseNewTask</STRONG> (Thumb, 156 bytes, Stack size 40 bytes, tasks.o(i.prvInitialiseNewTask))
<BR><BR>[Stack]<UL><LI>Max Depth = 56<LI>Call Chain = prvInitialiseNewTask &rArr; pxPortInitialiseStack
</UL>
<BR>[Calls]<UL><LI><a href="#[22e]">&gt;&gt;</a>&nbsp;&nbsp;&nbsp;vListInitialiseItem
<LI><a href="#[22f]">&gt;&gt;</a>&nbsp;&nbsp;&nbsp;pxPortInitialiseStack
<LI><a href="#[f1]">&gt;&gt;</a>&nbsp;&nbsp;&nbsp;__aeabi_memset
</UL>
<BR>[Called By]<UL><LI><a href="#[12b]">&gt;&gt;</a>&nbsp;&nbsp;&nbsp;xTaskCreate
<LI><a href="#[24c]">&gt;&gt;</a>&nbsp;&nbsp;&nbsp;xTaskCreateStatic
</UL>

<P><STRONG><a name="[246]"></a>prvResetNextTaskUnblockTime</STRONG> (Thumb, 26 bytes, Stack size 0 bytes, tasks.o(i.prvResetNextTaskUnblockTime))
<BR><BR>[Called By]<UL><LI><a href="#[12d]">&gt;&gt;</a>&nbsp;&nbsp;&nbsp;vTaskDelete
<LI><a href="#[239]">&gt;&gt;</a>&nbsp;&nbsp;&nbsp;xTaskResumeAll
<LI><a href="#[256]">&gt;&gt;</a>&nbsp;&nbsp;&nbsp;xTaskIncrementTick
</UL>

<P><STRONG><a name="[224]"></a>prvCheckForValidListAndQueue</STRONG> (Thumb, 64 bytes, Stack size 16 bytes, timers.o(i.prvCheckForValidListAndQueue))
<BR><BR>[Stack]<UL><LI>Max Depth = 96<LI>Call Chain = prvCheckForValidListAndQueue &rArr; xQueueGenericCreateStatic &rArr; prvInitialiseNewQueue &rArr; xQueueGenericReset &rArr; xTaskRemoveFromEventList
</UL>
<BR>[Calls]<UL><LI><a href="#[12e]">&gt;&gt;</a>&nbsp;&nbsp;&nbsp;vPortExitCritical
<LI><a href="#[12a]">&gt;&gt;</a>&nbsp;&nbsp;&nbsp;vPortEnterCritical
<LI><a href="#[225]">&gt;&gt;</a>&nbsp;&nbsp;&nbsp;xQueueGenericCreateStatic
<LI><a href="#[223]">&gt;&gt;</a>&nbsp;&nbsp;&nbsp;vListInitialise
</UL>
<BR>[Called By]<UL><LI><a href="#[230]">&gt;&gt;</a>&nbsp;&nbsp;&nbsp;prvInitialiseNewTimer
<LI><a href="#[24d]">&gt;&gt;</a>&nbsp;&nbsp;&nbsp;xTimerCreateTimerTask
</UL>

<P><STRONG><a name="[230]"></a>prvInitialiseNewTimer</STRONG> (Thumb, 62 bytes, Stack size 32 bytes, timers.o(i.prvInitialiseNewTimer))
<BR><BR>[Stack]<UL><LI>Max Depth = 128<LI>Call Chain = prvInitialiseNewTimer &rArr; prvCheckForValidListAndQueue &rArr; xQueueGenericCreateStatic &rArr; prvInitialiseNewQueue &rArr; xQueueGenericReset &rArr; xTaskRemoveFromEventList
</UL>
<BR>[Calls]<UL><LI><a href="#[22e]">&gt;&gt;</a>&nbsp;&nbsp;&nbsp;vListInitialiseItem
<LI><a href="#[224]">&gt;&gt;</a>&nbsp;&nbsp;&nbsp;prvCheckForValidListAndQueue
</UL>
<BR>[Called By]<UL><LI><a href="#[12c]">&gt;&gt;</a>&nbsp;&nbsp;&nbsp;xTimerCreate
</UL>

<P><STRONG><a name="[231]"></a>prvInsertTimerInActiveList</STRONG> (Thumb, 54 bytes, Stack size 16 bytes, timers.o(i.prvInsertTimerInActiveList))
<BR><BR>[Stack]<UL><LI>Max Depth = 28<LI>Call Chain = prvInsertTimerInActiveList &rArr; vListInsert
</UL>
<BR>[Calls]<UL><LI><a href="#[221]">&gt;&gt;</a>&nbsp;&nbsp;&nbsp;vListInsert
</UL>
<BR>[Called By]<UL><LI><a href="#[237]">&gt;&gt;</a>&nbsp;&nbsp;&nbsp;prvProcessTimerOrBlockTask
<LI><a href="#[233]">&gt;&gt;</a>&nbsp;&nbsp;&nbsp;prvProcessReceivedCommands
</UL>

<P><STRONG><a name="[233]"></a>prvProcessReceivedCommands</STRONG> (Thumb, 208 bytes, Stack size 48 bytes, timers.o(i.prvProcessReceivedCommands))
<BR><BR>[Stack]<UL><LI>Max Depth = 240<LI>Call Chain = prvProcessReceivedCommands &rArr; prvSampleTimeNow &rArr; prvSwitchTimerLists &rArr; xTimerGenericCommand &rArr; xQueueGenericSend &rArr; xTaskResumeAll &rArr; xTaskIncrementTick
</UL>
<BR>[Calls]<UL><LI><a href="#[235]">&gt;&gt;</a>&nbsp;&nbsp;&nbsp;xTimerGenericCommand
<LI><a href="#[236]">&gt;&gt;</a>&nbsp;&nbsp;&nbsp;xQueueReceive
<LI><a href="#[22a]">&gt;&gt;</a>&nbsp;&nbsp;&nbsp;vPortFree
<LI><a href="#[21f]">&gt;&gt;</a>&nbsp;&nbsp;&nbsp;uxListRemove
<LI><a href="#[231]">&gt;&gt;</a>&nbsp;&nbsp;&nbsp;prvInsertTimerInActiveList
<LI><a href="#[234]">&gt;&gt;</a>&nbsp;&nbsp;&nbsp;prvSampleTimeNow
</UL>
<BR>[Called By]<UL><LI><a href="#[ea]">&gt;&gt;</a>&nbsp;&nbsp;&nbsp;prvTimerTask
</UL>

<P><STRONG><a name="[237]"></a>prvProcessTimerOrBlockTask</STRONG> (Thumb, 166 bytes, Stack size 32 bytes, timers.o(i.prvProcessTimerOrBlockTask))
<BR><BR>[Stack]<UL><LI>Max Depth = 224<LI>Call Chain = prvProcessTimerOrBlockTask &rArr; prvSampleTimeNow &rArr; prvSwitchTimerLists &rArr; xTimerGenericCommand &rArr; xQueueGenericSend &rArr; xTaskResumeAll &rArr; xTaskIncrementTick
</UL>
<BR>[Calls]<UL><LI><a href="#[235]">&gt;&gt;</a>&nbsp;&nbsp;&nbsp;xTimerGenericCommand
<LI><a href="#[239]">&gt;&gt;</a>&nbsp;&nbsp;&nbsp;xTaskResumeAll
<LI><a href="#[238]">&gt;&gt;</a>&nbsp;&nbsp;&nbsp;vTaskSuspendAll
<LI><a href="#[21f]">&gt;&gt;</a>&nbsp;&nbsp;&nbsp;uxListRemove
<LI><a href="#[231]">&gt;&gt;</a>&nbsp;&nbsp;&nbsp;prvInsertTimerInActiveList
<LI><a href="#[23a]">&gt;&gt;</a>&nbsp;&nbsp;&nbsp;vQueueWaitForMessageRestricted
<LI><a href="#[234]">&gt;&gt;</a>&nbsp;&nbsp;&nbsp;prvSampleTimeNow
</UL>
<BR>[Called By]<UL><LI><a href="#[ea]">&gt;&gt;</a>&nbsp;&nbsp;&nbsp;prvTimerTask
</UL>

<P><STRONG><a name="[234]"></a>prvSampleTimeNow</STRONG> (Thumb, 36 bytes, Stack size 16 bytes, timers.o(i.prvSampleTimeNow))
<BR><BR>[Stack]<UL><LI>Max Depth = 192<LI>Call Chain = prvSampleTimeNow &rArr; prvSwitchTimerLists &rArr; xTimerGenericCommand &rArr; xQueueGenericSend &rArr; xTaskResumeAll &rArr; xTaskIncrementTick
</UL>
<BR>[Calls]<UL><LI><a href="#[23b]">&gt;&gt;</a>&nbsp;&nbsp;&nbsp;xTaskGetTickCount
<LI><a href="#[23c]">&gt;&gt;</a>&nbsp;&nbsp;&nbsp;prvSwitchTimerLists
</UL>
<BR>[Called By]<UL><LI><a href="#[237]">&gt;&gt;</a>&nbsp;&nbsp;&nbsp;prvProcessTimerOrBlockTask
<LI><a href="#[233]">&gt;&gt;</a>&nbsp;&nbsp;&nbsp;prvProcessReceivedCommands
</UL>

<P><STRONG><a name="[23c]"></a>prvSwitchTimerLists</STRONG> (Thumb, 86 bytes, Stack size 24 bytes, timers.o(i.prvSwitchTimerLists))
<BR><BR>[Stack]<UL><LI>Max Depth = 176<LI>Call Chain = prvSwitchTimerLists &rArr; xTimerGenericCommand &rArr; xQueueGenericSend &rArr; xTaskResumeAll &rArr; xTaskIncrementTick
</UL>
<BR>[Calls]<UL><LI><a href="#[235]">&gt;&gt;</a>&nbsp;&nbsp;&nbsp;xTimerGenericCommand
<LI><a href="#[221]">&gt;&gt;</a>&nbsp;&nbsp;&nbsp;vListInsert
<LI><a href="#[21f]">&gt;&gt;</a>&nbsp;&nbsp;&nbsp;uxListRemove
</UL>
<BR>[Called By]<UL><LI><a href="#[234]">&gt;&gt;</a>&nbsp;&nbsp;&nbsp;prvSampleTimeNow
</UL>

<P><STRONG><a name="[ea]"></a>prvTimerTask</STRONG> (Thumb, 32 bytes, Stack size 0 bytes, timers.o(i.prvTimerTask))
<BR><BR>[Stack]<UL><LI>Max Depth = 240<LI>Call Chain = prvTimerTask &rArr; prvProcessReceivedCommands &rArr; prvSampleTimeNow &rArr; prvSwitchTimerLists &rArr; xTimerGenericCommand &rArr; xQueueGenericSend &rArr; xTaskResumeAll &rArr; xTaskIncrementTick
</UL>
<BR>[Calls]<UL><LI><a href="#[237]">&gt;&gt;</a>&nbsp;&nbsp;&nbsp;prvProcessTimerOrBlockTask
<LI><a href="#[233]">&gt;&gt;</a>&nbsp;&nbsp;&nbsp;prvProcessReceivedCommands
</UL>
<BR>[Address Reference Count : 1]<UL><LI> timers.o(i.xTimerCreateTimerTask)
</UL>
<P><STRONG><a name="[1fc]"></a>_fp_digits</STRONG> (Thumb, 366 bytes, Stack size 64 bytes, printfa.o(i._fp_digits), UNUSED)
<BR><BR>[Calls]<UL><LI><a href="#[f7]">&gt;&gt;</a>&nbsp;&nbsp;&nbsp;__aeabi_dmul
<LI><a href="#[f8]">&gt;&gt;</a>&nbsp;&nbsp;&nbsp;__aeabi_ddiv
<LI><a href="#[104]">&gt;&gt;</a>&nbsp;&nbsp;&nbsp;__aeabi_dadd
<LI><a href="#[108]">&gt;&gt;</a>&nbsp;&nbsp;&nbsp;__aeabi_d2ulz
<LI><a href="#[1fd]">&gt;&gt;</a>&nbsp;&nbsp;&nbsp;__aeabi_cdrcmple
<LI><a href="#[ec]">&gt;&gt;</a>&nbsp;&nbsp;&nbsp;__aeabi_uldivmod
</UL>
<BR>[Called By]<UL><LI><a href="#[1ee]">&gt;&gt;</a>&nbsp;&nbsp;&nbsp;_printf_core
</UL>

<P><STRONG><a name="[1ee]"></a>_printf_core</STRONG> (Thumb, 1744 bytes, Stack size 136 bytes, printfa.o(i._printf_core), UNUSED)
<BR><BR>[Calls]<UL><LI><a href="#[1fe]">&gt;&gt;</a>&nbsp;&nbsp;&nbsp;_printf_pre_padding
<LI><a href="#[1ff]">&gt;&gt;</a>&nbsp;&nbsp;&nbsp;_printf_post_padding
<LI><a href="#[1fc]">&gt;&gt;</a>&nbsp;&nbsp;&nbsp;_fp_digits
<LI><a href="#[ec]">&gt;&gt;</a>&nbsp;&nbsp;&nbsp;__aeabi_uldivmod
<LI><a href="#[200]">&gt;&gt;</a>&nbsp;&nbsp;&nbsp;__aeabi_uidivmod
</UL>
<BR>[Called By]<UL><LI><a href="#[1ed]">&gt;&gt;</a>&nbsp;&nbsp;&nbsp;__0sprintf
</UL>

<P><STRONG><a name="[1ff]"></a>_printf_post_padding</STRONG> (Thumb, 36 bytes, Stack size 24 bytes, printfa.o(i._printf_post_padding), UNUSED)
<BR><BR>[Called By]<UL><LI><a href="#[1ee]">&gt;&gt;</a>&nbsp;&nbsp;&nbsp;_printf_core
</UL>

<P><STRONG><a name="[1fe]"></a>_printf_pre_padding</STRONG> (Thumb, 46 bytes, Stack size 24 bytes, printfa.o(i._printf_pre_padding), UNUSED)
<BR><BR>[Called By]<UL><LI><a href="#[1ee]">&gt;&gt;</a>&nbsp;&nbsp;&nbsp;_printf_core
</UL>

<P><STRONG><a name="[e5]"></a>_sputc</STRONG> (Thumb, 10 bytes, Stack size 0 bytes, printfa.o(i._sputc))
<BR><BR>[Called By]<UL><LI><a href="#[1ed]">&gt;&gt;</a>&nbsp;&nbsp;&nbsp;__0sprintf
</UL>
<BR>[Address Reference Count : 1]<UL><LI> printfa.o(i.__0sprintf)
</UL>
<P><STRONG><a name="[1fb]"></a>internal_alloc</STRONG> (Thumb, 76 bytes, Stack size 24 bytes, mallocr2.o(i.internal_alloc))
<BR><BR>[Stack]<UL><LI>Max Depth = 32<LI>Call Chain = internal_alloc &rArr; __aeabi_memcpy
</UL>
<BR>[Calls]<UL><LI><a href="#[20d]">&gt;&gt;</a>&nbsp;&nbsp;&nbsp;__aeabi_memcpy
</UL>
<BR>[Called By]<UL><LI><a href="#[3]">&gt;&gt;</a>&nbsp;&nbsp;&nbsp;realloc
<LI><a href="#[1]">&gt;&gt;</a>&nbsp;&nbsp;&nbsp;malloc
</UL>

<P><STRONG><a name="[f5]"></a>_fp_value</STRONG> (Thumb, 296 bytes, Stack size 64 bytes, scanf_fp.o(.text), UNUSED)
<BR><BR>[Calls]<UL><LI><a href="#[f7]">&gt;&gt;</a>&nbsp;&nbsp;&nbsp;__aeabi_dmul
<LI><a href="#[f8]">&gt;&gt;</a>&nbsp;&nbsp;&nbsp;__aeabi_ddiv
<LI><a href="#[f6]">&gt;&gt;</a>&nbsp;&nbsp;&nbsp;__aeabi_ul2d
</UL>
<BR>[Called By]<UL><LI><a href="#[f9]">&gt;&gt;</a>&nbsp;&nbsp;&nbsp;_scanf_really_real
</UL>

<P><STRONG><a name="[db]"></a>_scanf_char_input</STRONG> (Thumb, 12 bytes, Stack size 0 bytes, scanf_char.o(.text))
<BR>[Address Reference Count : 1]<UL><LI> scanf_char.o(.text)
</UL>
<P><STRONG><a name="[100]"></a>_local_sscanf</STRONG> (Thumb, 54 bytes, Stack size 56 bytes, strtod.o(.text), UNUSED)
<BR><BR>[Calls]<UL><LI><a href="#[101]">&gt;&gt;</a>&nbsp;&nbsp;&nbsp;_scanf_real
</UL>
<BR>[Called By]<UL><LI><a href="#[102]">&gt;&gt;</a>&nbsp;&nbsp;&nbsp;__strtod_int
</UL>
<P>
<H3>
Undefined Global Symbols
</H3><HR></body></html>
