<html>
<body>
<pre>
<h1>µVision Build Log</h1>
<h2>Tool Versions:</h2>
IDE-Version: ¦ÌVision V5.24.2.0
Copyright (C) 2017 ARM Ltd and ARM Germany GmbH. All rights reserved.
License Information: ningjw ningjw, eti, LIC=GMZI6-DMKJQ-Z9UG9-4XIMR-BUKXS-J14Y1
 
Tool Versions:
Toolchain:       MDK-ARM Plus  Version: 5.24.1
Toolchain Path:  C:\Keil_v5\ARM\ARMCC\Bin
C Compiler:      Armcc.exe V5.06 update 5 (build 528)
Assembler:       Armasm.exe V5.06 update 5 (build 528)
Linker/Locator:  ArmLink.exe V5.06 update 5 (build 528)
Library Manager: ArmAr.exe V5.06 update 5 (build 528)
Hex Converter:   FromElf.exe V5.06 update 5 (build 528)
CPU DLL:         SARMCM3.DLL V5.24.1
Dialog DLL:      DCM.DLL V1.16.0.0
Target DLL:      STLink\ST-LINKIII-KEIL_SWO.dll V3.0.1.0
Dialog DLL:      TCM.DLL V1.32.0.0
 
<h2>Project:</h2>
D:\project\rt1052.uvprojx
Project File Date:  01/18/2020

<h2>Output:</h2>
*** Using Compiler 'V5.06 update 5 (build 528)', folder: 'C:\Keil_v5\ARM\ARMCC\Bin'
Build target 'nor_sdram'
compiling emmc_drv.c...
linking...
Program Size: Code=94776 RO-data=7716 RW-data=884 ZI-data=5427600  
".\Objects\rt1052.axf" - 0 Error(s), 0 Warning(s).

<h2>Software Packages used:</h2>

Package Vendor: ARM
                http://www.keil.com/pack/ARM.CMSIS.5.6.0.pack
                ARM.CMSIS.5.6.0
                CMSIS (Cortex Microcontroller Software Interface Standard)
   * Component: CORE Version: 5.3.0
   * Component: RTOS2 Version: 2.1.3

Package Vendor: ARM
                http://www.keil.com/pack/ARM.CMSIS-FreeRTOS.10.2.0.pack
                ARM.CMSIS-FreeRTOS.10.2.0
                Bundle of FreeRTOS for Cortex-M and Cortex-A
   * Component: FreeRTOS Version: 10.2.0
   * Component: Timers Version: 10.2.0
   * Component: Stream Buffer Version: 10.2.0
   * Component: Message Buffer Version: 10.2.0
   * Component: Heap Variant: Heap_4 Version: 10.2.0
   * Component: Event Groups Version: 10.2.0
   * Component: Coroutines Version: 10.2.0
   * Component: Core Variant: Cortex-M Version: 10.2.0
   * Component: Config Variant: CMSIS RTOS2 Version: 10.2.0

Package Vendor: NXP
                http://mcuxpresso.nxp.com/cmsis_pack/repo/NXP.MIMXRT1052_DFP.12.0.0.pack
                NXP.MIMXRT1052_DFP.12.0.0
                Device Family Pack for MIMXRT1052
   * Component: MIMXRT1052_startup Version: 1.0.0
   * Component: shell Version: 1.0.0
   * Component: serial_manager_uart Version: 1.0.0
   * Component: serial_manager Version: 1.0.0
   * Component: notifier Version: 1.0.0
   * Component: debug_console Version: 1.0.0
   * Component: assert Version: 1.0.0
   * Component: xbara Version: 2.0.4
   * Component: src Version: 2.0.1
   * Component: snvs_lp Version: 2.1.0
   * Component: snvs_hp Version: 2.1.2
   * Component: sdhc Version: 2.2.8
   * Component: qtmr Version: 2.0.0
   * Component: pwm Version: 2.0.0
   * Component: pit Version: 2.0.2
   * Component: lpuart_edma Version: 2.2.7
   * Component: lpuart_adapter Version: 1.0.0
   * Component: lpuart Version: 2.2.7
   * Component: lpspi Version: 2.0.3
   * Component: lists Version: 1.0.0
   * Component: iomuxc Version: 2.0.0
   * Component: i2c Version: 2.1.9
   * Component: gpt Version: 2.0.0
   * Component: gpio Version: 2.0.2
   * Component: flexspi Version: 2.1.1
   * Component: edma Version: 2.1.8
   * Component: dmamux Version: 2.0.2
   * Component: dcdc_1 Version: 2.0.0
   * Component: common Version: 2.1.0
   * Component: clock Version: 2.1.0
   * Component: adc_etc Version: 2.0.1
   * Component: adc_12b1msps_sar Version: 2.0.2

<h2>Collection of Component include folders:</h2>
  .\RTE\Device\MIMXRT1052CVL5B
  .\RTE\RTOS
  .\RTE\_nor_sdram
  C:\Keil_v5\ARM\PACK\ARM\CMSIS-FreeRTOS\10.2.0\CMSIS\RTOS2\FreeRTOS\Include
  C:\Keil_v5\ARM\PACK\ARM\CMSIS-FreeRTOS\10.2.0\Source\include
  C:\Keil_v5\ARM\PACK\ARM\CMSIS-FreeRTOS\10.2.0\Source\portable\RVDS\ARM_CM7\r0p1
  C:\Keil_v5\ARM\PACK\ARM\CMSIS\5.6.0\CMSIS\Core\Include
  C:\Keil_v5\ARM\PACK\ARM\CMSIS\5.6.0\CMSIS\RTOS2\Include
  C:\Keil_v5\ARM\PACK\NXP\MIMXRT1052_DFP\12.0.0
  C:\Keil_v5\ARM\PACK\NXP\MIMXRT1052_DFP\12.0.0\components\lists
  C:\Keil_v5\ARM\PACK\NXP\MIMXRT1052_DFP\12.0.0\components\serial_manager
  C:\Keil_v5\ARM\PACK\NXP\MIMXRT1052_DFP\12.0.0\components\uart
  C:\Keil_v5\ARM\PACK\NXP\MIMXRT1052_DFP\12.0.0\drivers
  C:\Keil_v5\ARM\PACK\NXP\MIMXRT1052_DFP\12.0.0\utilities
  C:\Keil_v5\ARM\PACK\NXP\MIMXRT1052_DFP\12.0.0\utilities\debug_console
  C:\Keil_v5\ARM\PACK\NXP\MIMXRT1052_DFP\12.0.0\utilities\str

<h2>Collection of Component Files used:</h2>

   * Component: NXP::Device:Startup:MIMXRT1052_startup:1.0.0
      Source file:   arm\startup_MIMXRT1052.s
      Source file:   system_MIMXRT1052.c
      Include file:  MIMXRT1052_features.h
      Include file:  MIMXRT1052.h
      Include file:  system_MIMXRT1052.h
      Include file:  fsl_device_registers.h

   * Component: NXP::Device:SDK Utilities:shell:1.0.0
      Source file:   utilities\fsl_shell.c
      Include file:  utilities\fsl_shell.h

   * Component: NXP::Device:SDK Utilities:serial_manager_uart:1.0.0
      Source file:   components\serial_manager\serial_port_uart.c
      Include file:  components\serial_manager\serial_port_uart.h

   * Component: NXP::Device:SDK Utilities:serial_manager:1.0.0
      Include file:  components\serial_manager\serial_manager.h
      Source file:   components\serial_manager\serial_manager.c
      Include file:  components\serial_manager\serial_port_internal.h

   * Component: NXP::Device:SDK Utilities:notifier:1.0.0
      Include file:  utilities\fsl_notifier.h
      Source file:   utilities\fsl_notifier.c

   * Component: NXP::Device:SDK Utilities:debug_console:1.0.0
      Include file:  utilities\debug_console\fsl_debug_console_conf.h
      Include file:  utilities\debug_console\fsl_debug_console.h
      Source file:   utilities\str\fsl_str.c
      Source file:   utilities\debug_console\fsl_debug_console.c
      Include file:  utilities\str\fsl_str.h

   * Component: NXP::Device:SDK Utilities:assert:1.0.0
      Source file:   utilities\fsl_assert.c

   * Component: NXP::Device:SDK Drivers:xbara:2.0.4
      Source file:   drivers\fsl_xbara.c
      Include file:  drivers\fsl_xbara.h

   * Component: NXP::Device:SDK Drivers:src:2.0.1
      Include file:  drivers\fsl_src.h
      Source file:   drivers\fsl_src.c

   * Component: NXP::Device:SDK Drivers:snvs_lp:2.1.0
      Source file:   drivers\fsl_snvs_lp.c
      Include file:  drivers\fsl_snvs_lp.h

   * Component: NXP::Device:SDK Drivers:snvs_hp:2.1.2
      Source file:   drivers\fsl_snvs_hp.c
      Include file:  drivers\fsl_snvs_hp.h

   * Component: NXP::Device:SDK Drivers:sdhc:2.2.8
      Include file:  drivers\fsl_usdhc.h
      Source file:   drivers\fsl_usdhc.c

   * Component: NXP::Device:SDK Drivers:qtmr:2.0.0
      Include file:  drivers\fsl_qtmr.h
      Source file:   drivers\fsl_qtmr.c

   * Component: NXP::Device:SDK Drivers:pwm:2.0.0
      Source file:   drivers\fsl_pwm.c
      Include file:  drivers\fsl_pwm.h

   * Component: NXP::Device:SDK Drivers:pit:2.0.2
      Include file:  drivers\fsl_pit.h
      Source file:   drivers\fsl_pit.c

   * Component: NXP::Device:SDK Drivers:lpuart_edma:2.2.7
      Source file:   drivers\fsl_lpuart_edma.c
      Include file:  drivers\fsl_lpuart_edma.h

   * Component: NXP::Device:SDK Drivers:lpuart_adapter:1.0.0
      Source file:   components\uart\lpuart_adapter.c
      Include file:  components\uart\uart.h

   * Component: NXP::Device:SDK Drivers:lpuart:2.2.7
      Include file:  drivers\fsl_lpuart.h
      Source file:   drivers\fsl_lpuart.c

   * Component: NXP::Device:SDK Drivers:lpspi:2.0.3
      Source file:   drivers\fsl_lpspi.c
      Include file:  drivers\fsl_lpspi.h

   * Component: NXP::Device:SDK Drivers:lists:1.0.0
      Include file:  components\lists\generic_list.h
      Source file:   components\lists\generic_list.c

   * Component: NXP::Device:SDK Drivers:iomuxc:2.0.0
      Include file:  drivers\fsl_iomuxc.h

   * Component: NXP::Device:SDK Drivers:i2c:2.1.9
      Include file:  drivers\fsl_lpi2c.h
      Source file:   drivers\fsl_lpi2c.c

   * Component: NXP::Device:SDK Drivers:gpt:2.0.0
      Source file:   drivers\fsl_gpt.c
      Include file:  drivers\fsl_gpt.h

   * Component: NXP::Device:SDK Drivers:gpio:2.0.2
      Include file:  drivers\fsl_gpio.h
      Source file:   drivers\fsl_gpio.c

   * Component: NXP::Device:SDK Drivers:flexspi:2.1.1
      Include file:  drivers\fsl_flexspi.h
      Source file:   drivers\fsl_flexspi.c

   * Component: NXP::Device:SDK Drivers:edma:2.1.8
      Source file:   drivers\fsl_edma.c
      Include file:  drivers\fsl_edma.h

   * Component: NXP::Device:SDK Drivers:dmamux:2.0.2
      Source file:   drivers\fsl_dmamux.c
      Include file:  drivers\fsl_dmamux.h

   * Component: NXP::Device:SDK Drivers:dcdc_1:2.0.0
      Include file:  drivers\fsl_dcdc.h
      Source file:   drivers\fsl_dcdc.c

   * Component: NXP::Device:SDK Drivers:common:2.1.0
      Include file:  drivers\fsl_common.h
      Source file:   drivers\fsl_common.c

   * Component: NXP::Device:SDK Drivers:clock:2.1.0
      Include file:  drivers\fsl_clock.h
      Source file:   drivers\fsl_clock.c

   * Component: NXP::Device:SDK Drivers:adc_etc:2.0.1
      Source file:   drivers\fsl_adc_etc.c
      Include file:  drivers\fsl_adc_etc.h

   * Component: NXP::Device:SDK Drivers:adc_12b1msps_sar:2.0.2
      Include file:  drivers\fsl_adc.h
      Source file:   drivers\fsl_adc.c

   * Component: ARM::CMSIS:RTOS2:FreeRTOS:10.2.0
      Source file:   CMSIS\RTOS2\FreeRTOS\Source\cmsis_os2.c
      Source file:   CMSIS\RTOS2\FreeRTOS\Source\ARM\clib_arm.c
      Source file:   CMSIS\RTOS2\FreeRTOS\Source\os_systick.c

   * Component: ARM::CMSIS:CORE:5.3.0

   * Component: ARM.FreeRTOS::RTOS:Timers:10.2.0
      Source file:   Source\timers.c
      Include file:  Source\include\timers.h

   * Component: ARM.FreeRTOS::RTOS:Stream Buffer:10.2.0
      Source file:   Source\stream_buffer.c
      Include file:  Source\include\stream_buffer.h

   * Component: ARM.FreeRTOS::RTOS:Message Buffer:10.2.0
      Source file:   Source\stream_buffer.c
      Include file:  Source\include\message_buffer.h

   * Component: ARM.FreeRTOS::RTOS:Heap:Heap_4:10.2.0
      Source file:   Source\portable\MemMang\heap_4.c

   * Component: ARM.FreeRTOS::RTOS:Event Groups:10.2.0
      Include file:  Source\include\event_groups.h
      Source file:   Source\event_groups.c

   * Component: ARM.FreeRTOS::RTOS:Coroutines:10.2.0
      Source file:   Source\croutine.c
      Include file:  Source\include\croutine.h

   * Component: ARM.FreeRTOS::RTOS:Core:Cortex-M:10.2.0
      Include file:  Source\include\FreeRTOS.h
      Source file:   Source\list.c
      Include file:  Source\include\task.h
      Source file:   Source\queue.c
      Include file:  Source\include\semphr.h
      Include file:  Source\include\queue.h
      Source file:   Source\tasks.c
      Source file:   Source\portable\RVDS\ARM_CM7\r0p1\port.c
      Source file:   CMSIS\RTOS2\FreeRTOS\Source\freertos_evr.c

   * Component: ARM.FreeRTOS::RTOS:Config:CMSIS RTOS2:10.2.0
      Include file:  CMSIS\RTOS2\FreeRTOS\Config\ARMCM\FreeRTOSConfig.h

   * Component: ::CMSIS:RTOS2:2.1.3 (API)
      Include file:  CMSIS\RTOS2\Include\cmsis_os2.h
Build Time Elapsed:  00:00:06
</pre>
</body>
</html>
