Component: ARM Compiler 5.06 update 5 (build 528) Tool: armlink [4d35e2]

==============================================================================

Section Cross References

    system_mimxrt1052.o(i.SystemCoreClockUpdate) refers to uldiv.o(.text) for __aeabi_uldivmod
    system_mimxrt1052.o(i.SystemCoreClockUpdate) refers to system_mimxrt1052.o(.data) for SystemCoreClock
    system_mimxrt1052.o(i.SystemInit) refers to system_mimxrt1052.o(i.SCB_EnableICache) for SCB_EnableICache
    system_mimxrt1052.o(i.SystemInit) refers to system_mimxrt1052.o(i.SCB_EnableDCache) for SCB_EnableDCache
    system_mimxrt1052.o(i.SystemInit) refers to system_mimxrt1052.o(i.SystemInitHook) for SystemInitHook
    startup_mimxrt1052.o(RESET) refers to startup_mimxrt1052.o(.text) for Reset_Handler
    startup_mimxrt1052.o(.text) refers to startup_mimxrt1052.o(RESET) for __Vectors
    startup_mimxrt1052.o(.text) refers to system_mimxrt1052.o(i.SystemInit) for SystemInit
    startup_mimxrt1052.o(.text) refers to entry.o(.ARM.Collect$$$$00000000) for __main
    startup_mimxrt1052.o(.text) refers to fsl_lpuart.o(i.LPUART1_DriverIRQHandler) for LPUART1_DriverIRQHandler
    startup_mimxrt1052.o(.text) refers to fsl_lpuart.o(i.LPUART2_DriverIRQHandler) for LPUART2_DriverIRQHandler
    startup_mimxrt1052.o(.text) refers to fsl_lpuart.o(i.LPUART3_DriverIRQHandler) for LPUART3_DriverIRQHandler
    startup_mimxrt1052.o(.text) refers to fsl_lpuart.o(i.LPUART4_DriverIRQHandler) for LPUART4_DriverIRQHandler
    startup_mimxrt1052.o(.text) refers to fsl_lpuart.o(i.LPUART5_DriverIRQHandler) for LPUART5_DriverIRQHandler
    startup_mimxrt1052.o(.text) refers to fsl_lpuart.o(i.LPUART6_DriverIRQHandler) for LPUART6_DriverIRQHandler
    startup_mimxrt1052.o(.text) refers to fsl_lpuart.o(i.LPUART7_DriverIRQHandler) for LPUART7_DriverIRQHandler
    startup_mimxrt1052.o(.text) refers to fsl_lpuart.o(i.LPUART8_DriverIRQHandler) for LPUART8_DriverIRQHandler
    startup_mimxrt1052.o(.text) refers to fsl_flexspi.o(i.FLEXSPI_DriverIRQHandler) for FLEXSPI_DriverIRQHandler
    fsl_clock.o(i.CLOCK_DisableUsbhs0PhyPllClock) refers to fsl_clock.o(i.CLOCK_DeinitUsb1Pll) for CLOCK_DeinitUsb1Pll
    fsl_clock.o(i.CLOCK_DisableUsbhs1PhyPllClock) refers to fsl_clock.o(i.CLOCK_DeinitUsb2Pll) for CLOCK_DeinitUsb2Pll
    fsl_clock.o(i.CLOCK_EnableUsbhs0PhyPllClock) refers to fsl_clock.o(i.CLOCK_InitUsb1Pll) for CLOCK_InitUsb1Pll
    fsl_clock.o(i.CLOCK_EnableUsbhs1PhyPllClock) refers to fsl_clock.o(i.CLOCK_InitUsb2Pll) for CLOCK_InitUsb2Pll
    fsl_clock.o(i.CLOCK_GetFreq) refers to fsl_clock.o(i.CLOCK_GetPeriphClkFreq) for CLOCK_GetPeriphClkFreq
    fsl_clock.o(i.CLOCK_GetFreq) refers to fsl_clock.o(i.CLOCK_GetUsb1PfdFreq) for CLOCK_GetUsb1PfdFreq
    fsl_clock.o(i.CLOCK_GetFreq) refers to fsl_clock.o(i.CLOCK_GetSysPfdFreq) for CLOCK_GetSysPfdFreq
    fsl_clock.o(i.CLOCK_GetFreq) refers to fsl_clock.o(i.CLOCK_GetOscFreq) for CLOCK_GetOscFreq
    fsl_clock.o(i.CLOCK_GetFreq) refers to fsl_clock.o(i.CLOCK_GetPllFreq) for CLOCK_GetPllFreq
    fsl_clock.o(i.CLOCK_GetOscFreq) refers to fsl_clock.o(.data) for g_xtalFreq
    fsl_clock.o(i.CLOCK_GetPeriphClkFreq) refers to fsl_clock.o(i.CLOCK_GetPllFreq) for CLOCK_GetPllFreq
    fsl_clock.o(i.CLOCK_GetPeriphClkFreq) refers to fsl_clock.o(i.CLOCK_GetOscFreq) for CLOCK_GetOscFreq
    fsl_clock.o(i.CLOCK_GetPeriphClkFreq) refers to fsl_clock.o(i.CLOCK_GetSysPfdFreq) for CLOCK_GetSysPfdFreq
    fsl_clock.o(i.CLOCK_GetPllFreq) refers to fsl_clock.o(i.CLOCK_GetOscFreq) for CLOCK_GetOscFreq
    fsl_clock.o(i.CLOCK_GetPllFreq) refers to uldiv.o(.text) for __aeabi_uldivmod
    fsl_clock.o(i.CLOCK_GetPllFreq) refers to fsl_clock.o(.constdata) for .constdata
    fsl_clock.o(i.CLOCK_GetSysPfdFreq) refers to fsl_clock.o(i.CLOCK_GetPllFreq) for CLOCK_GetPllFreq
    fsl_clock.o(i.CLOCK_GetUsb1PfdFreq) refers to fsl_clock.o(i.CLOCK_GetPllFreq) for CLOCK_GetPllFreq
    fsl_clock.o(i.CLOCK_InitExternalClk) refers to fsl_assert.o(i.__aeabi_assert) for __aeabi_assert
    fsl_gpio.o(i.CLOCK_EnableClock) refers to fsl_assert.o(i.__aeabi_assert) for __aeabi_assert
    fsl_gpio.o(i.GPIO_GetInstance) refers to fsl_assert.o(i.__aeabi_assert) for __aeabi_assert
    fsl_gpio.o(i.GPIO_GetInstance) refers to fsl_gpio.o(.constdata) for s_gpioBases
    fsl_gpio.o(i.GPIO_PinInit) refers to fsl_gpio.o(i.GPIO_GetInstance) for GPIO_GetInstance
    fsl_gpio.o(i.GPIO_PinInit) refers to fsl_gpio.o(i.CLOCK_EnableClock) for CLOCK_EnableClock
    fsl_gpio.o(i.GPIO_PinInit) refers to fsl_gpio.o(i.GPIO_PinWrite) for GPIO_PinWrite
    fsl_gpio.o(i.GPIO_PinInit) refers to fsl_gpio.o(i.GPIO_PinSetInterruptConfig) for GPIO_PinSetInterruptConfig
    fsl_gpio.o(i.GPIO_PinInit) refers to fsl_gpio.o(.constdata) for s_gpioClock
    fsl_gpio.o(i.GPIO_PinWrite) refers to fsl_assert.o(i.__aeabi_assert) for __aeabi_assert
    fsl_lpuart.o(i.CLOCK_ControlGate) refers to fsl_assert.o(i.__aeabi_assert) for __aeabi_assert
[...]
    Removing bsp_norflash.o(i.FlexSPI_NorFlash_Get_Device_ID), (62 bytes).
    Removing bsp_norflash.o(i.FlexSPI_NorFlash_Page_Program), (88 bytes).
    Removing core_delay.o(.rev16_text), (4 bytes).
    Removing core_delay.o(.revsh_text), (4 bytes).
    Removing core_delay.o(.rrx_text), (6 bytes).
    Removing core_delay.o(i.CPU_TS_TmrInit), (40 bytes).
    Removing core_delay.o(i.CPU_TS_TmrRd), (12 bytes).
    Removing core_delay.o(i.CPU_TS_Tmr_Delay_US), (88 bytes).
    Removing fire_imxrt1052_spiflash_config.o(.rev16_text), (4 bytes).
    Removing fire_imxrt1052_spiflash_config.o(.revsh_text), (4 bytes).
    Removing fire_imxrt1052_spiflash_config.o(.rrx_text), (6 bytes).
    Removing fsl_flexspi_nor_boot.o(.rev16_text), (4 bytes).
    Removing fsl_flexspi_nor_boot.o(.revsh_text), (4 bytes).
    Removing fsl_flexspi_nor_boot.o(.rrx_text), (6 bytes).
    Removing dmul.o(.text), (228 bytes).
    Removing ddiv.o(.text), (222 bytes).
    Removing dfltul.o(.text), (24 bytes).
    Removing d2f.o(.text), (56 bytes).
    Removing fepilogue.o(.text), (110 bytes).

186 unused section(s) (total 22570 bytes) removed from the image.

==============================================================================

Image Symbol Table

    Local Symbols

    Symbol Name                              Value     Ov Type        Size  Object(Section)

    ../clib/microlib/ctype/ctype.c           0x00000000   Number         0  isspace_c.o ABSOLUTE
    ../clib/microlib/ctype/ctype.c           0x00000000   Number         0  ctype_c.o ABSOLUTE
    ../clib/microlib/division.c              0x00000000   Number         0  ldiv.o ABSOLUTE
    ../clib/microlib/division.c              0x00000000   Number         0  uldiv.o ABSOLUTE
    ../clib/microlib/errno.c                 0x00000000   Number         0  errno.o ABSOLUTE
    ../clib/microlib/init/entry.s            0x00000000   Number         0  entry7a.o ABSOLUTE
    ../clib/microlib/init/entry.s            0x00000000   Number         0  entry11b.o ABSOLUTE
    ../clib/microlib/init/entry.s            0x00000000   Number         0  entry9b.o ABSOLUTE
    ../clib/microlib/init/entry.s            0x00000000   Number         0  entry8a.o ABSOLUTE
    ../clib/microlib/init/entry.s            0x00000000   Number         0  entry7b.o ABSOLUTE
    ../clib/microlib/init/entry.s            0x00000000   Number         0  entry11a.o ABSOLUTE
    ../clib/microlib/init/entry.s            0x00000000   Number         0  entry5.o ABSOLUTE
    ../clib/microlib/init/entry.s            0x00000000   Number         0  entry4.o ABSOLUTE
    ../clib/microlib/init/entry.s            0x00000000   Number         0  entry10b.o ABSOLUTE
    ../clib/microlib/init/entry.s            0x00000000   Number         0  entry10a.o ABSOLUTE
    ../clib/microlib/init/entry.s            0x00000000   Number         0  entry9a.o ABSOLUTE
    ../clib/microlib/init/entry.s            0x00000000   Number         0  entry8b.o ABSOLUTE
    ../clib/microlib/init/entry.s            0x00000000   Number         0  entry.o ABSOLUTE
    ../clib/microlib/longlong.c              0x00000000   Number         0  llushr.o ABSOLUTE
    ../clib/microlib/longlong.c              0x00000000   Number         0  llshl.o ABSOLUTE
    ../clib/microlib/malloc/malloc.c         0x00000000   Number         0  malloc2.o ABSOLUTE
    ../clib/microlib/malloc/malloc.c         0x00000000   Number         0  mallocra2.o ABSOLUTE
    ../clib/microlib/malloc/malloc.c         0x00000000   Number         0  malloca2.o ABSOLUTE
    ../clib/microlib/malloc/malloc.c         0x00000000   Number         0  mallocr2.o ABSOLUTE
    ../clib/microlib/malloc/mvars.c          0x00000000   Number         0  mvars.o ABSOLUTE
    ../clib/microlib/string/memcmp.c         0x00000000   Number         0  memcmp.o ABSOLUTE
    ../clib/microlib/string/memcpy.c         0x00000000   Number         0  memcpya.o ABSOLUTE
    ../clib/microlib/string/memcpy.c         0x00000000   Number         0  memcpyb.o ABSOLUTE
    ../clib/microlib/string/memcpy.c         0x00000000   Number         0  memmoveb.o ABSOLUTE
    ../clib/microlib/string/memcpy.c         0x00000000   Number         0  memmovea.o ABSOLUTE
    ../clib/microlib/string/memset.c         0x00000000   Number         0  memseta.o ABSOLUTE
    ../clib/microlib/string/strlen.c         0x00000000   Number         0  strlen.o ABSOLUTE
    ../clib/microlib/stubs.s                 0x00000000   Number         0  iusefp.o ABSOLUTE
    ../clib/scanf.c                          0x00000000   Number         0  scanf_fp.o ABSOLUTE
    ../clib/scanf.c                          0x00000000   Number         0  strtod.o ABSOLUTE
    ../clib/scanf.c                          0x00000000   Number         0  _sgetc.o ABSOLUTE
    ../fplib/microlib/d2f.c                  0x00000000   Number         0  d2f.o ABSOLUTE
    ../fplib/microlib/fpdiv.c                0x00000000   Number         0  ddiv.o ABSOLUTE
    ../fplib/microlib/fpepilogue.c           0x00000000   Number         0  depilogue.o ABSOLUTE
    ../fplib/microlib/fpepilogue.c           0x00000000   Number         0  fepilogue.o ABSOLUTE
    ../fplib/microlib/fpfix.c                0x00000000   Number         0  dfixl.o ABSOLUTE
    ../fplib/microlib/fpflt.c                0x00000000   Number         0  dfltl.o ABSOLUTE
    ../fplib/microlib/fpflt.c                0x00000000   Number         0  dfltul.o ABSOLUTE
    ../fplib/microlib/fpmul.c                0x00000000   Number         0  dmul.o ABSOLUTE
    ../fplib/microlib/fpscalb.c              0x00000000   Number         0  dscalb.o ABSOLUTE
    ../mathlib/dunder.c                      0x00000000   Number         0  dunder.o ABSOLUTE
    ../mathlib/fabs.c                        0x00000000   Number         0  fabs.o ABSOLUTE
    ../mathlib/fpclassify.c                  0x00000000   Number         0  fpclassify.o ABSOLUTE
    ../mathlib/modf.c                        0x00000000   Number         0  modf.o ABSOLUTE
    ../mathlib/poly.c                        0x00000000   Number         0  poly.o ABSOLUTE
    ../mathlib/pow.c                         0x00000000   Number         0  pow.o ABSOLUTE
    ../mathlib/pow.c                         0x00000000   Number         0  pow_x.o ABSOLUTE
    ../mathlib/qnan.c                        0x00000000   Number         0  qnan.o ABSOLUTE
    ../mathlib/sqrt.c                        0x00000000   Number         0  sqrt.o ABSOLUTE
    ../mathlib/sqrt.c                        0x00000000   Number         0  sqrt_x.o ABSOLUTE
    ../mathlib/strtod.c                      0x00000000   Number         0  strtod.o ABSOLUTE
    ..\\libraries\\drivers\\fsl_clock.c      0x00000000   Number         0  fsl_clock.o ABSOLUTE
    ..\\libraries\\drivers\\fsl_common.c     0x00000000   Number         0  fsl_common.o ABSOLUTE
    ..\\libraries\\drivers\\fsl_flexspi.c    0x00000000   Number         0  fsl_flexspi.o ABSOLUTE
    ..\\libraries\\drivers\\fsl_gpio.c       0x00000000   Number         0  fsl_gpio.o ABSOLUTE
    ..\\libraries\\drivers\\fsl_lpuart.c     0x00000000   Number         0  fsl_lpuart.o ABSOLUTE
    ..\\libraries\\system_MIMXRT1052.c       0x00000000   Number         0  system_mimxrt1052.o ABSOLUTE
    ..\\libraries\\utilities\\fsl_assert.c   0x00000000   Number         0  fsl_assert.o ABSOLUTE
    ..\\libraries\\utilities\\fsl_debug_console.c 0x00000000   Number         0  fsl_debug_console.o ABSOLUTE
    ..\\libraries\\utilities\\fsl_notifier.c 0x00000000   Number         0  fsl_notifier.o ABSOLUTE
    ..\\libraries\\utilities\\fsl_shell.c    0x00000000   Number         0  fsl_shell.o ABSOLUTE
    ..\\libraries\\utilities\\io\\fsl_io.c   0x00000000   Number         0  fsl_io.o ABSOLUTE
    ..\\libraries\\utilities\\log\\fsl_log.c 0x00000000   Number         0  fsl_log.o ABSOLUTE
    ..\\libraries\\utilities\\str\\fsl_str.c 0x00000000   Number         0  fsl_str.o ABSOLUTE
    ..\\user\\board.c                        0x00000000   Number         0  board.o ABSOLUTE
    ..\\user\\bsp\\norflash\\bsp_norflash.c  0x00000000   Number         0  bsp_norflash.o ABSOLUTE
    ..\\user\\bsp\\norflash\\norflash_test.c 0x00000000   Number         0  norflash_test.o ABSOLUTE
    ..\\user\\clock_config.c                 0x00000000   Number         0  clock_config.o ABSOLUTE
    ..\\user\\delay\\core_delay.c            0x00000000   Number         0  core_delay.o ABSOLUTE
    ..\\user\\main.c                         0x00000000   Number         0  main.o ABSOLUTE
    ..\\user\\pin_mux.c                      0x00000000   Number         0  pin_mux.o ABSOLUTE
    ..\\user\\xip\\fire_imxrt1052_spiflash_config.c 0x00000000   Number         0  fire_imxrt1052_spiflash_config.o ABSOLUTE
    ..\\user\\xip\\fsl_flexspi_nor_boot.c    0x00000000   Number         0  fsl_flexspi_nor_boot.o ABSOLUTE
    ..\libraries\drivers\fsl_clock.c         0x00000000   Number         0  fsl_clock.o ABSOLUTE
    ..\libraries\drivers\fsl_common.c        0x00000000   Number         0  fsl_common.o ABSOLUTE
    ..\libraries\drivers\fsl_flexspi.c       0x00000000   Number         0  fsl_flexspi.o ABSOLUTE
    ..\libraries\drivers\fsl_gpio.c          0x00000000   Number         0  fsl_gpio.o ABSOLUTE
    ..\libraries\drivers\fsl_lpuart.c        0x00000000   Number         0  fsl_lpuart.o ABSOLUTE
    ..\libraries\system_MIMXRT1052.c         0x00000000   Number         0  system_mimxrt1052.o ABSOLUTE
    ..\libraries\utilities\fsl_assert.c      0x00000000   Number         0  fsl_assert.o ABSOLUTE
    ..\libraries\utilities\fsl_debug_console.c 0x00000000   Number         0  fsl_debug_console.o ABSOLUTE
    ..\libraries\utilities\fsl_notifier.c    0x00000000   Number         0  fsl_notifier.o ABSOLUTE
    ..\libraries\utilities\fsl_sbrk.c        0x00000000   Number         0  fsl_sbrk.o ABSOLUTE
    ..\libraries\utilities\fsl_shell.c       0x00000000   Number         0  fsl_shell.o ABSOLUTE
    ..\libraries\utilities\io\fsl_io.c       0x00000000   Number         0  fsl_io.o ABSOLUTE
    ..\libraries\utilities\log\fsl_log.c     0x00000000   Number         0  fsl_log.o ABSOLUTE
    ..\libraries\utilities\str\fsl_str.c     0x00000000   Number         0  fsl_str.o ABSOLUTE
    ..\user\board.c                          0x00000000   Number         0  board.o ABSOLUTE
    ..\user\bsp\norflash\bsp_norflash.c      0x00000000   Number         0  bsp_norflash.o ABSOLUTE
    ..\user\bsp\norflash\norflash_test.c     0x00000000   Number         0  norflash_test.o ABSOLUTE
    ..\user\clock_config.c                   0x00000000   Number         0  clock_config.o ABSOLUTE
    ..\user\delay\core_delay.c               0x00000000   Number         0  core_delay.o ABSOLUTE
    ..\user\main.c                           0x00000000   Number         0  main.o ABSOLUTE
    ..\user\pin_mux.c                        0x00000000   Number         0  pin_mux.o ABSOLUTE
    ..\user\xip\fire_imxrt1052_sdram_ini_dcd.c 0x00000000   Number         0  fire_imxrt1052_sdram_ini_dcd.o ABSOLUTE
    ..\user\xip\fire_imxrt1052_spiflash_config.c 0x00000000   Number         0  fire_imxrt1052_spiflash_config.o ABSOLUTE
    ..\user\xip\fsl_flexspi_nor_boot.c       0x00000000   Number         0  fsl_flexspi_nor_boot.o ABSOLUTE
    dc.s                                     0x00000000   Number         0  dc.o ABSOLUTE
    handlers.s                               0x00000000   Number         0  handlers.o ABSOLUTE
    init.s                                   0x00000000   Number         0  init.o ABSOLUTE
    startup_MIMXRT1052.s                     0x00000000   Number         0  startup_mimxrt1052.o ABSOLUTE
    .boot_hdr.conf                           0x60000000   Section      512  fire_imxrt1052_spiflash_config.o(.boot_hdr.conf)
    .boot_hdr.ivt                            0x60001000   Section       32  fsl_flexspi_nor_boot.o(.boot_hdr.ivt)
    .boot_hdr.boot_data                      0x60001020   Section       16  fsl_flexspi_nor_boot.o(.boot_hdr.boot_data)
    .boot_hdr.dcd_data                       0x60001030   Section     1072  fire_imxrt1052_sdram_ini_dcd.o(.boot_hdr.dcd_data)
    RESET                                    0x60002000   Section     1024  startup_mimxrt1052.o(RESET)
    .ARM.Collect$$$$00000000                 0x60002400   Section        0  entry.o(.ARM.Collect$$$$00000000)
    .ARM.Collect$$$$00000003                 0x60002400   Section        4  entry4.o(.ARM.Collect$$$$00000003)
    .ARM.Collect$$$$00000004                 0x60002404   Section        4  entry5.o(.ARM.Collect$$$$00000004)
    .ARM.Collect$$$$00000008                 0x60002408   Section        0  entry7b.o(.ARM.Collect$$$$00000008)
    .ARM.Collect$$$$0000000A                 0x60002408   Section        0  entry8b.o(.ARM.Collect$$$$0000000A)
    .ARM.Collect$$$$0000000B                 0x60002408   Section        8  entry9a.o(.ARM.Collect$$$$0000000B)
    .ARM.Collect$$$$0000000D                 0x60002410   Section        0  entry10a.o(.ARM.Collect$$$$0000000D)
    .ARM.Collect$$$$0000000F                 0x60002410   Section        0  entry11a.o(.ARM.Collect$$$$0000000F)
    .ARM.Collect$$$$00002714                 0x60002410   Section        4  entry4.o(.ARM.Collect$$$$00002714)
    __lit__00000000                          0x60002410   Data           4  entry4.o(.ARM.Collect$$$$00002714)
    .text                                    0x60002414   Section      444  startup_mimxrt1052.o(.text)
    $v0                                      0x60002414   Number         0  startup_mimxrt1052.o(.text)
    .text                                    0x600025d0   Section       36  init.o(.text)
    i.SCB_EnableDCache                       0x600025f4   Section        0  system_mimxrt1052.o(i.SCB_EnableDCache)
    SCB_EnableDCache                         0x600025f5   Thumb Code   148  system_mimxrt1052.o(i.SCB_EnableDCache)
    i.SCB_EnableICache                       0x60002690   Section        0  system_mimxrt1052.o(i.SCB_EnableICache)
    SCB_EnableICache                         0x60002691   Thumb Code   116  system_mimxrt1052.o(i.SCB_EnableICache)
    i.SystemInit                             0x6000270c   Section        0  system_mimxrt1052.o(i.SystemInit)
    i.SystemInitHook                         0x600027c0   Section        0  system_mimxrt1052.o(i.SystemInitHook)
    i.__scatterload_copy                     0x600027c2   Section       14  handlers.o(i.__scatterload_copy)
    i.__scatterload_null                     0x600027d0   Section        2  handlers.o(i.__scatterload_null)
    i.__scatterload_zeroinit                 0x600027d2   Section       14  handlers.o(i.__scatterload_zeroinit)
    .emb_text                                0x80000400   Section        6  main.o(.emb_text)
    $v0                                      0x80000400   Number         0  main.o(.emb_text)
    .text                                    0x80000406   Section        0  uldiv.o(.text)
    .text                                    0x80000468   Section        0  ldiv.o(.text)
    .text                                    0x800004ca   Section        0  memmovea.o(.text)
    .text                                    0x8000050a   Section        0  memseta.o(.text)
    .text                                    0x8000052e   Section        0  strlen.o(.text)
    .text                                    0x8000053c   Section        0  dfltl.o(.text)
    .text                                    0x80000564   Section        0  dfixl.o(.text)
    .text                                    0x800005ae   Section        0  llshl.o(.text)
    .text                                    0x800005cc   Section        0  llushr.o(.text)
    .text                                    0x800005ec   Section        0  depilogue.o(.text)
    .text                                    0x800005ec   Section        0  iusefp.o(.text)
    .text                                    0x800006a6   Section        0  dscalb.o(.text)
    i.BOARD_BootClockRUN                     0x800006d4   Section        0  clock_config.o(i.BOARD_BootClockRUN)
    i.BOARD_ConfigMPU                        0x800009c8   Section        0  board.o(i.BOARD_ConfigMPU)
    i.BOARD_DebugConsoleSrcFreq              0x80000b80   Section        0  board.o(i.BOARD_DebugConsoleSrcFreq)
    i.BOARD_InitDebugConsole                 0x80000bf8   Section        0  board.o(i.BOARD_InitDebugConsole)
    i.BOARD_InitPins                         0x80000c14   Section        0  pin_mux.o(i.BOARD_InitPins)
    i.CLOCK_ControlGate                      0x80000c84   Section        0  fsl_lpuart.o(i.CLOCK_ControlGate)
    CLOCK_ControlGate                        0x80000c85   Thumb Code    60  fsl_lpuart.o(i.CLOCK_ControlGate)
    i.CLOCK_EnableClock                      0x80000cf4   Section        0  fsl_flexspi.o(i.CLOCK_EnableClock)
    CLOCK_EnableClock                        0x80000cf5   Thumb Code    68  fsl_flexspi.o(i.CLOCK_EnableClock)
    i.CLOCK_EnableClock                      0x80000d6c   Section        0  pin_mux.o(i.CLOCK_EnableClock)
    CLOCK_EnableClock                        0x80000d6d   Thumb Code    68  pin_mux.o(i.CLOCK_EnableClock)
    i.CLOCK_GetDiv                           0x80000de4   Section        0  board.o(i.CLOCK_GetDiv)
    CLOCK_GetDiv                             0x80000de5   Thumb Code    28  board.o(i.CLOCK_GetDiv)
    i.CLOCK_GetOscFreq                       0x80000e04   Section        0  fsl_clock.o(i.CLOCK_GetOscFreq)
    CLOCK_GetOscFreq                         0x80000e05   Thumb Code    20  fsl_clock.o(i.CLOCK_GetOscFreq)
    i.CLOCK_GetPllFreq                       0x80000e24   Section        0  fsl_clock.o(i.CLOCK_GetPllFreq)
    i.CLOCK_InitArmPll                       0x80001050   Section        0  fsl_clock.o(i.CLOCK_InitArmPll)
    i.CLOCK_InitSysPll                       0x80001074   Section        0  fsl_clock.o(i.CLOCK_InitSysPll)
    i.CLOCK_InitUsb1Pfd                      0x80001098   Section        0  fsl_clock.o(i.CLOCK_InitUsb1Pfd)
    i.CLOCK_InitUsb1Pll                      0x800010d0   Section        0  fsl_clock.o(i.CLOCK_InitUsb1Pll)
    i.CLOCK_SetDiv                           0x800010f4   Section        0  clock_config.o(i.CLOCK_SetDiv)
    CLOCK_SetDiv                             0x800010f5   Thumb Code   100  clock_config.o(i.CLOCK_SetDiv)
    i.CLOCK_SetDiv                           0x800011a0   Section        0  bsp_norflash.o(i.CLOCK_SetDiv)
    CLOCK_SetDiv                             0x800011a1   Thumb Code   102  bsp_norflash.o(i.CLOCK_SetDiv)
    i.CLOCK_SetMux                           0x80001210   Section        0  clock_config.o(i.CLOCK_SetMux)
    CLOCK_SetMux                             0x80001211   Thumb Code   100  clock_config.o(i.CLOCK_SetMux)
    i.CLOCK_SetMux                           0x800012bc   Section        0  bsp_norflash.o(i.CLOCK_SetMux)
    CLOCK_SetMux                             0x800012bd   Thumb Code   100  bsp_norflash.o(i.CLOCK_SetMux)
    i.ConvertFloatRadixNumToString           0x80001368   Section        0  fsl_str.o(i.ConvertFloatRadixNumToString)
    ConvertFloatRadixNumToString             0x80001369   Thumb Code   430  fsl_str.o(i.ConvertFloatRadixNumToString)
    i.ConvertRadixNumToString                0x80001516   Section        0  fsl_str.o(i.ConvertRadixNumToString)
    ConvertRadixNumToString                  0x80001517   Thumb Code   332  fsl_str.o(i.ConvertRadixNumToString)
    i.CopyAndUseRAMVectorTable               0x80001664   Section        0  board.o(i.CopyAndUseRAMVectorTable)
    i.DbgConsole_Init                        0x800016c4   Section        0  fsl_debug_console.o(i.DbgConsole_Init)
    i.DbgConsole_Printf                      0x80001748   Section        0  fsl_debug_console.o(i.DbgConsole_Printf)
    i.DbgConsole_RelocateLog                 0x80001788   Section        0  fsl_debug_console.o(i.DbgConsole_RelocateLog)
    DbgConsole_RelocateLog                   0x80001789   Thumb Code    62  fsl_debug_console.o(i.DbgConsole_RelocateLog)
    i.FLEXSPI_CheckAndClearError             0x800017c8   Section        0  fsl_flexspi.o(i.FLEXSPI_CheckAndClearError)
    i.FLEXSPI_ConfigureDll                   0x8000185c   Section        0  fsl_flexspi.o(i.FLEXSPI_ConfigureDll)
    FLEXSPI_ConfigureDll                     0x8000185d   Thumb Code   118  fsl_flexspi.o(i.FLEXSPI_ConfigureDll)
    i.FLEXSPI_DriverIRQHandler               0x800018d8   Section        0  fsl_flexspi.o(i.FLEXSPI_DriverIRQHandler)
    i.FLEXSPI_GetBusIdleStatus               0x800018f0   Section        0  fsl_flexspi.o(i.FLEXSPI_GetBusIdleStatus)
    FLEXSPI_GetBusIdleStatus                 0x800018f1   Thumb Code    30  fsl_flexspi.o(i.FLEXSPI_GetBusIdleStatus)
    i.FLEXSPI_GetDefaultConfig               0x8000190e   Section        0  fsl_flexspi.o(i.FLEXSPI_GetDefaultConfig)
    i.FLEXSPI_GetInstance                    0x8000196c   Section        0  fsl_flexspi.o(i.FLEXSPI_GetInstance)
    i.FLEXSPI_Init                           0x800019f0   Section        0  fsl_flexspi.o(i.FLEXSPI_Init)
    i.FLEXSPI_ReadBlocking                   0x80001b68   Section        0  fsl_flexspi.o(i.FLEXSPI_ReadBlocking)
    i.FLEXSPI_SetFlashConfig                 0x80001c40   Section        0  fsl_flexspi.o(i.FLEXSPI_SetFlashConfig)
    i.FLEXSPI_SoftwareReset                  0x80001d98   Section        0  fsl_flexspi.o(i.FLEXSPI_SoftwareReset)
    FLEXSPI_SoftwareReset                    0x80001d99   Thumb Code    22  fsl_flexspi.o(i.FLEXSPI_SoftwareReset)
    i.FLEXSPI_TransferAbort                  0x80001db0   Section        0  fsl_flexspi.o(i.FLEXSPI_TransferAbort)
    i.FLEXSPI_TransferBlocking               0x80001e04   Section        0  fsl_flexspi.o(i.FLEXSPI_TransferBlocking)
    i.FLEXSPI_TransferHandleIRQ              0x80001ed6   Section        0  fsl_flexspi.o(i.FLEXSPI_TransferHandleIRQ)
    i.FLEXSPI_UpdateLUT                      0x80002040   Section        0  fsl_flexspi.o(i.FLEXSPI_UpdateLUT)
    i.FLEXSPI_WriteBlocking                  0x800020d0   Section        0  fsl_flexspi.o(i.FLEXSPI_WriteBlocking)
    i.FlexSPI_NorFlash_Enable_Quad_Mode      0x80002166   Section        0  bsp_norflash.o(i.FlexSPI_NorFlash_Enable_Quad_Mode)
    i.FlexSPI_NorFlash_Get_JedecDevice_ID    0x80002192   Section        0  bsp_norflash.o(i.FlexSPI_NorFlash_Get_JedecDevice_ID)
    i.FlexSPI_NorFlash_IOMUXC_MUX_Config     0x800021e4   Section        0  bsp_norflash.o(i.FlexSPI_NorFlash_IOMUXC_MUX_Config)
    FlexSPI_NorFlash_IOMUXC_MUX_Config       0x800021e5   Thumb Code   154  bsp_norflash.o(i.FlexSPI_NorFlash_IOMUXC_MUX_Config)
    i.FlexSPI_NorFlash_IOMUXC_PAD_Config     0x80002288   Section        0  bsp_norflash.o(i.FlexSPI_NorFlash_IOMUXC_PAD_Config)
    FlexSPI_NorFlash_IOMUXC_PAD_Config       0x80002289   Thumb Code   166  bsp_norflash.o(i.FlexSPI_NorFlash_IOMUXC_PAD_Config)
    i.FlexSPI_NorFlash_Init                  0x80002338   Section        0  bsp_norflash.o(i.FlexSPI_NorFlash_Init)
    i.FlexSPI_NorFlash_Read_Status_Register  0x80002368   Section        0  bsp_norflash.o(i.FlexSPI_NorFlash_Read_Status_Register)
    i.FlexSPI_NorFlash_Wait_Bus_Busy         0x800023a6   Section        0  bsp_norflash.o(i.FlexSPI_NorFlash_Wait_Bus_Busy)
    i.FlexSPI_NorFlash_Write_Enable          0x800023f8   Section        0  bsp_norflash.o(i.FlexSPI_NorFlash_Write_Enable)
    i.FlexSPI_NorFlash_Write_Status_Register 0x80002424   Section        0  bsp_norflash.o(i.FlexSPI_NorFlash_Write_Status_Register)
    i.IOMUXC_SetPinConfig                    0x80002476   Section        0  pin_mux.o(i.IOMUXC_SetPinConfig)
    IOMUXC_SetPinConfig                      0x80002477   Thumb Code    12  pin_mux.o(i.IOMUXC_SetPinConfig)
    i.IOMUXC_SetPinConfig                    0x80002482   Section        0  bsp_norflash.o(i.IOMUXC_SetPinConfig)
    IOMUXC_SetPinConfig                      0x80002483   Thumb Code    12  bsp_norflash.o(i.IOMUXC_SetPinConfig)
    i.IOMUXC_SetPinMux                       0x8000248e   Section        0  pin_mux.o(i.IOMUXC_SetPinMux)
    IOMUXC_SetPinMux                         0x8000248f   Thumb Code    26  pin_mux.o(i.IOMUXC_SetPinMux)
    i.IOMUXC_SetPinMux                       0x800024a8   Section        0  bsp_norflash.o(i.IOMUXC_SetPinMux)
    IOMUXC_SetPinMux                         0x800024a9   Thumb Code    26  bsp_norflash.o(i.IOMUXC_SetPinMux)
    i.IO_Init                                0x800024c4   Section        0  fsl_io.o(i.IO_Init)
    i.IO_Transfer                            0x8000257c   Section        0  fsl_io.o(i.IO_Transfer)
    i.LOG_Init                               0x800025c0   Section        0  fsl_log.o(i.LOG_Init)
    i.LOG_Pop                                0x800025e4   Section        0  fsl_log.o(i.LOG_Pop)
    i.LOG_Push                               0x80002608   Section        0  fsl_log.o(i.LOG_Push)
    i.LPUART1_DriverIRQHandler               0x8000265c   Section        0  fsl_lpuart.o(i.LPUART1_DriverIRQHandler)
    i.LPUART2_DriverIRQHandler               0x80002678   Section        0  fsl_lpuart.o(i.LPUART2_DriverIRQHandler)
    i.LPUART3_DriverIRQHandler               0x80002694   Section        0  fsl_lpuart.o(i.LPUART3_DriverIRQHandler)
    i.LPUART4_DriverIRQHandler               0x800026b0   Section        0  fsl_lpuart.o(i.LPUART4_DriverIRQHandler)
    i.LPUART5_DriverIRQHandler               0x800026cc   Section        0  fsl_lpuart.o(i.LPUART5_DriverIRQHandler)
    i.LPUART6_DriverIRQHandler               0x800026e8   Section        0  fsl_lpuart.o(i.LPUART6_DriverIRQHandler)
    i.LPUART7_DriverIRQHandler               0x80002704   Section        0  fsl_lpuart.o(i.LPUART7_DriverIRQHandler)
    i.LPUART8_DriverIRQHandler               0x80002720   Section        0  fsl_lpuart.o(i.LPUART8_DriverIRQHandler)
    i.LPUART_ClearStatusFlags                0x8000273c   Section        0  fsl_lpuart.o(i.LPUART_ClearStatusFlags)
    i.LPUART_GetDefaultConfig                0x80002794   Section        0  fsl_lpuart.o(i.LPUART_GetDefaultConfig)
    i.LPUART_GetInstance                     0x800027fc   Section        0  fsl_lpuart.o(i.LPUART_GetInstance)
    i.LPUART_GetStatusFlags                  0x8000287c   Section        0  fsl_lpuart.o(i.LPUART_GetStatusFlags)
    i.LPUART_Init                            0x8000288c   Section        0  fsl_lpuart.o(i.LPUART_Init)
    i.LPUART_ReadBlocking                    0x80002b7c   Section        0  fsl_lpuart.o(i.LPUART_ReadBlocking)
    i.LPUART_WriteBlocking                   0x80002c7c   Section        0  fsl_lpuart.o(i.LPUART_WriteBlocking)
    i.NorFlash_FlexSPI_ModeInit              0x80002ce0   Section        0  bsp_norflash.o(i.NorFlash_FlexSPI_ModeInit)
    NorFlash_FlexSPI_ModeInit                0x80002ce1   Thumb Code    88  bsp_norflash.o(i.NorFlash_FlexSPI_ModeInit)
    i.SCB_DisableDCache                      0x80002d4c   Section        0  board.o(i.SCB_DisableDCache)
    SCB_DisableDCache                        0x80002d4d   Thumb Code   150  board.o(i.SCB_DisableDCache)
    i.SCB_DisableDCache                      0x80002dec   Section        0  bsp_norflash.o(i.SCB_DisableDCache)
    SCB_DisableDCache                        0x80002ded   Thumb Code   150  bsp_norflash.o(i.SCB_DisableDCache)
    i.SCB_EnableDCache                       0x80002e8c   Section        0  board.o(i.SCB_EnableDCache)
    SCB_EnableDCache                         0x80002e8d   Thumb Code   148  board.o(i.SCB_EnableDCache)
    i.SCB_EnableICache                       0x80002f28   Section        0  board.o(i.SCB_EnableICache)
    SCB_EnableICache                         0x80002f29   Thumb Code   116  board.o(i.SCB_EnableICache)
    i.StrFormatPrintf                        0x80002fa4   Section        0  fsl_str.o(i.StrFormatPrintf)
    i.__ARM_fpclassify                       0x800035cc   Section        0  fpclassify.o(i.__ARM_fpclassify)
    i.__aeabi_assert                         0x800035fc   Section        0  fsl_assert.o(i.__aeabi_assert)
    i.__hardfp_modf                          0x80003640   Section        0  modf.o(i.__hardfp_modf)
    i.__hardfp_pow                           0x80003700   Section        0  pow.o(i.__hardfp_pow)
    i.__kernel_poly                          0x80003ff8   Section        0  poly.o(i.__kernel_poly)
    i.__mathlib_dbl_divzero                  0x80004068   Section        0  dunder.o(i.__mathlib_dbl_divzero)
    i.__mathlib_dbl_infnan2                  0x80004088   Section        0  dunder.o(i.__mathlib_dbl_infnan2)
    i.__mathlib_dbl_invalid                  0x80004090   Section        0  dunder.o(i.__mathlib_dbl_invalid)
    i.__mathlib_dbl_overflow                 0x800040a8   Section        0  dunder.o(i.__mathlib_dbl_overflow)
    i.__mathlib_dbl_underflow                0x800040c0   Section        0  dunder.o(i.__mathlib_dbl_underflow)
    i.__set_errno                            0x800040d8   Section        0  errno.o(i.__set_errno)
    i.fabs                                   0x800040e4   Section        0  fabs.o(i.fabs)
    i.jumpToApp                              0x800040fc   Section        0  main.o(i.jumpToApp)
    i.main                                   0x80004150   Section        0  main.o(i.main)
    i.sqrt                                   0x8000416c   Section        0  sqrt.o(i.sqrt)
    .constdata                               0x800041d8   Section       16  fsl_clock.o(.constdata)
    .constdata                               0x800041e8   Section       72  fsl_lpuart.o(.constdata)
    s_lpuartBases                            0x800041e8   Data          36  fsl_lpuart.o(.constdata)
    s_lpuartIRQ                              0x8000420c   Data          18  fsl_lpuart.o(.constdata)
    s_lpuartClock                            0x8000421e   Data          18  fsl_lpuart.o(.constdata)
    .constdata                               0x80004230   Section        8  fsl_flexspi.o(.constdata)
    s_flexspiBases                           0x80004230   Data           4  fsl_flexspi.o(.constdata)
    s_flexspiIrqs                            0x80004234   Data           2  fsl_flexspi.o(.constdata)
    s_flexspiClock                           0x80004236   Data           2  fsl_flexspi.o(.constdata)
    .constdata                               0x80004238   Section       17  clock_config.o(.constdata)
    .constdata                               0x8000424c   Section      360  bsp_norflash.o(.constdata)
    .constdata                               0x800043b8   Section      136  pow.o(.constdata)
    bp                                       0x800043b8   Data          16  pow.o(.constdata)
    dp_h                                     0x800043c8   Data          16  pow.o(.constdata)
    dp_l                                     0x800043d8   Data          16  pow.o(.constdata)
    L                                        0x800043e8   Data          48  pow.o(.constdata)
    P                                        0x80004418   Data          40  pow.o(.constdata)
    .constdata                               0x80004440   Section        8  qnan.o(.constdata)
    .data                                    0x8000cc00   Section        4  system_mimxrt1052.o(.data)
    .data                                    0x8000cc04   Section        8  fsl_clock.o(.data)
    .data                                    0x8000cc0c   Section        4  fsl_lpuart.o(.data)
    s_lpuartIsr                              0x8000cc0c   Data           4  fsl_lpuart.o(.data)
    .data                                    0x8000cc10   Section        4  fsl_flexspi.o(.data)
    s_flexspiHandle                          0x8000cc10   Data           4  fsl_flexspi.o(.data)
    .data                                    0x8000cc14   Section        8  fsl_io.o(.data)
    s_debugConsoleIO                         0x8000cc14   Data           8  fsl_io.o(.data)
    .data                                    0x8000cc1c   Section       12  main.o(.data)
    .data                                    0x8000cc28   Section       32  bsp_norflash.o(.data)
    .data                                    0x8000cc48   Section        4  errno.o(.data)
    _errno                                   0x8000cc48   Data           4  errno.o(.data)
    .bss                                     0x8000cc4c   Section       36  fsl_lpuart.o(.bss)
    s_lpuartHandle                           0x8000cc4c   Data          36  fsl_lpuart.o(.bss)

    Global Symbols

    Symbol Name                              Value     Ov Type        Size  Object(Section)

    BuildAttributes$$THM_ISAv4$E$P$D$K$B$S$7EM$VFPv5_D16$PE$PLD8$A:L22UL41UL21$X:L11$S22US41US21$IEEE1$IW$USESV6$~STKCKD$USESV7$~SHL$OTIME$ROPI$IEEEX$EBA8$MICROLIB$REQ8$PRES8$EABIv2 0x00000000   Number         0  anon$$obj.o ABSOLUTE
    __ARM_use_no_argv                        0x00000000   Number         0  main.o ABSOLUTE
    __cpp_initialize__aeabi_                  - Undefined Weak Reference
    __cxa_finalize                            - Undefined Weak Reference
    __decompress                              - Undefined Weak Reference
    _clock_init                               - Undefined Weak Reference
    _microlib_exit                            - Undefined Weak Reference
    __Vectors_Size                           0x00000400   Number         0  startup_mimxrt1052.o ABSOLUTE
    Image$$RW_m_config_text$$Base            0x60000000   Number         0  anon$$obj.o ABSOLUTE
    spiflash_config                          0x60000000   Data         512  fire_imxrt1052_spiflash_config.o(.boot_hdr.conf)
    image_vector_table                       0x60001000   Data          32  fsl_flexspi_nor_boot.o(.boot_hdr.ivt)
    boot_data                                0x60001020   Data          16  fsl_flexspi_nor_boot.o(.boot_hdr.boot_data)
    dcd_data                                 0x60001030   Data        1072  fire_imxrt1052_sdram_ini_dcd.o(.boot_hdr.dcd_data)
    Image$$VECTOR_ROM$$Base                  0x60002000   Number         0  anon$$obj.o ABSOLUTE
    __Vectors                                0x60002000   Data           4  startup_mimxrt1052.o(RESET)
    __Vectors_End                            0x60002400   Data           0  startup_mimxrt1052.o(RESET)
    __main                                   0x60002401   Thumb Code     0  entry.o(.ARM.Collect$$$$00000000)
    _main_stk                                0x60002401   Thumb Code     0  entry4.o(.ARM.Collect$$$$00000003)
    _main_scatterload                        0x60002405   Thumb Code     0  entry5.o(.ARM.Collect$$$$00000004)
    __main_after_scatterload                 0x60002409   Thumb Code     0  entry5.o(.ARM.Collect$$$$00000004)
    _main_clock                              0x60002409   Thumb Code     0  entry7b.o(.ARM.Collect$$$$00000008)
    _main_cpp_init                           0x60002409   Thumb Code     0  entry8b.o(.ARM.Collect$$$$0000000A)
    _main_init                               0x60002409   Thumb Code     0  entry9a.o(.ARM.Collect$$$$0000000B)
    __rt_final_cpp                           0x60002411   Thumb Code     0  entry10a.o(.ARM.Collect$$$$0000000D)
    __rt_final_exit                          0x60002411   Thumb Code     0  entry11a.o(.ARM.Collect$$$$0000000F)
    Reset_Handler                            0x60002415   Thumb Code    24  startup_mimxrt1052.o(.text)
    NMI_Handler                              0x6000242d   Thumb Code     2  startup_mimxrt1052.o(.text)
    HardFault_Handler                        0x6000242f   Thumb Code     2  startup_mimxrt1052.o(.text)
    MemManage_Handler                        0x60002431   Thumb Code     2  startup_mimxrt1052.o(.text)
    BusFault_Handler                         0x60002433   Thumb Code     2  startup_mimxrt1052.o(.text)
    UsageFault_Handler                       0x60002435   Thumb Code     2  startup_mimxrt1052.o(.text)
    SVC_Handler                              0x60002437   Thumb Code     2  startup_mimxrt1052.o(.text)
    DebugMon_Handler                         0x60002439   Thumb Code     2  startup_mimxrt1052.o(.text)
    PendSV_Handler                           0x6000243b   Thumb Code     2  startup_mimxrt1052.o(.text)
    SysTick_Handler                          0x6000243d   Thumb Code     2  startup_mimxrt1052.o(.text)
    DMA0_DMA16_IRQHandler                    0x6000243f   Thumb Code     4  startup_mimxrt1052.o(.text)
    DMA1_DMA17_IRQHandler                    0x60002443   Thumb Code     4  startup_mimxrt1052.o(.text)
    DMA2_DMA18_IRQHandler                    0x60002447   Thumb Code     4  startup_mimxrt1052.o(.text)
    DMA3_DMA19_IRQHandler                    0x6000244b   Thumb Code     4  startup_mimxrt1052.o(.text)
    DMA4_DMA20_IRQHandler                    0x6000244f   Thumb Code     4  startup_mimxrt1052.o(.text)
    DMA5_DMA21_IRQHandler                    0x60002453   Thumb Code     4  startup_mimxrt1052.o(.text)
    DMA6_DMA22_IRQHandler                    0x60002457   Thumb Code     4  startup_mimxrt1052.o(.text)
    DMA7_DMA23_IRQHandler                    0x6000245b   Thumb Code     4  startup_mimxrt1052.o(.text)
    DMA8_DMA24_IRQHandler                    0x6000245f   Thumb Code     4  startup_mimxrt1052.o(.text)
    DMA9_DMA25_IRQHandler                    0x60002463   Thumb Code     4  startup_mimxrt1052.o(.text)
    DMA10_DMA26_IRQHandler                   0x60002467   Thumb Code     4  startup_mimxrt1052.o(.text)
    DMA11_DMA27_IRQHandler                   0x6000246b   Thumb Code     4  startup_mimxrt1052.o(.text)
    DMA12_DMA28_IRQHandler                   0x6000246f   Thumb Code     4  startup_mimxrt1052.o(.text)
    DMA13_DMA29_IRQHandler                   0x60002473   Thumb Code     4  startup_mimxrt1052.o(.text)
    DMA14_DMA30_IRQHandler                   0x60002477   Thumb Code     4  startup_mimxrt1052.o(.text)
    DMA15_DMA31_IRQHandler                   0x6000247b   Thumb Code     4  startup_mimxrt1052.o(.text)
    DMA_ERROR_IRQHandler                     0x6000247f   Thumb Code     4  startup_mimxrt1052.o(.text)
    LPUART1_IRQHandler                       0x60002483   Thumb Code     4  startup_mimxrt1052.o(.text)
    LPUART2_IRQHandler                       0x60002487   Thumb Code     4  startup_mimxrt1052.o(.text)
    LPUART3_IRQHandler                       0x6000248b   Thumb Code     4  startup_mimxrt1052.o(.text)
    LPUART4_IRQHandler                       0x6000248f   Thumb Code     4  startup_mimxrt1052.o(.text)
    LPUART5_IRQHandler                       0x60002493   Thumb Code     4  startup_mimxrt1052.o(.text)
    LPUART6_IRQHandler                       0x60002497   Thumb Code     4  startup_mimxrt1052.o(.text)
    LPUART7_IRQHandler                       0x6000249b   Thumb Code     4  startup_mimxrt1052.o(.text)
    LPUART8_IRQHandler                       0x6000249f   Thumb Code     4  startup_mimxrt1052.o(.text)
    LPI2C1_IRQHandler                        0x600024a3   Thumb Code     4  startup_mimxrt1052.o(.text)
    LPI2C2_IRQHandler                        0x600024a7   Thumb Code     4  startup_mimxrt1052.o(.text)
    LPI2C3_IRQHandler                        0x600024ab   Thumb Code     4  startup_mimxrt1052.o(.text)
    LPI2C4_IRQHandler                        0x600024af   Thumb Code     4  startup_mimxrt1052.o(.text)
    LPSPI1_IRQHandler                        0x600024b3   Thumb Code     4  startup_mimxrt1052.o(.text)
    LPSPI2_IRQHandler                        0x600024b7   Thumb Code     4  startup_mimxrt1052.o(.text)
    LPSPI3_IRQHandler                        0x600024bb   Thumb Code     4  startup_mimxrt1052.o(.text)
    LPSPI4_IRQHandler                        0x600024bf   Thumb Code     4  startup_mimxrt1052.o(.text)
    CAN1_IRQHandler                          0x600024c3   Thumb Code     4  startup_mimxrt1052.o(.text)
    CAN2_IRQHandler                          0x600024c7   Thumb Code     4  startup_mimxrt1052.o(.text)
    SAI1_IRQHandler                          0x600024cb   Thumb Code     4  startup_mimxrt1052.o(.text)
    SAI2_IRQHandler                          0x600024cf   Thumb Code     4  startup_mimxrt1052.o(.text)
    SAI3_RX_IRQHandler                       0x600024d3   Thumb Code     4  startup_mimxrt1052.o(.text)
    SAI3_TX_IRQHandler                       0x600024d7   Thumb Code     4  startup_mimxrt1052.o(.text)
    SPDIF_IRQHandler                         0x600024db   Thumb Code     4  startup_mimxrt1052.o(.text)
    FLEXIO1_IRQHandler                       0x600024df   Thumb Code     4  startup_mimxrt1052.o(.text)
    FLEXIO2_IRQHandler                       0x600024e3   Thumb Code     4  startup_mimxrt1052.o(.text)
    FLEXSPI_IRQHandler                       0x600024e7   Thumb Code     4  startup_mimxrt1052.o(.text)
    USDHC1_IRQHandler                        0x600024eb   Thumb Code     4  startup_mimxrt1052.o(.text)
    USDHC2_IRQHandler                        0x600024ef   Thumb Code     4  startup_mimxrt1052.o(.text)
    ENET_IRQHandler                          0x600024f3   Thumb Code     4  startup_mimxrt1052.o(.text)
    ENET_1588_Timer_IRQHandler               0x600024f7   Thumb Code     4  startup_mimxrt1052.o(.text)
    ACMP1_IRQHandler                         0x600024fb   Thumb Code     0  startup_mimxrt1052.o(.text)
    ACMP2_IRQHandler                         0x600024fb   Thumb Code     0  startup_mimxrt1052.o(.text)
    ACMP3_IRQHandler                         0x600024fb   Thumb Code     0  startup_mimxrt1052.o(.text)
    ACMP4_IRQHandler                         0x600024fb   Thumb Code     0  startup_mimxrt1052.o(.text)
    ADC1_IRQHandler                          0x600024fb   Thumb Code     0  startup_mimxrt1052.o(.text)
    ADC2_IRQHandler                          0x600024fb   Thumb Code     0  startup_mimxrt1052.o(.text)
    ADC_ETC_ERROR_IRQ_IRQHandler             0x600024fb   Thumb Code     0  startup_mimxrt1052.o(.text)
    ADC_ETC_IRQ0_IRQHandler                  0x600024fb   Thumb Code     0  startup_mimxrt1052.o(.text)
    ADC_ETC_IRQ1_IRQHandler                  0x600024fb   Thumb Code     0  startup_mimxrt1052.o(.text)
    ADC_ETC_IRQ2_IRQHandler                  0x600024fb   Thumb Code     0  startup_mimxrt1052.o(.text)
    ANATOP_EVENT0_IRQHandler                 0x600024fb   Thumb Code     0  startup_mimxrt1052.o(.text)
    ANATOP_EVENT1_IRQHandler                 0x600024fb   Thumb Code     0  startup_mimxrt1052.o(.text)
    ANATOP_TAMP_LOW_HIGH_IRQHandler          0x600024fb   Thumb Code     0  startup_mimxrt1052.o(.text)
    ANATOP_TEMP_PANIC_IRQHandler             0x600024fb   Thumb Code     0  startup_mimxrt1052.o(.text)
    BEE_IRQHandler                           0x600024fb   Thumb Code     0  startup_mimxrt1052.o(.text)
    CAN1_DriverIRQHandler                    0x600024fb   Thumb Code     0  startup_mimxrt1052.o(.text)
    CAN2_DriverIRQHandler                    0x600024fb   Thumb Code     0  startup_mimxrt1052.o(.text)
    CCM_1_IRQHandler                         0x600024fb   Thumb Code     0  startup_mimxrt1052.o(.text)
    CCM_2_IRQHandler                         0x600024fb   Thumb Code     0  startup_mimxrt1052.o(.text)
    CORE_IRQHandler                          0x600024fb   Thumb Code     0  startup_mimxrt1052.o(.text)
    CSI_IRQHandler                           0x600024fb   Thumb Code     0  startup_mimxrt1052.o(.text)
    CSU_IRQHandler                           0x600024fb   Thumb Code     0  startup_mimxrt1052.o(.text)
    CTI0_ERROR_IRQHandler                    0x600024fb   Thumb Code     0  startup_mimxrt1052.o(.text)
    CTI1_ERROR_IRQHandler                    0x600024fb   Thumb Code     0  startup_mimxrt1052.o(.text)
    DCDC_IRQHandler                          0x600024fb   Thumb Code     0  startup_mimxrt1052.o(.text)
    DCP_IRQHandler                           0x600024fb   Thumb Code     0  startup_mimxrt1052.o(.text)
    DCP_VMI_IRQHandler                       0x600024fb   Thumb Code     0  startup_mimxrt1052.o(.text)
    DMA0_DMA16_DriverIRQHandler              0x600024fb   Thumb Code     0  startup_mimxrt1052.o(.text)
    DMA10_DMA26_DriverIRQHandler             0x600024fb   Thumb Code     0  startup_mimxrt1052.o(.text)
    DMA11_DMA27_DriverIRQHandler             0x600024fb   Thumb Code     0  startup_mimxrt1052.o(.text)
    DMA12_DMA28_DriverIRQHandler             0x600024fb   Thumb Code     0  startup_mimxrt1052.o(.text)
    DMA13_DMA29_DriverIRQHandler             0x600024fb   Thumb Code     0  startup_mimxrt1052.o(.text)
    DMA14_DMA30_DriverIRQHandler             0x600024fb   Thumb Code     0  startup_mimxrt1052.o(.text)
    DMA15_DMA31_DriverIRQHandler             0x600024fb   Thumb Code     0  startup_mimxrt1052.o(.text)
    DMA1_DMA17_DriverIRQHandler              0x600024fb   Thumb Code     0  startup_mimxrt1052.o(.text)
    DMA2_DMA18_DriverIRQHandler              0x600024fb   Thumb Code     0  startup_mimxrt1052.o(.text)
    DMA3_DMA19_DriverIRQHandler              0x600024fb   Thumb Code     0  startup_mimxrt1052.o(.text)
    DMA4_DMA20_DriverIRQHandler              0x600024fb   Thumb Code     0  startup_mimxrt1052.o(.text)
    DMA5_DMA21_DriverIRQHandler              0x600024fb   Thumb Code     0  startup_mimxrt1052.o(.text)
    DMA6_DMA22_DriverIRQHandler              0x600024fb   Thumb Code     0  startup_mimxrt1052.o(.text)
    DMA7_DMA23_DriverIRQHandler              0x600024fb   Thumb Code     0  startup_mimxrt1052.o(.text)
    DMA8_DMA24_DriverIRQHandler              0x600024fb   Thumb Code     0  startup_mimxrt1052.o(.text)
    DMA9_DMA25_DriverIRQHandler              0x600024fb   Thumb Code     0  startup_mimxrt1052.o(.text)
    DMA_ERROR_DriverIRQHandler               0x600024fb   Thumb Code     0  startup_mimxrt1052.o(.text)
    DefaultISR                               0x600024fb   Thumb Code     0  startup_mimxrt1052.o(.text)
    ENC1_IRQHandler                          0x600024fb   Thumb Code     0  startup_mimxrt1052.o(.text)
    ENC2_IRQHandler                          0x600024fb   Thumb Code     0  startup_mimxrt1052.o(.text)
    ENC3_IRQHandler                          0x600024fb   Thumb Code     0  startup_mimxrt1052.o(.text)
    ENC4_IRQHandler                          0x600024fb   Thumb Code     0  startup_mimxrt1052.o(.text)
    ENET_1588_Timer_DriverIRQHandler         0x600024fb   Thumb Code     0  startup_mimxrt1052.o(.text)
    ENET_DriverIRQHandler                    0x600024fb   Thumb Code     0  startup_mimxrt1052.o(.text)
    EWM_IRQHandler                           0x600024fb   Thumb Code     0  startup_mimxrt1052.o(.text)
    FLEXIO1_DriverIRQHandler                 0x600024fb   Thumb Code     0  startup_mimxrt1052.o(.text)
    FLEXIO2_DriverIRQHandler                 0x600024fb   Thumb Code     0  startup_mimxrt1052.o(.text)
    FLEXRAM_IRQHandler                       0x600024fb   Thumb Code     0  startup_mimxrt1052.o(.text)
    GPC_IRQHandler                           0x600024fb   Thumb Code     0  startup_mimxrt1052.o(.text)
    GPIO1_Combined_0_15_IRQHandler           0x600024fb   Thumb Code     0  startup_mimxrt1052.o(.text)
    GPIO1_Combined_16_31_IRQHandler          0x600024fb   Thumb Code     0  startup_mimxrt1052.o(.text)
    GPIO1_INT0_IRQHandler                    0x600024fb   Thumb Code     0  startup_mimxrt1052.o(.text)
    GPIO1_INT1_IRQHandler                    0x600024fb   Thumb Code     0  startup_mimxrt1052.o(.text)
    GPIO1_INT2_IRQHandler                    0x600024fb   Thumb Code     0  startup_mimxrt1052.o(.text)
    GPIO1_INT3_IRQHandler                    0x600024fb   Thumb Code     0  startup_mimxrt1052.o(.text)
    GPIO1_INT4_IRQHandler                    0x600024fb   Thumb Code     0  startup_mimxrt1052.o(.text)
    GPIO1_INT5_IRQHandler                    0x600024fb   Thumb Code     0  startup_mimxrt1052.o(.text)
    GPIO1_INT6_IRQHandler                    0x600024fb   Thumb Code     0  startup_mimxrt1052.o(.text)
    GPIO1_INT7_IRQHandler                    0x600024fb   Thumb Code     0  startup_mimxrt1052.o(.text)
    GPIO2_Combined_0_15_IRQHandler           0x600024fb   Thumb Code     0  startup_mimxrt1052.o(.text)
    GPIO2_Combined_16_31_IRQHandler          0x600024fb   Thumb Code     0  startup_mimxrt1052.o(.text)
    GPIO3_Combined_0_15_IRQHandler           0x600024fb   Thumb Code     0  startup_mimxrt1052.o(.text)
    GPIO3_Combined_16_31_IRQHandler          0x600024fb   Thumb Code     0  startup_mimxrt1052.o(.text)
    GPIO4_Combined_0_15_IRQHandler           0x600024fb   Thumb Code     0  startup_mimxrt1052.o(.text)
    GPIO4_Combined_16_31_IRQHandler          0x600024fb   Thumb Code     0  startup_mimxrt1052.o(.text)
    GPIO5_Combined_0_15_IRQHandler           0x600024fb   Thumb Code     0  startup_mimxrt1052.o(.text)
    GPIO5_Combined_16_31_IRQHandler          0x600024fb   Thumb Code     0  startup_mimxrt1052.o(.text)
    GPR_IRQ_IRQHandler                       0x600024fb   Thumb Code     0  startup_mimxrt1052.o(.text)
    GPT1_IRQHandler                          0x600024fb   Thumb Code     0  startup_mimxrt1052.o(.text)
    GPT2_IRQHandler                          0x600024fb   Thumb Code     0  startup_mimxrt1052.o(.text)
    KPP_IRQHandler                           0x600024fb   Thumb Code     0  startup_mimxrt1052.o(.text)
    LCDIF_IRQHandler                         0x600024fb   Thumb Code     0  startup_mimxrt1052.o(.text)
    LPI2C1_DriverIRQHandler                  0x600024fb   Thumb Code     0  startup_mimxrt1052.o(.text)
    LPI2C2_DriverIRQHandler                  0x600024fb   Thumb Code     0  startup_mimxrt1052.o(.text)
    LPI2C3_DriverIRQHandler                  0x600024fb   Thumb Code     0  startup_mimxrt1052.o(.text)
    LPI2C4_DriverIRQHandler                  0x600024fb   Thumb Code     0  startup_mimxrt1052.o(.text)
    LPSPI1_DriverIRQHandler                  0x600024fb   Thumb Code     0  startup_mimxrt1052.o(.text)
    LPSPI2_DriverIRQHandler                  0x600024fb   Thumb Code     0  startup_mimxrt1052.o(.text)
    LPSPI3_DriverIRQHandler                  0x600024fb   Thumb Code     0  startup_mimxrt1052.o(.text)
    LPSPI4_DriverIRQHandler                  0x600024fb   Thumb Code     0  startup_mimxrt1052.o(.text)
    NMI_WAKEUP_IRQHandler                    0x600024fb   Thumb Code     0  startup_mimxrt1052.o(.text)
    PIT_IRQHandler                           0x600024fb   Thumb Code     0  startup_mimxrt1052.o(.text)
    PWM1_0_IRQHandler                        0x600024fb   Thumb Code     0  startup_mimxrt1052.o(.text)
    PWM1_1_IRQHandler                        0x600024fb   Thumb Code     0  startup_mimxrt1052.o(.text)
    PWM1_2_IRQHandler                        0x600024fb   Thumb Code     0  startup_mimxrt1052.o(.text)
    PWM1_3_IRQHandler                        0x600024fb   Thumb Code     0  startup_mimxrt1052.o(.text)
    PWM1_FAULT_IRQHandler                    0x600024fb   Thumb Code     0  startup_mimxrt1052.o(.text)
    PWM2_0_IRQHandler                        0x600024fb   Thumb Code     0  startup_mimxrt1052.o(.text)
    PWM2_1_IRQHandler                        0x600024fb   Thumb Code     0  startup_mimxrt1052.o(.text)
    PWM2_2_IRQHandler                        0x600024fb   Thumb Code     0  startup_mimxrt1052.o(.text)
    PWM2_3_IRQHandler                        0x600024fb   Thumb Code     0  startup_mimxrt1052.o(.text)
    PWM2_FAULT_IRQHandler                    0x600024fb   Thumb Code     0  startup_mimxrt1052.o(.text)
    PWM3_0_IRQHandler                        0x600024fb   Thumb Code     0  startup_mimxrt1052.o(.text)
    PWM3_1_IRQHandler                        0x600024fb   Thumb Code     0  startup_mimxrt1052.o(.text)
    PWM3_2_IRQHandler                        0x600024fb   Thumb Code     0  startup_mimxrt1052.o(.text)
    PWM3_3_IRQHandler                        0x600024fb   Thumb Code     0  startup_mimxrt1052.o(.text)
    PWM3_FAULT_IRQHandler                    0x600024fb   Thumb Code     0  startup_mimxrt1052.o(.text)
    PWM4_0_IRQHandler                        0x600024fb   Thumb Code     0  startup_mimxrt1052.o(.text)
    PWM4_1_IRQHandler                        0x600024fb   Thumb Code     0  startup_mimxrt1052.o(.text)
    PWM4_2_IRQHandler                        0x600024fb   Thumb Code     0  startup_mimxrt1052.o(.text)
    PWM4_3_IRQHandler                        0x600024fb   Thumb Code     0  startup_mimxrt1052.o(.text)
    PWM4_FAULT_IRQHandler                    0x600024fb   Thumb Code     0  startup_mimxrt1052.o(.text)
    PXP_IRQHandler                           0x600024fb   Thumb Code     0  startup_mimxrt1052.o(.text)
    RTWDOG_IRQHandler                        0x600024fb   Thumb Code     0  startup_mimxrt1052.o(.text)
    Reserved115_IRQHandler                   0x600024fb   Thumb Code     0  startup_mimxrt1052.o(.text)
    Reserved123_IRQHandler                   0x600024fb   Thumb Code     0  startup_mimxrt1052.o(.text)
    Reserved143_IRQHandler                   0x600024fb   Thumb Code     0  startup_mimxrt1052.o(.text)
    Reserved144_IRQHandler                   0x600024fb   Thumb Code     0  startup_mimxrt1052.o(.text)
    Reserved168_IRQHandler                   0x600024fb   Thumb Code     0  startup_mimxrt1052.o(.text)
    Reserved169_IRQHandler                   0x600024fb   Thumb Code     0  startup_mimxrt1052.o(.text)
    Reserved170_IRQHandler                   0x600024fb   Thumb Code     0  startup_mimxrt1052.o(.text)
    Reserved171_IRQHandler                   0x600024fb   Thumb Code     0  startup_mimxrt1052.o(.text)
    Reserved172_IRQHandler                   0x600024fb   Thumb Code     0  startup_mimxrt1052.o(.text)
    Reserved173_IRQHandler                   0x600024fb   Thumb Code     0  startup_mimxrt1052.o(.text)
    Reserved68_IRQHandler                    0x600024fb   Thumb Code     0  startup_mimxrt1052.o(.text)
    Reserved86_IRQHandler                    0x600024fb   Thumb Code     0  startup_mimxrt1052.o(.text)
    Reserved87_IRQHandler                    0x600024fb   Thumb Code     0  startup_mimxrt1052.o(.text)
    SAI1_DriverIRQHandler                    0x600024fb   Thumb Code     0  startup_mimxrt1052.o(.text)
    SAI2_DriverIRQHandler                    0x600024fb   Thumb Code     0  startup_mimxrt1052.o(.text)
    SAI3_RX_DriverIRQHandler                 0x600024fb   Thumb Code     0  startup_mimxrt1052.o(.text)
    SAI3_TX_DriverIRQHandler                 0x600024fb   Thumb Code     0  startup_mimxrt1052.o(.text)
    SEMC_IRQHandler                          0x600024fb   Thumb Code     0  startup_mimxrt1052.o(.text)
    SJC_ARM_DEBUG_IRQHandler                 0x600024fb   Thumb Code     0  startup_mimxrt1052.o(.text)
    SJC_IRQHandler                           0x600024fb   Thumb Code     0  startup_mimxrt1052.o(.text)
    SNVS_HP_WRAPPER_IRQHandler               0x600024fb   Thumb Code     0  startup_mimxrt1052.o(.text)
    SNVS_HP_WRAPPER_TZ_IRQHandler            0x600024fb   Thumb Code     0  startup_mimxrt1052.o(.text)
    SNVS_LP_WRAPPER_IRQHandler               0x600024fb   Thumb Code     0  startup_mimxrt1052.o(.text)
    SPDIF_DriverIRQHandler                   0x600024fb   Thumb Code     0  startup_mimxrt1052.o(.text)
    SRC_IRQHandler                           0x600024fb   Thumb Code     0  startup_mimxrt1052.o(.text)
    TMR1_IRQHandler                          0x600024fb   Thumb Code     0  startup_mimxrt1052.o(.text)
    TMR2_IRQHandler                          0x600024fb   Thumb Code     0  startup_mimxrt1052.o(.text)
    TMR3_IRQHandler                          0x600024fb   Thumb Code     0  startup_mimxrt1052.o(.text)
    TMR4_IRQHandler                          0x600024fb   Thumb Code     0  startup_mimxrt1052.o(.text)
    TRNG_IRQHandler                          0x600024fb   Thumb Code     0  startup_mimxrt1052.o(.text)
    TSC_DIG_IRQHandler                       0x600024fb   Thumb Code     0  startup_mimxrt1052.o(.text)
    USB_OTG1_IRQHandler                      0x600024fb   Thumb Code     0  startup_mimxrt1052.o(.text)
    USB_OTG2_IRQHandler                      0x600024fb   Thumb Code     0  startup_mimxrt1052.o(.text)
    USB_PHY1_IRQHandler                      0x600024fb   Thumb Code     0  startup_mimxrt1052.o(.text)
    USB_PHY2_IRQHandler                      0x600024fb   Thumb Code     0  startup_mimxrt1052.o(.text)
    USDHC1_DriverIRQHandler                  0x600024fb   Thumb Code     0  startup_mimxrt1052.o(.text)
    USDHC2_DriverIRQHandler                  0x600024fb   Thumb Code     0  startup_mimxrt1052.o(.text)
    WDOG1_IRQHandler                         0x600024fb   Thumb Code     0  startup_mimxrt1052.o(.text)
    WDOG2_IRQHandler                         0x600024fb   Thumb Code     0  startup_mimxrt1052.o(.text)
    XBAR1_IRQ_0_1_IRQHandler                 0x600024fb   Thumb Code     0  startup_mimxrt1052.o(.text)
    XBAR1_IRQ_2_3_IRQHandler                 0x600024fb   Thumb Code     0  startup_mimxrt1052.o(.text)
    __scatterload                            0x600025d1   Thumb Code    28  init.o(.text)
    __scatterload_rt2                        0x600025d1   Thumb Code     0  init.o(.text)
    SystemInit                               0x6000270d   Thumb Code   158  system_mimxrt1052.o(i.SystemInit)
    SystemInitHook                           0x600027c1   Thumb Code     2  system_mimxrt1052.o(i.SystemInitHook)
    __scatterload_copy                       0x600027c3   Thumb Code    14  handlers.o(i.__scatterload_copy)
    __scatterload_null                       0x600027d1   Thumb Code     2  handlers.o(i.__scatterload_null)
    __scatterload_zeroinit                   0x600027d3   Thumb Code    14  handlers.o(i.__scatterload_zeroinit)
    Region$$Table$$Base                      0x600027e0   Number         0  anon$$obj.o(Region$$Table)
    Region$$Table$$Limit                     0x60002810   Number         0  anon$$obj.o(Region$$Table)
    Image$$VECTOR_RAM$$Base                  0x80000000   Number         0  anon$$obj.o ABSOLUTE
    Image$$ER_m_ram_text$$Base               0x80000400   Number         0  anon$$obj.o ABSOLUTE
    MSR_MSP                                  0x80000401   Thumb Code     6  main.o(.emb_text)
    __aeabi_uldivmod                         0x80000407   Thumb Code    98  uldiv.o(.text)
    __aeabi_ldivmod                          0x80000469   Thumb Code    98  ldiv.o(.text)
    ___aeabi_memcpy8$move                    0x800004cb   Thumb Code     0  memmovea.o(.text)
    __aeabi_memcpy                           0x800004cb   Thumb Code    64  memmovea.o(.text)
    __aeabi_memcpy4                          0x800004cb   Thumb Code     0  memmovea.o(.text)
    __aeabi_memmove                          0x800004cb   Thumb Code     0  memmovea.o(.text)
    __aeabi_memmove4                         0x800004cb   Thumb Code     0  memmovea.o(.text)
    __aeabi_memmove8                         0x800004cb   Thumb Code     0  memmovea.o(.text)
    __aeabi_memset                           0x8000050b   Thumb Code    14  memseta.o(.text)
    __aeabi_memset4                          0x8000050b   Thumb Code     0  memseta.o(.text)
    __aeabi_memset8                          0x8000050b   Thumb Code     0  memseta.o(.text)
    __aeabi_memclr                           0x80000519   Thumb Code     4  memseta.o(.text)
    __aeabi_memclr4                          0x80000519   Thumb Code     0  memseta.o(.text)
    __aeabi_memclr8                          0x80000519   Thumb Code     0  memseta.o(.text)
    _memset$wrapper                          0x8000051d   Thumb Code    18  memseta.o(.text)
    strlen                                   0x8000052f   Thumb Code    14  strlen.o(.text)
    __aeabi_l2d                              0x8000053d   Thumb Code    40  dfltl.o(.text)
    __aeabi_d2lz                             0x80000565   Thumb Code    74  dfixl.o(.text)
    __aeabi_llsl                             0x800005af   Thumb Code    30  llshl.o(.text)
    _ll_shift_l                              0x800005af   Thumb Code     0  llshl.o(.text)
    __aeabi_llsr                             0x800005cd   Thumb Code    32  llushr.o(.text)
    _ll_ushift_r                             0x800005cd   Thumb Code     0  llushr.o(.text)
    __I$use$fp                               0x800005ed   Thumb Code     0  iusefp.o(.text)
    _double_round                            0x800005ed   Thumb Code    30  depilogue.o(.text)
    _double_epilogue                         0x8000060b   Thumb Code   156  depilogue.o(.text)
    __ARM_scalbn                             0x800006a7   Thumb Code    46  dscalb.o(.text)
    scalbn                                   0x800006a7   Thumb Code     0  dscalb.o(.text)
    BOARD_BootClockRUN                       0x800006d5   Thumb Code   598  clock_config.o(i.BOARD_BootClockRUN)
    BOARD_ConfigMPU                          0x800009c9   Thumb Code   394  board.o(i.BOARD_ConfigMPU)
    BOARD_DebugConsoleSrcFreq                0x80000b81   Thumb Code    92  board.o(i.BOARD_DebugConsoleSrcFreq)
    BOARD_InitDebugConsole                   0x80000bf9   Thumb Code    24  board.o(i.BOARD_InitDebugConsole)
    BOARD_InitPins                           0x80000c15   Thumb Code   104  pin_mux.o(i.BOARD_InitPins)
    CLOCK_GetPllFreq                         0x80000e25   Thumb Code   530  fsl_clock.o(i.CLOCK_GetPllFreq)
    CLOCK_InitArmPll                         0x80001051   Thumb Code    30  fsl_clock.o(i.CLOCK_InitArmPll)
    CLOCK_InitSysPll                         0x80001075   Thumb Code    30  fsl_clock.o(i.CLOCK_InitSysPll)
    CLOCK_InitUsb1Pfd                        0x80001099   Thumb Code    52  fsl_clock.o(i.CLOCK_InitUsb1Pfd)
    CLOCK_InitUsb1Pll                        0x800010d1   Thumb Code    32  fsl_clock.o(i.CLOCK_InitUsb1Pll)
    CopyAndUseRAMVectorTable                 0x80001665   Thumb Code    78  board.o(i.CopyAndUseRAMVectorTable)
    DbgConsole_Init                          0x800016c5   Thumb Code    42  fsl_debug_console.o(i.DbgConsole_Init)
    DbgConsole_Printf                        0x80001749   Thumb Code    60  fsl_debug_console.o(i.DbgConsole_Printf)
    FLEXSPI_CheckAndClearError               0x800017c9   Thumb Code   104  fsl_flexspi.o(i.FLEXSPI_CheckAndClearError)
    FLEXSPI_DriverIRQHandler                 0x800018d9   Thumb Code    14  fsl_flexspi.o(i.FLEXSPI_DriverIRQHandler)
    FLEXSPI_GetDefaultConfig                 0x8000190f   Thumb Code    92  fsl_flexspi.o(i.FLEXSPI_GetDefaultConfig)
    FLEXSPI_GetInstance                      0x8000196d   Thumb Code    46  fsl_flexspi.o(i.FLEXSPI_GetInstance)
    FLEXSPI_Init                             0x800019f1   Thumb Code   372  fsl_flexspi.o(i.FLEXSPI_Init)
    FLEXSPI_ReadBlocking                     0x80001b69   Thumb Code   214  fsl_flexspi.o(i.FLEXSPI_ReadBlocking)
    FLEXSPI_SetFlashConfig                   0x80001c41   Thumb Code   330  fsl_flexspi.o(i.FLEXSPI_SetFlashConfig)
    FLEXSPI_TransferAbort                    0x80001db1   Thumb Code    40  fsl_flexspi.o(i.FLEXSPI_TransferAbort)
    FLEXSPI_TransferBlocking                 0x80001e05   Thumb Code   210  fsl_flexspi.o(i.FLEXSPI_TransferBlocking)
    FLEXSPI_TransferHandleIRQ                0x80001ed7   Thumb Code   362  fsl_flexspi.o(i.FLEXSPI_TransferHandleIRQ)
    FLEXSPI_UpdateLUT                        0x80002041   Thumb Code    90  fsl_flexspi.o(i.FLEXSPI_UpdateLUT)
    FLEXSPI_WriteBlocking                    0x800020d1   Thumb Code   150  fsl_flexspi.o(i.FLEXSPI_WriteBlocking)
    FlexSPI_NorFlash_Enable_Quad_Mode        0x80002167   Thumb Code    44  bsp_norflash.o(i.FlexSPI_NorFlash_Enable_Quad_Mode)
    FlexSPI_NorFlash_Get_JedecDevice_ID      0x80002193   Thumb Code    82  bsp_norflash.o(i.FlexSPI_NorFlash_Get_JedecDevice_ID)
    FlexSPI_NorFlash_Init                    0x80002339   Thumb Code    42  bsp_norflash.o(i.FlexSPI_NorFlash_Init)
    FlexSPI_NorFlash_Read_Status_Register    0x80002369   Thumb Code    62  bsp_norflash.o(i.FlexSPI_NorFlash_Read_Status_Register)
    FlexSPI_NorFlash_Wait_Bus_Busy           0x800023a7   Thumb Code    82  bsp_norflash.o(i.FlexSPI_NorFlash_Wait_Bus_Busy)
    FlexSPI_NorFlash_Write_Enable            0x800023f9   Thumb Code    44  bsp_norflash.o(i.FlexSPI_NorFlash_Write_Enable)
    FlexSPI_NorFlash_Write_Status_Register   0x80002425   Thumb Code    82  bsp_norflash.o(i.FlexSPI_NorFlash_Write_Status_Register)
    IO_Init                                  0x800024c5   Thumb Code   130  fsl_io.o(i.IO_Init)
    IO_Transfer                              0x8000257d   Thumb Code    64  fsl_io.o(i.IO_Transfer)
    LOG_Init                                 0x800025c1   Thumb Code    36  fsl_log.o(i.LOG_Init)
    LOG_Pop                                  0x800025e5   Thumb Code    34  fsl_log.o(i.LOG_Pop)
    LOG_Push                                 0x80002609   Thumb Code    32  fsl_log.o(i.LOG_Push)
    LPUART1_DriverIRQHandler                 0x8000265d   Thumb Code    16  fsl_lpuart.o(i.LPUART1_DriverIRQHandler)
    LPUART2_DriverIRQHandler                 0x80002679   Thumb Code    16  fsl_lpuart.o(i.LPUART2_DriverIRQHandler)
    LPUART3_DriverIRQHandler                 0x80002695   Thumb Code    16  fsl_lpuart.o(i.LPUART3_DriverIRQHandler)
    LPUART4_DriverIRQHandler                 0x800026b1   Thumb Code    16  fsl_lpuart.o(i.LPUART4_DriverIRQHandler)
    LPUART5_DriverIRQHandler                 0x800026cd   Thumb Code    16  fsl_lpuart.o(i.LPUART5_DriverIRQHandler)
    LPUART6_DriverIRQHandler                 0x800026e9   Thumb Code    16  fsl_lpuart.o(i.LPUART6_DriverIRQHandler)
    LPUART7_DriverIRQHandler                 0x80002705   Thumb Code    16  fsl_lpuart.o(i.LPUART7_DriverIRQHandler)
    LPUART8_DriverIRQHandler                 0x80002721   Thumb Code    16  fsl_lpuart.o(i.LPUART8_DriverIRQHandler)
    LPUART_ClearStatusFlags                  0x8000273d   Thumb Code    82  fsl_lpuart.o(i.LPUART_ClearStatusFlags)
    LPUART_GetDefaultConfig                  0x80002795   Thumb Code    58  fsl_lpuart.o(i.LPUART_GetDefaultConfig)
    LPUART_GetInstance                       0x800027fd   Thumb Code    48  fsl_lpuart.o(i.LPUART_GetInstance)
    LPUART_GetStatusFlags                    0x8000287d   Thumb Code    16  fsl_lpuart.o(i.LPUART_GetStatusFlags)
    LPUART_Init                              0x8000288d   Thumb Code   548  fsl_lpuart.o(i.LPUART_Init)
    LPUART_ReadBlocking                      0x80002b7d   Thumb Code   210  fsl_lpuart.o(i.LPUART_ReadBlocking)
    LPUART_WriteBlocking                     0x80002c7d   Thumb Code    54  fsl_lpuart.o(i.LPUART_WriteBlocking)
    StrFormatPrintf                          0x80002fa5   Thumb Code  1576  fsl_str.o(i.StrFormatPrintf)
    __ARM_fpclassify                         0x800035cd   Thumb Code    48  fpclassify.o(i.__ARM_fpclassify)
    __aeabi_assert                           0x800035fd   Thumb Code    24  fsl_assert.o(i.__aeabi_assert)
    __hardfp_modf                            0x80003641   Thumb Code   186  modf.o(i.__hardfp_modf)
    __hardfp_pow                             0x80003701   Thumb Code  2140  pow.o(i.__hardfp_pow)
    __kernel_poly                            0x80003ff9   Thumb Code   112  poly.o(i.__kernel_poly)
    __mathlib_dbl_divzero                    0x80004069   Thumb Code    14  dunder.o(i.__mathlib_dbl_divzero)
    __mathlib_dbl_infnan2                    0x80004089   Thumb Code     6  dunder.o(i.__mathlib_dbl_infnan2)
    __mathlib_dbl_invalid                    0x80004091   Thumb Code    10  dunder.o(i.__mathlib_dbl_invalid)
    __mathlib_dbl_overflow                   0x800040a9   Thumb Code    10  dunder.o(i.__mathlib_dbl_overflow)
    __mathlib_dbl_underflow                  0x800040c1   Thumb Code    10  dunder.o(i.__mathlib_dbl_underflow)
    __set_errno                              0x800040d9   Thumb Code     6  errno.o(i.__set_errno)
    fabs                                     0x800040e5   Thumb Code    24  fabs.o(i.fabs)
    jumpToApp                                0x800040fd   Thumb Code    48  main.o(i.jumpToApp)
    main                                     0x80004151   Thumb Code    28  main.o(i.main)
    sqrt                                     0x8000416d   Thumb Code   106  sqrt.o(i.sqrt)
    armPllConfig_BOARD_BootClockRUN          0x80004238   Data           4  clock_config.o(.constdata)
    sysPllConfig_BOARD_BootClockRUN          0x8000423c   Data          12  clock_config.o(.constdata)
    usb1PllConfig_BOARD_BootClockRUN         0x80004248   Data           1  clock_config.o(.constdata)
    customLUT                                0x8000424c   Data         360  bsp_norflash.o(.constdata)
    __mathlib_zero                           0x80004440   Data           8  qnan.o(.constdata)
    SystemCoreClock                          0x8000cc00   Data           4  system_mimxrt1052.o(.data)
    g_xtalFreq                               0x8000cc04   Data           4  fsl_clock.o(.data)
    g_rtcXtalFreq                            0x8000cc08   Data           4  fsl_clock.o(.data)
    test                                     0x8000cc1c   Data           1  main.o(.data)
    appSize                                  0x8000cc20   Data           4  main.o(.data)
    appMain                                  0x8000cc24   Data           4  main.o(.data)
    deviceconfig                             0x8000cc28   Data          32  bsp_norflash.o(.data)
    Image$$ARM_LIB_HEAP$$ZI$$Base            0x8000cc70   Number         0  anon$$obj.o ABSOLUTE
    Image$$ARM_LIB_HEAP$$ZI$$Limit           0x8000d070   Number         0  anon$$obj.o ABSOLUTE
    Image$$ARM_LIB_STACK$$ZI$$Limit          0x8000e000   Number         0  anon$$obj.o ABSOLUTE



==============================================================================

Memory Map of the image

  Image Entry point : 0x60002401

  Load Region LR_m_rom_config (Base: 0x60000000, Size: 0x00000200, Max: 0x00001000, ABSOLUTE)

    Execution Region RW_m_config_text (Exec base: 0x60000000, Load base: 0x60000000, Size: 0x00000200, Max: 0x00001000, ABSOLUTE)

    Exec Addr    Load Addr    Size         Type   Attr      Idx    E Section Name        Object

    0x60000000   0x60000000   0x00000200   Data   RO         1771    .boot_hdr.conf      fire_imxrt1052_spiflash_config.o



  Load Region LR_m_rom_ivt (Base: 0x60001000, Size: 0x00000460, Max: 0x00001000, ABSOLUTE)

    Execution Region RW_m_ivt_text (Exec base: 0x60001000, Load base: 0x60001000, Size: 0x00000460, Max: 0x00001000, ABSOLUTE)

    Exec Addr    Load Addr    Size         Type   Attr      Idx    E Section Name        Object

    0x60001000   0x60001000   0x00000020   Data   RO         1796    .boot_hdr.ivt       fsl_flexspi_nor_boot.o
    0x60001020   0x60001020   0x00000010   Data   RO         1795    .boot_hdr.boot_data  fsl_flexspi_nor_boot.o
    0x60001030   0x60001030   0x00000430   Data   RO         1756    .boot_hdr.dcd_data  fire_imxrt1052_sdram_ini_dcd.o



  Load Region LR_m_text (Base: 0x60002000, Size: 0x000048a4, Max: 0x6000fc00, ABSOLUTE)

    Execution Region VECTOR_ROM (Exec base: 0x60002000, Load base: 0x60002000, Size: 0x00000400, Max: 0x00000400, ABSOLUTE)

    Exec Addr    Load Addr    Size         Type   Attr      Idx    E Section Name        Object

    0x60002000   0x60002000   0x00000400   Data   RO           87    RESET               startup_mimxrt1052.o


    Execution Region ER_m_text (Exec base: 0x60002400, Load base: 0x60002400, Size: 0x00000410, Max: 0x0000dc00, ABSOLUTE)

    Exec Addr    Load Addr    Size         Type   Attr      Idx    E Section Name        Object

    0x60002400   0x60002400   0x00000000   Code   RO         1844  * .ARM.Collect$$$$00000000  mc_w.l(entry.o)
    0x60002400   0x60002400   0x00000004   Code   RO         1934    .ARM.Collect$$$$00000003  mc_w.l(entry4.o)
    0x60002404   0x60002404   0x00000004   Code   RO         1937    .ARM.Collect$$$$00000004  mc_w.l(entry5.o)
    0x60002408   0x60002408   0x00000000   Code   RO         1939    .ARM.Collect$$$$00000008  mc_w.l(entry7b.o)
    0x60002408   0x60002408   0x00000000   Code   RO         1941    .ARM.Collect$$$$0000000A  mc_w.l(entry8b.o)
    0x60002408   0x60002408   0x00000008   Code   RO         1942    .ARM.Collect$$$$0000000B  mc_w.l(entry9a.o)
    0x60002410   0x60002410   0x00000000   Code   RO         1944    .ARM.Collect$$$$0000000D  mc_w.l(entry10a.o)
    0x60002410   0x60002410   0x00000000   Code   RO         1946    .ARM.Collect$$$$0000000F  mc_w.l(entry11a.o)
    0x60002410   0x60002410   0x00000004   Code   RO         1935    .ARM.Collect$$$$00002714  mc_w.l(entry4.o)
    0x60002414   0x60002414   0x000001bc   Code   RO           88    .text               startup_mimxrt1052.o
    0x600025d0   0x600025d0   0x00000024   Code   RO         1968    .text               mc_w.l(init.o)
    0x600025f4   0x600025f4   0x0000009c   Code   RO            7    i.SCB_EnableDCache  system_mimxrt1052.o
    0x60002690   0x60002690   0x0000007c   Code   RO            8    i.SCB_EnableICache  system_mimxrt1052.o
    0x6000270c   0x6000270c   0x000000b4   Code   RO           10    i.SystemInit        system_mimxrt1052.o
    0x600027c0   0x600027c0   0x00000002   Code   RO           11    i.SystemInitHook    system_mimxrt1052.o
    0x600027c2   0x600027c2   0x0000000e   Code   RO         1993    i.__scatterload_copy  mc_w.l(handlers.o)
    0x600027d0   0x600027d0   0x00000002   Code   RO         1994    i.__scatterload_null  mc_w.l(handlers.o)
    0x600027d2   0x600027d2   0x0000000e   Code   RO         1995    i.__scatterload_zeroinit  mc_w.l(handlers.o)
    0x600027e0   0x600027e0   0x00000030   Data   RO         1991    Region$$Table       anon$$obj.o


    Execution Region VECTOR_RAM (Exec base: 0x80000000, Load base: 0x60002810, Size: 0x00000400, Max: 0x00000400, ABSOLUTE)

    Exec Addr    Load Addr    Size         Type   Attr      Idx    E Section Name        Object

    0x80000000        -       0x00000400   Zero   RW            1    VECTOR_RAM.bss      anon$$obj.o


    Execution Region ER_m_ram_text (Exec base: 0x80000400, Load base: 0x60002810, Size: 0x00004048, Max: 0x0000c800, ABSOLUTE)

    Exec Addr    Load Addr    Size         Type   Attr      Idx    E Section Name        Object

    0x80000400   0x60002810   0x00000006   Code   RO         1483    .emb_text           main.o
    0x80000406   0x60002816   0x00000062   Code   RO         1847    .text               mc_w.l(uldiv.o)
    0x80000468   0x60002878   0x00000062   Code   RO         1849    .text               mc_w.l(ldiv.o)
    0x800004ca   0x600028da   0x00000040   Code   RO         1853    .text               mc_w.l(memmovea.o)
    0x8000050a   0x6000291a   0x00000024   Code   RO         1855    .text               mc_w.l(memseta.o)
    0x8000052e   0x6000293e   0x0000000e   Code   RO         1857    .text               mc_w.l(strlen.o)
    0x8000053c   0x6000294c   0x00000028   Code   RO         1893    .text               mf_w.l(dfltl.o)
    0x80000564   0x60002974   0x0000004a   Code   RO         1895    .text               mf_w.l(dfixl.o)
    0x800005ae   0x600029be   0x0000001e   Code   RO         1948    .text               mc_w.l(llshl.o)
    0x800005cc   0x600029dc   0x00000020   Code   RO         1950    .text               mc_w.l(llushr.o)
    0x800005ec   0x600029fc   0x00000000   Code   RO         1963    .text               mc_w.l(iusefp.o)
    0x800005ec   0x600029fc   0x000000ba   Code   RO         1964    .text               mf_w.l(depilogue.o)
    0x800006a6   0x60002ab6   0x0000002e   Code   RO         1966    .text               mf_w.l(dscalb.o)
    0x800006d4   0x60002ae4   0x000002f4   Code   RO         1381    i.BOARD_BootClockRUN  clock_config.o
    0x800009c8   0x60002dd8   0x000001b8   Code   RO         1291    i.BOARD_ConfigMPU   board.o
    0x80000b80   0x60002f90   0x00000078   Code   RO         1292    i.BOARD_DebugConsoleSrcFreq  board.o
    0x80000bf8   0x60003008   0x0000001c   Code   RO         1293    i.BOARD_InitDebugConsole  board.o
    0x80000c14   0x60003024   0x00000070   Code   RO         1433    i.BOARD_InitPins    pin_mux.o
    0x80000c84   0x60003094   0x00000070   Code   RO          415    i.CLOCK_ControlGate  fsl_lpuart.o
    0x80000cf4   0x60003104   0x00000078   Code   RO          697    i.CLOCK_EnableClock  fsl_flexspi.o
    0x80000d6c   0x6000317c   0x00000078   Code   RO         1434    i.CLOCK_EnableClock  pin_mux.o
    0x80000de4   0x600031f4   0x00000020   Code   RO         1294    i.CLOCK_GetDiv      board.o
    0x80000e04   0x60003214   0x00000020   Code   RO          113    i.CLOCK_GetOscFreq  fsl_clock.o
    0x80000e24   0x60003234   0x0000022c   Code   RO          115    i.CLOCK_GetPllFreq  fsl_clock.o
    0x80001050   0x60003460   0x00000024   Code   RO          118    i.CLOCK_InitArmPll  fsl_clock.o
    0x80001074   0x60003484   0x00000024   Code   RO          124    i.CLOCK_InitSysPll  fsl_clock.o
    0x80001098   0x600034a8   0x00000038   Code   RO          125    i.CLOCK_InitUsb1Pfd  fsl_clock.o
    0x800010d0   0x600034e0   0x00000024   Code   RO          126    i.CLOCK_InitUsb1Pll  fsl_clock.o
    0x800010f4   0x60003504   0x000000ac   Code   RO         1383    i.CLOCK_SetDiv      clock_config.o
    0x800011a0   0x600035b0   0x00000070   Code   RO         1559    i.CLOCK_SetDiv      bsp_norflash.o
    0x80001210   0x60003620   0x000000ac   Code   RO         1384    i.CLOCK_SetMux      clock_config.o
    0x800012bc   0x600036cc   0x000000ac   Code   RO         1560    i.CLOCK_SetMux      bsp_norflash.o
    0x80001368   0x60003778   0x000001ae   Code   RO         1119    i.ConvertFloatRadixNumToString  fsl_str.o
    0x80001516   0x60003926   0x0000014c   Code   RO         1120    i.ConvertRadixNumToString  fsl_str.o
    0x80001662   0x60003a72   0x00000002   PAD
    0x80001664   0x60003a74   0x00000060   Code   RO         1295    i.CopyAndUseRAMVectorTable  board.o
    0x800016c4   0x60003ad4   0x00000084   Code   RO         1020    i.DbgConsole_Init   fsl_debug_console.o
    0x80001748   0x60003b58   0x00000040   Code   RO         1021    i.DbgConsole_Printf  fsl_debug_console.o
    0x80001788   0x60003b98   0x0000003e   Code   RO         1023    i.DbgConsole_RelocateLog  fsl_debug_console.o
    0x800017c6   0x60003bd6   0x00000002   PAD
    0x800017c8   0x60003bd8   0x00000094   Code   RO          698    i.FLEXSPI_CheckAndClearError  fsl_flexspi.o
    0x8000185c   0x60003c6c   0x0000007c   Code   RO          699    i.FLEXSPI_ConfigureDll  fsl_flexspi.o
    0x800018d8   0x60003ce8   0x00000018   Code   RO          701    i.FLEXSPI_DriverIRQHandler  fsl_flexspi.o
    0x800018f0   0x60003d00   0x0000001e   Code   RO          703    i.FLEXSPI_GetBusIdleStatus  fsl_flexspi.o
    0x8000190e   0x60003d1e   0x0000005c   Code   RO          704    i.FLEXSPI_GetDefaultConfig  fsl_flexspi.o
    0x8000196a   0x60003d7a   0x00000002   PAD
    0x8000196c   0x60003d7c   0x00000084   Code   RO          705    i.FLEXSPI_GetInstance  fsl_flexspi.o
    0x800019f0   0x60003e00   0x00000178   Code   RO          706    i.FLEXSPI_Init      fsl_flexspi.o
    0x80001b68   0x60003f78   0x000000d6   Code   RO          707    i.FLEXSPI_ReadBlocking  fsl_flexspi.o
    0x80001c3e   0x6000404e   0x00000002   PAD
    0x80001c40   0x60004050   0x00000158   Code   RO          708    i.FLEXSPI_SetFlashConfig  fsl_flexspi.o
    0x80001d98   0x600041a8   0x00000016   Code   RO          709    i.FLEXSPI_SoftwareReset  fsl_flexspi.o
    0x80001dae   0x600041be   0x00000002   PAD
    0x80001db0   0x600041c0   0x00000054   Code   RO          710    i.FLEXSPI_TransferAbort  fsl_flexspi.o
    0x80001e04   0x60004214   0x000000d2   Code   RO          711    i.FLEXSPI_TransferBlocking  fsl_flexspi.o
    0x80001ed6   0x600042e6   0x0000016a   Code   RO          714    i.FLEXSPI_TransferHandleIRQ  fsl_flexspi.o
    0x80002040   0x60004450   0x00000090   Code   RO          716    i.FLEXSPI_UpdateLUT  fsl_flexspi.o
    0x800020d0   0x600044e0   0x00000096   Code   RO          717    i.FLEXSPI_WriteBlocking  fsl_flexspi.o
    0x80002166   0x60004576   0x0000002c   Code   RO         1565    i.FlexSPI_NorFlash_Enable_Quad_Mode  bsp_norflash.o
    0x80002192   0x600045a2   0x00000052   Code   RO         1568    i.FlexSPI_NorFlash_Get_JedecDevice_ID  bsp_norflash.o
    0x800021e4   0x600045f4   0x000000a4   Code   RO         1569    i.FlexSPI_NorFlash_IOMUXC_MUX_Config  bsp_norflash.o
    0x80002288   0x60004698   0x000000b0   Code   RO         1570    i.FlexSPI_NorFlash_IOMUXC_PAD_Config  bsp_norflash.o
    0x80002338   0x60004748   0x00000030   Code   RO         1571    i.FlexSPI_NorFlash_Init  bsp_norflash.o
    0x80002368   0x60004778   0x0000003e   Code   RO         1573    i.FlexSPI_NorFlash_Read_Status_Register  bsp_norflash.o
    0x800023a6   0x600047b6   0x00000052   Code   RO         1574    i.FlexSPI_NorFlash_Wait_Bus_Busy  bsp_norflash.o
    0x800023f8   0x60004808   0x0000002c   Code   RO         1575    i.FlexSPI_NorFlash_Write_Enable  bsp_norflash.o
    0x80002424   0x60004834   0x00000052   Code   RO         1576    i.FlexSPI_NorFlash_Write_Status_Register  bsp_norflash.o
    0x80002476   0x60004886   0x0000000c   Code   RO         1435    i.IOMUXC_SetPinConfig  pin_mux.o
    0x80002482   0x60004892   0x0000000c   Code   RO         1577    i.IOMUXC_SetPinConfig  bsp_norflash.o
    0x8000248e   0x6000489e   0x0000001a   Code   RO         1436    i.IOMUXC_SetPinMux  pin_mux.o
    0x800024a8   0x600048b8   0x0000001a   Code   RO         1578    i.IOMUXC_SetPinMux  bsp_norflash.o
    0x800024c2   0x600048d2   0x00000002   PAD
    0x800024c4   0x600048d4   0x000000b8   Code   RO         1242    i.IO_Init           fsl_io.o
    0x8000257c   0x6000498c   0x00000044   Code   RO         1243    i.IO_Transfer       fsl_io.o
    0x800025c0   0x600049d0   0x00000024   Code   RO         1174    i.LOG_Init          fsl_log.o
    0x800025e4   0x600049f4   0x00000022   Code   RO         1175    i.LOG_Pop           fsl_log.o
    0x80002606   0x60004a16   0x00000002   PAD
    0x80002608   0x60004a18   0x00000054   Code   RO         1176    i.LOG_Push          fsl_log.o
    0x8000265c   0x60004a6c   0x0000001c   Code   RO          416    i.LPUART1_DriverIRQHandler  fsl_lpuart.o
    0x80002678   0x60004a88   0x0000001c   Code   RO          417    i.LPUART2_DriverIRQHandler  fsl_lpuart.o
    0x80002694   0x60004aa4   0x0000001c   Code   RO          418    i.LPUART3_DriverIRQHandler  fsl_lpuart.o
    0x800026b0   0x60004ac0   0x0000001c   Code   RO          419    i.LPUART4_DriverIRQHandler  fsl_lpuart.o
    0x800026cc   0x60004adc   0x0000001c   Code   RO          420    i.LPUART5_DriverIRQHandler  fsl_lpuart.o
    0x800026e8   0x60004af8   0x0000001c   Code   RO          421    i.LPUART6_DriverIRQHandler  fsl_lpuart.o
    0x80002704   0x60004b14   0x0000001c   Code   RO          422    i.LPUART7_DriverIRQHandler  fsl_lpuart.o
    0x80002720   0x60004b30   0x0000001c   Code   RO          423    i.LPUART8_DriverIRQHandler  fsl_lpuart.o
    0x8000273c   0x60004b4c   0x00000058   Code   RO          424    i.LPUART_ClearStatusFlags  fsl_lpuart.o
    0x80002794   0x60004ba4   0x00000068   Code   RO          428    i.LPUART_GetDefaultConfig  fsl_lpuart.o
    0x800027fc   0x60004c0c   0x00000080   Code   RO          430    i.LPUART_GetInstance  fsl_lpuart.o
    0x8000287c   0x60004c8c   0x00000010   Code   RO          431    i.LPUART_GetStatusFlags  fsl_lpuart.o
    0x8000288c   0x60004c9c   0x000002f0   Code   RO          432    i.LPUART_Init       fsl_lpuart.o
    0x80002b7c   0x60004f8c   0x00000100   Code   RO          433    i.LPUART_ReadBlocking  fsl_lpuart.o
    0x80002c7c   0x6000508c   0x00000064   Code   RO          449    i.LPUART_WriteBlocking  fsl_lpuart.o
    0x80002ce0   0x600050f0   0x0000006c   Code   RO         1579    i.NorFlash_FlexSPI_ModeInit  bsp_norflash.o
    0x80002d4c   0x6000515c   0x000000a0   Code   RO         1296    i.SCB_DisableDCache  board.o
    0x80002dec   0x600051fc   0x000000a0   Code   RO         1580    i.SCB_DisableDCache  bsp_norflash.o
    0x80002e8c   0x6000529c   0x0000009c   Code   RO         1297    i.SCB_EnableDCache  board.o
    0x80002f28   0x60005338   0x0000007c   Code   RO         1298    i.SCB_EnableICache  board.o
    0x80002fa4   0x600053b4   0x00000628   Code   RO         1122    i.StrFormatPrintf   fsl_str.o
    0x800035cc   0x600059dc   0x00000030   Code   RO         1917    i.__ARM_fpclassify  m_wv.l(fpclassify.o)
    0x800035fc   0x60005a0c   0x00000044   Code   RO          851    i.__aeabi_assert    fsl_assert.o
    0x80003640   0x60005a50   0x000000c0   Code   RO         1818    i.__hardfp_modf     m_wv.l(modf.o)
    0x80003700   0x60005b10   0x000008f8   Code   RO         1824    i.__hardfp_pow      m_wv.l(pow.o)
    0x80003ff8   0x60006408   0x00000070   Code   RO         1919    i.__kernel_poly     m_wv.l(poly.o)
    0x80004068   0x60006478   0x00000020   Code   RO         1897    i.__mathlib_dbl_divzero  m_wv.l(dunder.o)
    0x80004088   0x60006498   0x00000006   Code   RO         1899    i.__mathlib_dbl_infnan2  m_wv.l(dunder.o)
    0x8000408e   0x6000649e   0x00000002   PAD
    0x80004090   0x600064a0   0x00000018   Code   RO         1900    i.__mathlib_dbl_invalid  m_wv.l(dunder.o)
    0x800040a8   0x600064b8   0x00000018   Code   RO         1901    i.__mathlib_dbl_overflow  m_wv.l(dunder.o)
    0x800040c0   0x600064d0   0x00000018   Code   RO         1903    i.__mathlib_dbl_underflow  m_wv.l(dunder.o)
    0x800040d8   0x600064e8   0x0000000c   Code   RO         1956    i.__set_errno       mc_w.l(errno.o)
    0x800040e4   0x600064f4   0x00000018   Code   RO         1913    i.fabs              m_wv.l(fabs.o)
    0x800040fc   0x6000650c   0x00000054   Code   RO         1484    i.jumpToApp         main.o
    0x80004150   0x60006560   0x0000001c   Code   RO         1485    i.main              main.o
    0x8000416c   0x6000657c   0x0000006a   Code   RO         1924    i.sqrt              m_wv.l(sqrt.o)
    0x800041d6   0x600065e6   0x00000002   PAD
    0x800041d8   0x600065e8   0x00000010   Data   RO          130    .constdata          fsl_clock.o
    0x800041e8   0x600065f8   0x00000048   Data   RO          452    .constdata          fsl_lpuart.o
    0x80004230   0x60006640   0x00000008   Data   RO          718    .constdata          fsl_flexspi.o
    0x80004238   0x60006648   0x00000011   Data   RO         1385    .constdata          clock_config.o
    0x80004249   0x60006659   0x00000003   PAD
    0x8000424c   0x6000665c   0x00000168   Data   RO         1581    .constdata          bsp_norflash.o
    0x800043b4   0x600067c4   0x00000004   PAD
    0x800043b8   0x600067c8   0x00000088   Data   RO         1827    .constdata          m_wv.l(pow.o)
    0x80004440   0x60006850   0x00000008   Data   RO         1921    .constdata          m_wv.l(qnan.o)


    Execution Region RW_m_data (Exec base: 0x8000cc00, Load base: 0x60006858, Size: 0x00000070, Max: 0x00000c00, ABSOLUTE)

    Exec Addr    Load Addr    Size         Type   Attr      Idx    E Section Name        Object

    0x8000cc00   0x60006858   0x00000004   Data   RW           12    .data               system_mimxrt1052.o
    0x8000cc04   0x6000685c   0x00000008   Data   RW          131    .data               fsl_clock.o
    0x8000cc0c   0x60006864   0x00000004   Data   RW          453    .data               fsl_lpuart.o
    0x8000cc10   0x60006868   0x00000004   Data   RW          719    .data               fsl_flexspi.o
    0x8000cc14   0x6000686c   0x00000008   Data   RW         1245    .data               fsl_io.o
    0x8000cc1c   0x60006874   0x0000000c   Data   RW         1486    .data               main.o
    0x8000cc28   0x60006880   0x00000020   Data   RW         1582    .data               bsp_norflash.o
    0x8000cc48   0x600068a0   0x00000004   Data   RW         1957    .data               mc_w.l(errno.o)
    0x8000cc4c        -       0x00000024   Zero   RW          451    .bss                fsl_lpuart.o


    Execution Region ARM_LIB_HEAP (Exec base: 0x8000cc70, Load base: 0x600068a4, Size: 0x00000400, Max: 0x00000400, ABSOLUTE)

    Exec Addr    Load Addr    Size         Type   Attr      Idx    E Section Name        Object

    0x8000cc70        -       0x00000400   Zero   RW            2    ARM_LIB_HEAP.bss    anon$$obj.o


    Execution Region ARM_LIB_STACK (Exec base: 0x8000dc00, Load base: 0x600068a4, Size: 0x00000400, Max: 0x00000400, ABSOLUTE)

    Exec Addr    Load Addr    Size         Type   Attr      Idx    E Section Name        Object

    0x8000dc00        -       0x00000400   Zero   RW            3    ARM_LIB_STACK.bss   anon$$obj.o


==============================================================================

Image component sizes


      Code (inc. data)   RO Data    RW Data    ZI Data      Debug   Object Name

      1156        126          0          0          0      61968   board.o
      1374        138        360         32          0      63707   bsp_norflash.o
      1100        302         17          0          0      13023   clock_config.o
         0          0       1072          0          0        539   fire_imxrt1052_sdram_ini_dcd.o
         0          0        512          0          0       5750   fire_imxrt1052_spiflash_config.o
        68         44          0          0          0        641   fsl_assert.o
       752         58         16          8          0    1409908   fsl_clock.o
       258         94          0          0          0       3350   fsl_debug_console.o
      2576        314          8          4          0      20527   fsl_flexspi.o
         0          0         48          0          0       2114   fsl_flexspi_nor_boot.o
         0          0          0          0          0      10359   fsl_gpio.o
       252         58          0          8          0       7036   fsl_io.o
       154         52          0          0          0       3164   fsl_log.o
      1780        576         72          4         36      29907   fsl_lpuart.o
      2338          0          0          0          0       5610   fsl_str.o
       118         36          0         12          0       2002   main.o
       270         60          0          0          0      71153   pin_mux.o
       444        210       1024          0          0       3076   startup_mimxrt1052.o
       462         38          0          4          0    1391055   system_mimxrt1052.o

    ----------------------------------------------------------------------
     13116       2106       3184         72       3108    3104889   Object Totals
         0          0         48          0       3072          0   (incl. Generated)
        14          0          7          0          0          0   (incl. Padding)

    ----------------------------------------------------------------------

      Code (inc. data)   RO Data    RW Data    ZI Data      Debug   Library Member Name

       110         60          0          0          0        580   dunder.o
        24          0          0          0          0        124   fabs.o
        48          0          0          0          0        124   fpclassify.o
       192          6          0          0          0        176   modf.o
       112          0          0          0          0        116   poly.o
      2296        304        136          0          0        320   pow.o
         0          0          8          0          0          0   qnan.o
       106          0          0          0          0        140   sqrt.o
         0          0          0          0          0          0   entry.o
         0          0          0          0          0          0   entry10a.o
         0          0          0          0          0          0   entry11a.o
         8          4          0          0          0          0   entry4.o
         4          0          0          0          0          0   entry5.o
         0          0          0          0          0          0   entry7b.o
         0          0          0          0          0          0   entry8b.o
         8          4          0          0          0          0   entry9a.o
        12          6          0          4          0         68   errno.o
        30          0          0          0          0          0   handlers.o
        36          8          0          0          0         68   init.o
         0          0          0          0          0          0   iusefp.o
        98          0          0          0          0         84   ldiv.o
        30          0          0          0          0         68   llshl.o
        32          0          0          0          0         68   llushr.o
        64          0          0          0          0         76   memmovea.o
        36          0          0          0          0        108   memseta.o
        14          0          0          0          0         68   strlen.o
        98          0          0          0          0         92   uldiv.o
       186          0          0          0          0        176   depilogue.o
        74          0          0          0          0         80   dfixl.o
        40          0          0          0          0         80   dfltl.o
        46          0          0          0          0         80   dscalb.o

    ----------------------------------------------------------------------
      3708        392        144          4          0       2696   Library Totals
         4          0          0          0          0          0   (incl. Padding)

    ----------------------------------------------------------------------

      Code (inc. data)   RO Data    RW Data    ZI Data      Debug   Library Name

      2888        370        144          0          0       1580   m_wv.l
       470         22          0          4          0        700   mc_w.l
       346          0          0          0          0        416   mf_w.l

    ----------------------------------------------------------------------
      3708        392        144          4          0       2696   Library Totals

    ----------------------------------------------------------------------

==============================================================================


      Code (inc. data)   RO Data    RW Data    ZI Data      Debug   

     16824       2498       3328         76       3108    3097821   Grand Totals
     16824       2498       3328         76       3108    3097821   ELF Image Totals
     16824       2498       3328         76          0          0   ROM Totals

==============================================================================

    Total RO  Size (Code + RO Data)                20152 (  19.68kB)
    Total RW  Size (RW Data + ZI Data)              3184 (   3.11kB)
    Total ROM Size (Code + RO Data + RW Data)      20228 (  19.75kB)

==============================================================================

