Component: ARM Compiler 5.06 update 5 (build 528) Tool: armlink [4d35e2]

==============================================================================

Section Cross References

    main.o(i.AppTaskCreate) refers to emmc_drv.o(i.eMMC_Init) for eMMC_Init
    main.o(i.AppTaskCreate) refers to norflash_drv.o(i.FlexSPI_NorFlash_Init) for FlexSPI_NorFlash_Init
    main.o(i.AppTaskCreate) refers to norflash_app.o(i.NorFlash_ChkSelf) for NorFlash_ChkSelf
    main.o(i.AppTaskCreate) refers to port.o(i.vPortEnterCritical) for vPortEnterCritical
    main.o(i.AppTaskCreate) refers to tasks.o(i.xTaskCreate) for xTaskCreate
    main.o(i.AppTaskCreate) refers to tasks.o(i.vTaskDelete) for vTaskDelete
    main.o(i.AppTaskCreate) refers to port.o(i.vPortExitCritical) for vPortExitCritical
    main.o(i.AppTaskCreate) refers to led_app.o(.data) for LED_TaskHandle
    main.o(i.AppTaskCreate) refers to led_app.o(i.LED_AppTask) for LED_AppTask
    main.o(i.AppTaskCreate) refers to battery_app.o(.data) for BAT_TaskHandle
    main.o(i.AppTaskCreate) refers to battery_app.o(i.BAT_AppTask) for BAT_AppTask
    main.o(i.AppTaskCreate) refers to ble_app.o(.data) for BLE_TaskHandle
    main.o(i.AppTaskCreate) refers to ble_app.o(i.BLE_AppTask) for BLE_AppTask
    main.o(i.AppTaskCreate) refers to adc_app.o(.data) for ADC_TaskHandle
    main.o(i.AppTaskCreate) refers to adc_app.o(i.ADC_AppTask) for ADC_AppTask
    main.o(i.AppTaskCreate) refers to main.o(.data) for AppTaskCreate_Handle
    main.o(i.BOARD_DebugConsoleSrcFreq) refers to fsl_clock.o(i.CLOCK_GetPllFreq) for CLOCK_GetPllFreq
    main.o(i.BOARD_DebugConsoleSrcFreq) refers to main.o(i.CLOCK_GetDiv) for CLOCK_GetDiv
    main.o(i.BOARD_DebugConsoleSrcFreq) refers to fsl_clock.o(.data) for g_xtalFreq
    main.o(i.BOARD_InitDebugConsole) refers to main.o(i.BOARD_DebugConsoleSrcFreq) for BOARD_DebugConsoleSrcFreq
    main.o(i.BOARD_InitDebugConsole) refers to fsl_debug_console.o(i.DbgConsole_Init) for DbgConsole_Init
    main.o(i.InitSysPara) refers to main.o(.bss) for g_sys_para
    main.o(i.main) refers to main.o(i.BOARD_ConfigMPU) for BOARD_ConfigMPU
    main.o(i.main) refers to clock_config.o(i.BOARD_BootClockRUN) for BOARD_BootClockRUN
    main.o(i.main) refers to pin_mux.o(i.BOARD_InitBootPins) for BOARD_InitBootPins
    main.o(i.main) refers to peripherals.o(i.BOARD_InitPeripherals) for BOARD_InitPeripherals
    main.o(i.main) refers to main.o(i.BOARD_InitDebugConsole) for BOARD_InitDebugConsole
    main.o(i.main) refers to main.o(i.InitSysPara) for InitSysPara
    main.o(i.main) refers to rtc_drv.o(i.RTC_Config) for RTC_Config
    main.o(i.main) refers to tasks.o(i.xTaskCreate) for xTaskCreate
    main.o(i.main) refers to tasks.o(i.vTaskStartScheduler) for vTaskStartScheduler
    main.o(i.main) refers to fsl_debug_console.o(i.DbgConsole_Printf) for DbgConsole_Printf
    main.o(i.main) refers to system_mimxrt1052.o(.data) for SystemCoreClock
    main.o(i.main) refers to main.o(.data) for AppTaskCreate_Handle
    main.o(i.main) refers to main.o(i.AppTaskCreate) for AppTaskCreate
    norflash_app.o(i.NorFlash_ChkSelf) refers to norflash_drv.o(i.FlexSPI_NorFlash_Get_JedecDevice_ID) for FlexSPI_NorFlash_Get_JedecDevice_ID
    norflash_app.o(i.NorFlash_ChkSelf) refers to fsl_debug_console.o(i.DbgConsole_Printf) for DbgConsole_Printf
    norflash_app.o(i.NorFlash_ChkSelf) refers to norflash_drv.o(i.FlexSPI_NorFlash_Erase_Sector) for FlexSPI_NorFlash_Erase_Sector
    norflash_app.o(i.NorFlash_ChkSelf) refers to norflash_drv.o(i.FlexSPI_NorFlash_Buffer_Program) for FlexSPI_NorFlash_Buffer_Program
    norflash_app.o(i.NorFlash_ChkSelf) refers to memmovea.o(.text) for __aeabi_memcpy
    norflash_app.o(i.NorFlash_ChkSelf) refers to memcmp.o(.text) for memcmp
    norflash_app.o(i.NorFlash_ChkSelf) refers to norflash_app.o(.bss) for s_nor_program_buffer
    norflash_app.o(i.NorFlash_SaveFirmPara) refers to norflash_drv.o(i.FlexSPI_NorFlash_Erase_Sector) for FlexSPI_NorFlash_Erase_Sector
    norflash_app.o(i.NorFlash_SaveFirmPara) refers to norflash_drv.o(i.FlexSPI_NorFlash_Buffer_Program) for FlexSPI_NorFlash_Buffer_Program
    norflash_app.o(i.NorFlash_SaveFirmPara) refers to main.o(.bss) for g_sys_para
    norflash_app.o(i.NorFlash_WriteApp) refers to norflash_drv.o(i.FlexSPI_NorFlash_Erase_Sector) for FlexSPI_NorFlash_Erase_Sector
    norflash_app.o(i.NorFlash_WriteApp) refers to norflash_drv.o(i.FlexSPI_NorFlash_Buffer_Program) for FlexSPI_NorFlash_Buffer_Program
    norflash_app.o(i.NorFlash_WriteApp) refers to main.o(.bss) for g_sys_para
    interrupt.o(i.LPUART1_IRQHandler) refers to fsl_lpuart.o(i.LPUART_GetStatusFlags) for LPUART_GetStatusFlags
    interrupt.o(i.LPUART1_IRQHandler) refers to interrupt.o(i.LPUART_ReadByte) for LPUART_ReadByte
    interrupt.o(i.LPUART3_IRQHandler) refers to fsl_lpuart.o(i.LPUART_GetStatusFlags) for LPUART_GetStatusFlags
    interrupt.o(i.LPUART3_IRQHandler) refers to interrupt.o(i.LPUART_ReadByte) for LPUART_ReadByte
[...]

    Exec Addr    Load Addr    Size         Type   Attr      Idx    E Section Name        Object

    0x80000000        -       0x00000400   Zero   RW            1    VECTOR_RAM.bss      anon$$obj.o


    Execution Region ER_m_ram_text (Exec base: 0x80000400, Load base: 0x6000285c, Size: 0x00016a4c, Max: 0x003ffc00, ABSOLUTE)

    Exec Addr    Load Addr    Size         Type   Attr      Idx    E Section Name        Object

    0x80000400   0x6000285c   0x000000c2   Code   RO         8110    .emb_text           port.o
    0x800004c2   0x6000291e   0x00000002   PAD
    0x800004c4   0x60002920   0x00000004   Code   RO         2570    .rev16_text         fsl_mmc.o
    0x800004c8   0x60002924   0x00000062   Code   RO         9176    .text               mc_w.l(uldiv.o)
    0x8000052a   0x60002986   0x00000062   Code   RO         9178    .text               mc_w.l(ldiv.o)
    0x8000058c   0x600029e8   0x0000000c   Code   RO         9180    .text               mc_w.l(tolower.o)
    0x80000598   0x600029f4   0x00000040   Code   RO         9184    .text               mc_w.l(memmovea.o)
    0x800005d8   0x60002a34   0x00000024   Code   RO         9186    .text               mc_w.l(memseta.o)
    0x800005fc   0x60002a58   0x00000018   Code   RO         9188    .text               mc_w.l(strcat.o)
    0x80000614   0x60002a70   0x00000024   Code   RO         9190    .text               mc_w.l(strstr.o)
    0x80000638   0x60002a94   0x0000000e   Code   RO         9192    .text               mc_w.l(strlen.o)
    0x80000646   0x60002aa2   0x0000001c   Code   RO         9194    .text               mc_w.l(strcmp.o)
    0x80000662   0x60002abe   0x0000001a   Code   RO         9196    .text               mc_w.l(memcmp.o)
    0x8000067c   0x60002ad8   0x00000012   Code   RO         9198    .text               mc_w.l(strcpy.o)
    0x8000068e   0x60002aea   0x0000001e   Code   RO         9200    .text               mc_w.l(strncmp.o)
    0x800006ac   0x60002b08   0x00000038   Code   RO         9495    .text               mc_w.l(__0sscanf.o)
    0x800006e4   0x60002b40   0x00000360   Code   RO         9497    .text               mc_w.l(scanf_fp.o)
    0x80000a44   0x60002ea0   0x00000028   Code   RO         9501    .text               mf_w.l(dfltl.o)
    0x80000a6c   0x60002ec8   0x0000004a   Code   RO         9503    .text               mf_w.l(dfixl.o)
    0x80000ab6   0x60002f12   0x0000002c   Code   RO         9556    .text               mc_w.l(uidiv.o)
    0x80000ae2   0x60002f3e   0x0000001e   Code   RO         9558    .text               mc_w.l(llshl.o)
    0x80000b00   0x60002f5c   0x00000020   Code   RO         9560    .text               mc_w.l(llushr.o)
    0x80000b20   0x60002f7c   0x00000028   Code   RO         9571    .text               mc_w.l(scanf_char.o)
    0x80000b48   0x60002fa4   0x00000040   Code   RO         9573    .text               mc_w.l(_sgetc.o)
    0x80000b88   0x60002fe4   0x0000009c   Code   RO         9575    .text               mc_w.l(strtod.o)
    0x80000c24   0x60003080   0x00000000   Code   RO         9577    .text               mc_w.l(iusefp.o)
    0x80000c24   0x60003080   0x000000ba   Code   RO         9578    .text               mf_w.l(depilogue.o)
    0x80000cde   0x6000313a   0x0000014e   Code   RO         9580    .text               mf_w.l(dadd.o)
    0x80000e2c   0x60003288   0x000000e4   Code   RO         9582    .text               mf_w.l(dmul.o)
    0x80000f10   0x6000336c   0x000000de   Code   RO         9584    .text               mf_w.l(ddiv.o)
    0x80000fee   0x6000344a   0x0000002e   Code   RO         9586    .text               mf_w.l(dscalb.o)
    0x8000101c   0x60003478   0x00000018   Code   RO         9588    .text               mf_w.l(dfltul.o)
    0x80001034   0x60003490   0x00000030   Code   RO         9590    .text               mf_w.l(dfixul.o)
    0x80001064   0x600034c0   0x00000030   Code   RO         9592    .text               mf_w.l(cdrcmple.o)
    0x80001094   0x600034f0   0x00000038   Code   RO         9594    .text               mf_w.l(d2f.o)
    0x800010cc   0x60003528   0x00000024   Code   RO         9598    .text               mc_w.l(llsshr.o)
    0x800010f0   0x6000354c   0x0000000a   Code   RO         9600    .text               mc_w.l(isspace_c.o)
    0x800010fa   0x60003556   0x00000002   PAD
    0x800010fc   0x60003558   0x0000032c   Code   RO         9602    .text               mc_w.l(_scanf.o)
    0x80001428   0x60003884   0x0000006e   Code   RO         9604    .text               mf_w.l(fepilogue.o)
    0x80001496   0x600038f2   0x00000002   PAD
    0x80001498   0x600038f4   0x00000028   Code   RO         9606    .text               mc_w.l(ctype_c.o)
    0x800014c0   0x6000391c   0x00000056   Code   RO         9617    .text               mc_w.l(__dczerorl2.o)
    0x80001516   0x60003972   0x00000002   PAD
    0x80001518   0x60003974   0x00000050   Code   RO         2089    i.ADC1_init         peripherals.o
    0x80001568   0x600039c4   0x00000268   Code   RO          622    i.ADC_AppTask       adc_app.o
    0x800017d0   0x60003c2c   0x00000120   Code   RO         4387    i.ADC_DoAutoCalibration  fsl_adc.o
    0x800018f0   0x60003d4c   0x00000036   Code   RO         4482    i.ADC_ETC_ClearInterruptStatusFlags  fsl_adc_etc.o
    0x80001926   0x60003d82   0x00000002   PAD
    0x80001928   0x60003d84   0x00000090   Code   RO         1614    i.ADC_ETC_Config    adc_drv.o
    0x800019b8   0x60003e14   0x00000016   Code   RO         4484    i.ADC_ETC_DoSoftwareReset  fsl_adc_etc.o
    0x800019ce   0x60003e2a   0x00000002   PAD
    0x800019d0   0x60003e2c   0x00000114   Code   RO         4485    i.ADC_ETC_GetADCConversionValue  fsl_adc_etc.o
    0x80001ae4   0x60003f40   0x00000022   Code   RO         4486    i.ADC_ETC_GetDefaultConfig  fsl_adc_etc.o
    0x80001b06   0x60003f62   0x00000002   PAD
    0x80001b08   0x60003f64   0x00000098   Code   RO          623    i.ADC_ETC_IRQ0_IRQHandler  adc_app.o
    0x80001ba0   0x60003ffc   0x00000080   Code   RO         4488    i.ADC_ETC_Init      fsl_adc_etc.o
    0x80001c20   0x6000407c   0x0000016c   Code   RO         4489    i.ADC_ETC_SetTriggerChainConfig  fsl_adc_etc.o
    0x80001d8c   0x600041e8   0x000000d4   Code   RO         4490    i.ADC_ETC_SetTriggerConfig  fsl_adc_etc.o
    0x80001e60   0x600042bc   0x0000001c   Code   RO         2090    i.ADC_ETC_init      peripherals.o
    0x80001e7c   0x600042d8   0x00000016   Code   RO         4388    i.ADC_EnableHardwareTrigger  fsl_adc.o
    0x80001e92   0x600042ee   0x00000002   PAD
    0x80001e94   0x600042f0   0x00000098   Code   RO         4390    i.ADC_GetInstance   fsl_adc.o
    0x80001f2c   0x60004388   0x000000f8   Code   RO         4391    i.ADC_Init          fsl_adc.o
    0x80002024   0x60004480   0x000000cc   Code   RO          624    i.ADC_SampleStart   adc_app.o
    0x800020f0   0x6000454c   0x0000005c   Code   RO          625    i.ADC_SampleStop    adc_app.o
    0x8000214c   0x600045a8   0x000000c8   Code   RO         4392    i.ADC_SetChannelConfig  fsl_adc.o
    0x80002214   0x60004670   0x0000002a   Code   RO         4393    i.ADC_SetHardwareAverageConfig  fsl_adc.o
    0x8000223e   0x6000469a   0x00000002   PAD
    0x80002240   0x6000469c   0x000000d8   Code   RO          452    i.AT_SendCmd        ble_app.o
    0x80002318   0x60004774   0x000000c8   Code   RO            7    i.AppTaskCreate     main.o
    0x800023e0   0x6000483c   0x000003c4   Code   RO          736    i.BAT_AppTask       battery_app.o
    0x800027a4   0x60004c00   0x00000184   Code   RO          453    i.BLE_AppTask       ble_app.o
    0x80002928   0x60004d84   0x00000a1c   Code   RO         2267    i.BOARD             pin_mux.o
    0x80003344   0x600057a0   0x00000580   Code   RO         2020    i.BOARD_BootClockRUN  clock_config.o
    0x800038c4   0x60005d20   0x00000348   Code   RO            8    i.BOARD_ConfigMPU   main.o
    0x80003c0c   0x60006068   0x00000078   Code   RO            9    i.BOARD_DebugConsoleSrcFreq  main.o
    0x80003c84   0x600060e0   0x00000008   Code   RO         2268    i.BOARD_InitBootPins  pin_mux.o
    0x80003c8c   0x600060e8   0x00000018   Code   RO           10    i.BOARD_InitDebugConsole  main.o
    0x80003ca4   0x60006100   0x00000060   Code   RO         2092    i.BOARD_InitPeripherals  peripherals.o
    0x80003d04   0x60006160   0x00000024   Code   RO         1530    i.BOARD_USDHCClockConfiguration  emmc_drv.o
    0x80003d28   0x60006184   0x00000050   Code   RO         4396    i.CLOCK_ControlGate  fsl_adc.o
    0x80003d78   0x600061d4   0x00000050   Code   RO         4981    i.CLOCK_ControlGate  fsl_dmamux.o
    0x80003dc8   0x60006224   0x00000050   Code   RO         5027    i.CLOCK_ControlGate  fsl_edma.o
    0x80003e18   0x60006274   0x00000050   Code   RO         5629    i.CLOCK_ControlGate  fsl_lpi2c.o
    0x80003e68   0x600062c4   0x00000050   Code   RO         5955    i.CLOCK_ControlGate  fsl_lpspi.o
    0x80003eb8   0x60006314   0x00000050   Code   RO         6264    i.CLOCK_ControlGate  fsl_lpuart.o
    0x80003f08   0x60006364   0x00000050   Code   RO         6591    i.CLOCK_ControlGate  fsl_pit.o
    0x80003f58   0x600063b4   0x00000050   Code   RO         6643    i.CLOCK_ControlGate  fsl_qtmr.o
    0x80003fa8   0x60006404   0x00000050   Code   RO         7052    i.CLOCK_ControlGate  fsl_usdhc.o
    0x80003ff8   0x60006454   0x00000050   Code   RO         7325    i.CLOCK_ControlGate  fsl_xbara.o
    0x80004048   0x600064a4   0x00000010   Code   RO         4558    i.CLOCK_DeinitAudioPll  fsl_clock.o
    0x80004058   0x600064b4   0x0000000c   Code   RO         4566    i.CLOCK_DeinitUsb2Pll  fsl_clock.o
    0x80004064   0x600064c0   0x00000010   Code   RO         4567    i.CLOCK_DeinitVideoPll  fsl_clock.o
    0x80004074   0x600064d0   0x00000058   Code   RO         2022    i.CLOCK_DisableClock  clock_config.o
    0x800040cc   0x60006528   0x00000058   Code   RO         2269    i.CLOCK_EnableClock  pin_mux.o
    0x80004124   0x60006580   0x0000000e   Code   RO         5631    i.CLOCK_EnableClock  fsl_lpi2c.o
    0x80004132   0x6000658e   0x0000000e   Code   RO         5956    i.CLOCK_EnableClock  fsl_lpspi.o
    0x80004140   0x6000659c   0x0000001c   Code   RO         4574    i.CLOCK_GetAhbFreq  fsl_clock.o
    0x8000415c   0x600065b8   0x00000020   Code   RO           11    i.CLOCK_GetDiv      main.o
    0x8000417c   0x600065d8   0x00000120   Code   RO         4575    i.CLOCK_GetFreq     fsl_clock.o
    0x8000429c   0x600066f8   0x0000001c   Code   RO         4576    i.CLOCK_GetIpgFreq  fsl_clock.o
    0x800042b8   0x60006714   0x00000020   Code   RO         4577    i.CLOCK_GetOscFreq  fsl_clock.o
    0x800042d8   0x60006734   0x00000034   Code   RO         4578    i.CLOCK_GetPerClkFreq  fsl_clock.o
    0x8000430c   0x60006768   0x000000c8   Code   RO         4579    i.CLOCK_GetPeriphClkFreq  fsl_clock.o
    0x800043d4   0x60006830   0x00000274   Code   RO         4580    i.CLOCK_GetPllFreq  fsl_clock.o
    0x80004648   0x60006aa4   0x00000048   Code   RO         4581    i.CLOCK_GetSemcFreq  fsl_clock.o
    0x80004690   0x60006aec   0x0000006c   Code   RO         4582    i.CLOCK_GetSysPfdFreq  fsl_clock.o
    0x800046fc   0x60006b58   0x0000006c   Code   RO         4583    i.CLOCK_GetUsb1PfdFreq  fsl_clock.o
    0x80004768   0x60006bc4   0x00000058   Code   RO         4584    i.CLOCK_InitArmPll  fsl_clock.o
    0x800047c0   0x60006c1c   0x0000006c   Code   RO         4586    i.CLOCK_InitEnetPll  fsl_clock.o
    0x8000482c   0x60006c88   0x00000068   Code   RO         4587    i.CLOCK_InitExternalClk  fsl_clock.o
    0x80004894   0x60006cf0   0x00000018   Code   RO         4588    i.CLOCK_InitRcOsc24M  fsl_clock.o
    0x800048ac   0x60006d08   0x0000003c   Code   RO         4589    i.CLOCK_InitSysPfd  fsl_clock.o
    0x800048e8   0x60006d44   0x00000038   Code   RO         4591    i.CLOCK_InitUsb1Pfd  fsl_clock.o
    0x80004920   0x60006d7c   0x00000058   Code   RO         4592    i.CLOCK_InitUsb1Pll  fsl_clock.o
    0x80004978   0x60006dd4   0x00000070   Code   RO         1531    i.CLOCK_SetDiv      emmc_drv.o
    0x800049e8   0x60006e44   0x00000070   Code   RO         1846    i.CLOCK_SetDiv      norflash_drv.o
    0x80004a58   0x60006eb4   0x0000008c   Code   RO         2023    i.CLOCK_SetDiv      clock_config.o
    0x80004ae4   0x60006f40   0x0000008c   Code   RO         1532    i.CLOCK_SetMux      emmc_drv.o
    0x80004b70   0x60006fcc   0x0000008c   Code   RO         1847    i.CLOCK_SetMux      norflash_drv.o
    0x80004bfc   0x60007058   0x0000008c   Code   RO         2024    i.CLOCK_SetMux      clock_config.o
    0x80004c88   0x600070e4   0x00000020   Code   RO         2025    i.CLOCK_SetPllBypass  clock_config.o
    0x80004ca8   0x60007104   0x00000018   Code   RO         4595    i.CLOCK_SwitchOsc   fsl_clock.o
    0x80004cc0   0x6000711c   0x00000038   Code   RO         1977    i.CRC16             utility.o
    0x80004cf8   0x60007154   0x000001ae   Code   RO         7732    i.ConvertFloatRadixNumToString  fsl_str.o
    0x80004ea6   0x60007302   0x0000014c   Code   RO         7733    i.ConvertRadixNumToString  fsl_str.o
    0x80004ff2   0x6000744e   0x00000002   PAD
    0x80004ff4   0x60007450   0x00000038   Code   RO         5028    i.DMA0_DMA16_DriverIRQHandler  fsl_edma.o
    0x8000502c   0x60007488   0x00000038   Code   RO         5029    i.DMA10_DMA26_DriverIRQHandler  fsl_edma.o
    0x80005064   0x600074c0   0x00000038   Code   RO         5030    i.DMA11_DMA27_DriverIRQHandler  fsl_edma.o
    0x8000509c   0x600074f8   0x00000038   Code   RO         5031    i.DMA12_DMA28_DriverIRQHandler  fsl_edma.o
    0x800050d4   0x60007530   0x00000038   Code   RO         5032    i.DMA13_DMA29_DriverIRQHandler  fsl_edma.o
    0x8000510c   0x60007568   0x00000038   Code   RO         5033    i.DMA14_DMA30_DriverIRQHandler  fsl_edma.o
    0x80005144   0x600075a0   0x00000038   Code   RO         5034    i.DMA15_DMA31_DriverIRQHandler  fsl_edma.o
    0x8000517c   0x600075d8   0x00000038   Code   RO         5035    i.DMA1_DMA17_DriverIRQHandler  fsl_edma.o
    0x800051b4   0x60007610   0x00000038   Code   RO         5036    i.DMA2_DMA18_DriverIRQHandler  fsl_edma.o
    0x800051ec   0x60007648   0x00000038   Code   RO         5037    i.DMA3_DMA19_DriverIRQHandler  fsl_edma.o
    0x80005224   0x60007680   0x00000038   Code   RO         5038    i.DMA4_DMA20_DriverIRQHandler  fsl_edma.o
    0x8000525c   0x600076b8   0x00000038   Code   RO         5039    i.DMA5_DMA21_DriverIRQHandler  fsl_edma.o
    0x80005294   0x600076f0   0x00000038   Code   RO         5040    i.DMA6_DMA22_DriverIRQHandler  fsl_edma.o
    0x800052cc   0x60007728   0x00000038   Code   RO         5041    i.DMA7_DMA23_DriverIRQHandler  fsl_edma.o
    0x80005304   0x60007760   0x00000038   Code   RO         5042    i.DMA8_DMA24_DriverIRQHandler  fsl_edma.o
    0x8000533c   0x60007798   0x00000038   Code   RO         5043    i.DMA9_DMA25_DriverIRQHandler  fsl_edma.o
    0x80005374   0x600077d0   0x00000060   Code   RO         4983    i.DMAMUX_GetInstance  fsl_dmamux.o
    0x800053d4   0x60007830   0x00000020   Code   RO         4984    i.DMAMUX_Init       fsl_dmamux.o
    0x800053f4   0x60007850   0x000000f8   Code   RO         7395    i.DbgConsole_Init   fsl_debug_console.o
    0x800054ec   0x60007948   0x0000003e   Code   RO         7396    i.DbgConsole_PrintCallback  fsl_debug_console.o
    0x8000552a   0x60007986   0x00000002   PAD
    0x8000552c   0x60007988   0x00000050   Code   RO         7397    i.DbgConsole_Printf  fsl_debug_console.o
    0x8000557c   0x600079d8   0x00000064   Code   RO         7404    i.DbgConsole_SendDataReliable  fsl_debug_console.o
    0x800055e0   0x60007a3c   0x00000080   Code   RO         5051    i.EDMA_GetChannelStatusFlags  fsl_edma.o
    0x80005660   0x60007abc   0x0000005c   Code   RO         5053    i.EDMA_GetInstance  fsl_edma.o
    0x800056bc   0x60007b18   0x000000e8   Code   RO         5055    i.EDMA_HandleIRQ    fsl_edma.o
    0x800057a4   0x60007c00   0x00000088   Code   RO         5056    i.EDMA_Init         fsl_edma.o
    0x8000582c   0x60007c88   0x00000034   Code   RO         2093    i.EnableIRQ         peripherals.o
    0x80005860   0x60007cbc   0x00000074   Code   RO         5373    i.FLEXSPI_CheckAndClearError  fsl_flexspi.o
    0x800058d4   0x60007d30   0x0000007c   Code   RO         5374    i.FLEXSPI_ConfigureDll  fsl_flexspi.o
    0x80005950   0x60007dac   0x00000018   Code   RO         5376    i.FLEXSPI_DriverIRQHandler  fsl_flexspi.o
    0x80005968   0x60007dc4   0x0000001e   Code   RO         5378    i.FLEXSPI_GetBusIdleStatus  fsl_flexspi.o
    0x80005986   0x60007de2   0x0000005c   Code   RO         1848    i.FLEXSPI_GetDefaultConfig  norflash_drv.o
    0x800059e2   0x60007e3e   0x00000002   PAD
    0x800059e4   0x60007e40   0x00000060   Code   RO         5380    i.FLEXSPI_GetInstance  fsl_flexspi.o
    0x80005a44   0x60007ea0   0x00000244   Code   RO         5381    i.FLEXSPI_Init      fsl_flexspi.o
    0x80005c88   0x600080e4   0x000000d6   Code   RO         5382    i.FLEXSPI_ReadBlocking  fsl_flexspi.o
    0x80005d5e   0x600081ba   0x00000002   PAD
    0x80005d60   0x600081bc   0x00000188   Code   RO         5383    i.FLEXSPI_SetFlashConfig  fsl_flexspi.o
    0x80005ee8   0x60008344   0x00000016   Code   RO         5384    i.FLEXSPI_SoftwareReset  fsl_flexspi.o
    0x80005efe   0x6000835a   0x00000002   PAD
    0x80005f00   0x6000835c   0x00000034   Code   RO         5385    i.FLEXSPI_TransferAbort  fsl_flexspi.o
    0x80005f34   0x60008390   0x000000d2   Code   RO         5386    i.FLEXSPI_TransferBlocking  fsl_flexspi.o
    0x80006006   0x60008462   0x00000172   Code   RO         5389    i.FLEXSPI_TransferHandleIRQ  fsl_flexspi.o
    0x80006178   0x600085d4   0x00000074   Code   RO         5391    i.FLEXSPI_UpdateLUT  fsl_flexspi.o
    0x800061ec   0x60008648   0x00000096   Code   RO         5393    i.FLEXSPI_WriteBlocking  fsl_flexspi.o
    0x80006282   0x600086de   0x000000d6   Code   RO         1851    i.FlexSPI_NorFlash_Buffer_Program  norflash_drv.o
    0x80006358   0x600087b4   0x0000002c   Code   RO         1853    i.FlexSPI_NorFlash_Enable_Quad_Mode  norflash_drv.o
    0x80006384   0x600087e0   0x0000004a   Code   RO         1854    i.FlexSPI_NorFlash_Erase_Sector  norflash_drv.o
    0x800063ce   0x6000882a   0x00000052   Code   RO         1856    i.FlexSPI_NorFlash_Get_JedecDevice_ID  norflash_drv.o
    0x80006420   0x6000887c   0x00000028   Code   RO         1857    i.FlexSPI_NorFlash_Init  norflash_drv.o
    0x80006448   0x600088a4   0x00000058   Code   RO         1858    i.FlexSPI_NorFlash_Page_Program  norflash_drv.o
    0x800064a0   0x600088fc   0x0000003e   Code   RO         1859    i.FlexSPI_NorFlash_Read_Status_Register  norflash_drv.o
    0x800064de   0x6000893a   0x00000052   Code   RO         1860    i.FlexSPI_NorFlash_Wait_Bus_Busy  norflash_drv.o
    0x80006530   0x6000898c   0x0000002c   Code   RO         1861    i.FlexSPI_NorFlash_Write_Enable  norflash_drv.o
    0x8000655c   0x600089b8   0x00000052   Code   RO         1862    i.FlexSPI_NorFlash_Write_Status_Register  norflash_drv.o
    0x800065ae   0x60008a0a   0x0000000a   Code   RO         2094    i.GPIO2_init        peripherals.o
    0x800065b8   0x60008a14   0x0000005c   Code   RO         5530    i.GPIO_GetInstance  fsl_gpio.o
    0x80006614   0x60008a70   0x000000cc   Code   RO         5531    i.GPIO_PinInit      fsl_gpio.o
    0x800066e0   0x60008b3c   0x00000030   Code   RO          626    i.GPIO_PinRead      adc_app.o
    0x80006710   0x60008b6c   0x00000030   Code   RO          737    i.GPIO_PinRead      battery_app.o
    0x80006740   0x60008b9c   0x0000008a   Code   RO         5532    i.GPIO_PinSetInterruptConfig  fsl_gpio.o
    0x800067ca   0x60008c26   0x00000002   PAD
    0x800067cc   0x60008c28   0x00000044   Code   RO         5533    i.GPIO_PinWrite     fsl_gpio.o
    0x80006810   0x60008c6c   0x0000000e   Code   RO         4330    i.HAL_UartGetStatus  lpuart_adapter.o
    0x8000681e   0x60008c7a   0x00000002   PAD
    0x80006820   0x60008c7c   0x00000114   Code   RO         4331    i.HAL_UartInit      lpuart_adapter.o
    0x80006934   0x60008d90   0x00000074   Code   RO         4333    i.HAL_UartSendBlocking  lpuart_adapter.o
    0x800069a8   0x60008e04   0x0000000c   Code   RO         2270    i.IOMUXC_SetPinConfig  pin_mux.o
    0x800069b4   0x60008e10   0x0000000c   Code   RO         2573    i.IOMUXC_SetPinConfig  fsl_mmc.o
    0x800069c0   0x60008e1c   0x0000001a   Code   RO         2271    i.IOMUXC_SetPinMux  pin_mux.o
    0x800069da   0x60008e36   0x00000034   Code   RO         2026    i.IOMUXC_SetSaiMClkClockSource  clock_config.o
    0x80006a0e   0x60008e6a   0x00000002   PAD
    0x80006a10   0x60008e6c   0x0000006c   Code   RO           12    i.InitSysPara       main.o
    0x80006a7c   0x60008ed8   0x00000254   Code   RO          772    i.LED_AppTask       led_app.o
    0x80006cd0   0x6000912c   0x00000164   Code   RO          773    i.LED_CheckSelf     led_app.o
    0x80006e34   0x60009290   0x00000010   Code   RO         5633    i.LPI2C1_DriverIRQHandler  fsl_lpi2c.o
    0x80006e44   0x600092a0   0x0000001c   Code   RO         2095    i.LPI2C1_init       peripherals.o
    0x80006e60   0x600092bc   0x00000010   Code   RO         5634    i.LPI2C2_DriverIRQHandler  fsl_lpi2c.o
    0x80006e70   0x600092cc   0x00000010   Code   RO         5635    i.LPI2C3_DriverIRQHandler  fsl_lpi2c.o
    0x80006e80   0x600092dc   0x0000001c   Code   RO         2096    i.LPI2C3_init       peripherals.o
    0x80006e9c   0x600092f8   0x00000010   Code   RO         5636    i.LPI2C4_DriverIRQHandler  fsl_lpi2c.o
    0x80006eac   0x60009308   0x00000022   Code   RO         5637    i.LPI2C_CheckForBusyBus  fsl_lpi2c.o
    0x80006ece   0x6000932a   0x00000002   PAD
    0x80006ed0   0x6000932c   0x00000054   Code   RO         5638    i.LPI2C_CommonIRQHandler  fsl_lpi2c.o
    0x80006f24   0x60009380   0x00000090   Code   RO         5639    i.LPI2C_GetCyclesForWidth  fsl_lpi2c.o
    0x80006fb4   0x60009410   0x00000038   Code   RO         5640    i.LPI2C_GetInstance  fsl_lpi2c.o
    0x80006fec   0x60009448   0x0000006c   Code   RO         5642    i.LPI2C_MasterCheckAndClearError  fsl_lpi2c.o
    0x80007058   0x600094b4   0x00000004   Code   RO         5643    i.LPI2C_MasterClearStatusFlags  fsl_lpi2c.o
    0x8000705c   0x600094b8   0x0000000a   Code   RO         5647    i.LPI2C_MasterEnable  fsl_lpi2c.o
    0x80007066   0x600094c2   0x00000016   Code   RO         5650    i.LPI2C_MasterGetFifoCounts  fsl_lpi2c.o
    0x8000707c   0x600094d8   0x00000006   Code   RO         5651    i.LPI2C_MasterGetStatusFlags  fsl_lpi2c.o
    0x80007082   0x600094de   0x00000002   PAD
    0x80007084   0x600094e0   0x00000138   Code   RO         5652    i.LPI2C_MasterInit  fsl_lpi2c.o
    0x800071bc   0x60009618   0x00000084   Code   RO         5653    i.LPI2C_MasterReceive  fsl_lpi2c.o
    0x80007240   0x6000969c   0x0000000a   Code   RO         5654    i.LPI2C_MasterReset  fsl_lpi2c.o
    0x8000724a   0x600096a6   0x00000002   PAD
    0x8000724c   0x600096a8   0x00000054   Code   RO         5655    i.LPI2C_MasterSend  fsl_lpi2c.o
    0x800072a0   0x600096fc   0x00000124   Code   RO         5656    i.LPI2C_MasterSetBaudRate  fsl_lpi2c.o
    0x800073c4   0x60009820   0x00000050   Code   RO         5658    i.LPI2C_MasterStop  fsl_lpi2c.o
    0x80007414   0x60009870   0x00000184   Code   RO         5660    i.LPI2C_MasterTransferBlocking  fsl_lpi2c.o
    0x80007598   0x600099f4   0x0000003a   Code   RO         5665    i.LPI2C_MasterWaitForTxReady  fsl_lpi2c.o
    0x800075d2   0x60009a2e   0x00000002   PAD
    0x800075d4   0x60009a30   0x00000044   Code   RO         5958    i.LPSPI1_DriverIRQHandler  fsl_lpspi.o
    0x80007618   0x60009a74   0x00000044   Code   RO         5959    i.LPSPI2_DriverIRQHandler  fsl_lpspi.o
    0x8000765c   0x60009ab8   0x00000044   Code   RO         5960    i.LPSPI3_DriverIRQHandler  fsl_lpspi.o
    0x800076a0   0x60009afc   0x00000044   Code   RO         5961    i.LPSPI4_DriverIRQHandler  fsl_lpspi.o
    0x800076e4   0x60009b40   0x00000054   Code   RO         1615    i.LPSPI4_ReadData   adc_drv.o
    0x80007738   0x60009b94   0x0000001c   Code   RO         2097    i.LPSPI4_init       peripherals.o
    0x80007754   0x60009bb0   0x00000074   Code   RO         5962    i.LPSPI_CheckTransferArgument  fsl_lpspi.o
    0x800077c8   0x60009c24   0x00000004   Code   RO         5963    i.LPSPI_ClearStatusFlags  fsl_lpspi.o
    0x800077cc   0x60009c28   0x000000e8   Code   RO         5964    i.LPSPI_CombineWriteData  fsl_lpspi.o
    0x800078b4   0x60009d10   0x00000030   Code   RO         5965    i.LPSPI_CommonIRQHandler  fsl_lpspi.o
    0x800078e4   0x60009d40   0x00000016   Code   RO         5968    i.LPSPI_Enable      fsl_lpspi.o
    0x800078fa   0x60009d56   0x00000010   Code   RO         5970    i.LPSPI_FlushFifo   fsl_lpspi.o
    0x8000790a   0x60009d66   0x00000002   PAD
    0x8000790c   0x60009d68   0x00000060   Code   RO         5971    i.LPSPI_GetInstance  fsl_lpspi.o
    0x8000796c   0x60009dc8   0x0000000a   Code   RO         5972    i.LPSPI_GetRxFifoCount  fsl_lpspi.o
    0x80007976   0x60009dd2   0x0000000c   Code   RO         5973    i.LPSPI_GetRxFifoSize  fsl_lpspi.o
    0x80007982   0x60009dde   0x00000006   Code   RO         5974    i.LPSPI_GetStatusFlags  fsl_lpspi.o
    0x80007988   0x60009de4   0x0000000a   Code   RO         5975    i.LPSPI_GetTxFifoCount  fsl_lpspi.o
    0x80007992   0x60009dee   0x00000002   PAD
    0x80007994   0x60009df0   0x0000010c   Code   RO         5977    i.LPSPI_MasterInit  fsl_lpspi.o
    0x80007aa0   0x60009efc   0x000000c0   Code   RO         5978    i.LPSPI_MasterSetBaudRate  fsl_lpspi.o
    0x80007b60   0x60009fbc   0x00000050   Code   RO         5979    i.LPSPI_MasterSetDelayScaler  fsl_lpspi.o
    0x80007bb0   0x6000a00c   0x00000168   Code   RO         5980    i.LPSPI_MasterSetDelayTimes  fsl_lpspi.o
    0x80007d18   0x6000a174   0x00000240   Code   RO         5982    i.LPSPI_MasterTransferBlocking  fsl_lpspi.o
    0x80007f58   0x6000a3b4   0x00000006   Code   RO         5989    i.LPSPI_ReadData    fsl_lpspi.o
    0x80007f5e   0x6000a3ba   0x00000002   PAD
    0x80007f60   0x6000a3bc   0x000000cc   Code   RO         5991    i.LPSPI_SeparateReadData  fsl_lpspi.o
    0x8000802c   0x6000a488   0x00000018   Code   RO         5992    i.LPSPI_SetDummyData  fsl_lpspi.o
    0x80008044   0x6000a4a0   0x00000014   Code   RO         5993    i.LPSPI_SetFifoWatermarks  fsl_lpspi.o
    0x80008058   0x6000a4b4   0x0000000a   Code   RO         5994    i.LPSPI_SetMasterSlaveMode  fsl_lpspi.o
    0x80008062   0x6000a4be   0x0000001e   Code   RO         5995    i.LPSPI_SetOnePcsPolarity  fsl_lpspi.o
    0x80008080   0x6000a4dc   0x00000004   Code   RO         6005    i.LPSPI_WriteData   fsl_lpspi.o
    0x80008084   0x6000a4e0   0x0000001c   Code   RO         6265    i.LPUART1_DriverIRQHandler  fsl_lpuart.o
    0x800080a0   0x6000a4fc   0x00000020   Code   RO          398    i.LPUART1_IRQHandler  interrupt.o
    0x800080c0   0x6000a51c   0x0000002c   Code   RO         2098    i.LPUART1_init      peripherals.o
    0x800080ec   0x6000a548   0x0000001c   Code   RO         6266    i.LPUART2_DriverIRQHandler  fsl_lpuart.o
    0x80008108   0x6000a564   0x000000fc   Code   RO          454    i.LPUART2_IRQHandler  ble_app.o
    0x80008204   0x6000a660   0x0000001c   Code   RO          455    i.LPUART2_SendString  ble_app.o
    0x80008220   0x6000a67c   0x0000002c   Code   RO         2099    i.LPUART2_init      peripherals.o
    0x8000824c   0x6000a6a8   0x0000001c   Code   RO         6267    i.LPUART3_DriverIRQHandler  fsl_lpuart.o
    0x80008268   0x6000a6c4   0x00000034   Code   RO          399    i.LPUART3_IRQHandler  interrupt.o
    0x8000829c   0x6000a6f8   0x0000002c   Code   RO         2100    i.LPUART3_init      peripherals.o
    0x800082c8   0x6000a724   0x0000001c   Code   RO         6268    i.LPUART4_DriverIRQHandler  fsl_lpuart.o
    0x800082e4   0x6000a740   0x00000034   Code   RO          400    i.LPUART4_IRQHandler  interrupt.o
    0x80008318   0x6000a774   0x0000002c   Code   RO         2101    i.LPUART4_init      peripherals.o
    0x80008344   0x6000a7a0   0x0000001c   Code   RO         6269    i.LPUART5_DriverIRQHandler  fsl_lpuart.o
    0x80008360   0x6000a7bc   0x00000034   Code   RO          401    i.LPUART5_IRQHandler  interrupt.o
    0x80008394   0x6000a7f0   0x0000002c   Code   RO         2102    i.LPUART5_init      peripherals.o
    0x800083c0   0x6000a81c   0x0000001c   Code   RO         6270    i.LPUART6_DriverIRQHandler  fsl_lpuart.o
    0x800083dc   0x6000a838   0x0000001c   Code   RO         6271    i.LPUART7_DriverIRQHandler  fsl_lpuart.o
    0x800083f8   0x6000a854   0x0000001c   Code   RO         6272    i.LPUART8_DriverIRQHandler  fsl_lpuart.o
    0x80008414   0x6000a870   0x00000058   Code   RO         6274    i.LPUART_Deinit     fsl_lpuart.o
    0x8000846c   0x6000a8c8   0x0000002c   Code   RO         6276    i.LPUART_EnableInterrupts  fsl_lpuart.o
    0x80008498   0x6000a8f4   0x00000058   Code   RO         6277    i.LPUART_GetDefaultConfig  fsl_lpuart.o
    0x800084f0   0x6000a94c   0x00000060   Code   RO         6279    i.LPUART_GetInstance  fsl_lpuart.o
    0x80008550   0x6000a9ac   0x00000010   Code   RO         6280    i.LPUART_GetStatusFlags  fsl_lpuart.o
    0x80008560   0x6000a9bc   0x00000270   Code   RO         6281    i.LPUART_Init       fsl_lpuart.o
    0x800087d0   0x6000ac2c   0x00000034   Code   RO          402    i.LPUART_ReadByte   interrupt.o
    0x80008804   0x6000ac60   0x00000050   Code   RO         6298    i.LPUART_WriteBlocking  fsl_lpuart.o
    0x80008854   0x6000acb0   0x00000028   Code   RO         1686    i.LTC2942_GetAC     battery_drv.o
    0x8000887c   0x6000acd8   0x0000003e   Code   RO         1687    i.LTC2942_GetTemperature  battery_drv.o
    0x800088ba   0x6000ad16   0x00000036   Code   RO         1688    i.LTC2942_GetVoltage  battery_drv.o
    0x800088f0   0x6000ad4c   0x00000040   Code   RO         1689    i.LTC2942_ReadReg   battery_drv.o
    0x80008930   0x6000ad8c   0x00000030   Code   RO         1690    i.LTC2942_SetAC     battery_drv.o
    0x80008960   0x6000adbc   0x0000001a   Code   RO         1691    i.LTC2942_SetADCMode  battery_drv.o
    0x8000897a   0x6000add6   0x0000001a   Code   RO         1692    i.LTC2942_SetALCCMode  battery_drv.o
    0x80008994   0x6000adf0   0x00000022   Code   RO         1693    i.LTC2942_SetAnalog  battery_drv.o
    0x800089b6   0x6000ae12   0x0000001a   Code   RO         1694    i.LTC2942_SetPrescaler  battery_drv.o
    0x800089d0   0x6000ae2c   0x00000040   Code   RO         1695    i.LTC2942_WriteReg  battery_drv.o
    0x80008a10   0x6000ae6c   0x0000004c   Code   RO         1810    i.MLX_ReadReg       iic_temp_drv.o
    0x80008a5c   0x6000aeb8   0x000000a4   Code   RO         2574    i.MMC_AllSendCid    fsl_mmc.o
    0x80008b00   0x6000af5c   0x0000003c   Code   RO         2575    i.MMC_CardDeinit    fsl_mmc.o
    0x80008b3c   0x6000af98   0x000001a0   Code   RO         2576    i.MMC_CardInit      fsl_mmc.o
    0x80008cdc   0x6000b138   0x0000008c   Code   RO         2577    i.MMC_CheckBlockRange  fsl_mmc.o
    0x80008d68   0x6000b1c4   0x00000094   Code   RO         2580    i.MMC_DecodeCid     fsl_mmc.o
    0x80008dfc   0x6000b258   0x000001dc   Code   RO         2581    i.MMC_DecodeCsd     fsl_mmc.o
    0x80008fd8   0x6000b434   0x000001dc   Code   RO         2582    i.MMC_DecodeExtendedCsd  fsl_mmc.o
    0x800091b4   0x6000b610   0x00000040   Code   RO         2583    i.MMC_Deinit        fsl_mmc.o
    0x800091f4   0x6000b650   0x0000005c   Code   RO         2585    i.MMC_ExecuteTuning  fsl_mmc.o
    0x80009250   0x6000b6ac   0x0000003c   Code   RO         2586    i.MMC_GoIdle        fsl_mmc.o
    0x8000928c   0x6000b6e8   0x00000040   Code   RO         2587    i.MMC_HostDeinit    fsl_mmc.o
    0x800092cc   0x6000b728   0x00000050   Code   RO         2588    i.MMC_HostInit      fsl_mmc.o
    0x8000931c   0x6000b778   0x0000000c   Code   RO         2589    i.MMC_HostReset     fsl_mmc.o
    0x80009328   0x6000b784   0x00000054   Code   RO         2590    i.MMC_Init          fsl_mmc.o
    0x8000937c   0x6000b7d8   0x000001dc   Code   RO         2591    i.MMC_Read          fsl_mmc.o
    0x80009558   0x6000b9b4   0x0000011c   Code   RO         2592    i.MMC_ReadBlocks    fsl_mmc.o
    0x80009674   0x6000bad0   0x00000108   Code   RO         2594    i.MMC_ReceiveTestPattern  fsl_mmc.o
    0x8000977c   0x6000bbd8   0x00000088   Code   RO         2595    i.MMC_SelectBusTiming  fsl_mmc.o
    0x80009804   0x6000bc60   0x00000040   Code   RO         2596    i.MMC_SelectCard    fsl_mmc.o
    0x80009844   0x6000bca0   0x000000a8   Code   RO         2598    i.MMC_SendCsd       fsl_mmc.o
    0x800098ec   0x6000bd48   0x00000124   Code   RO         2599    i.MMC_SendExtendedCsd  fsl_mmc.o
    0x80009a10   0x6000be6c   0x000000d8   Code   RO         2600    i.MMC_SendOperationCondition  fsl_mmc.o
    0x80009ae8   0x6000bf44   0x0000010c   Code   RO         2601    i.MMC_SendTestPattern  fsl_mmc.o
    0x80009bf4   0x6000c050   0x00000040   Code   RO         2602    i.MMC_SetBlockCount  fsl_mmc.o
    0x80009c34   0x6000c090   0x00000064   Code   RO         2606    i.MMC_SetDataBusWidth  fsl_mmc.o
    0x80009c98   0x6000c0f4   0x000000dc   Code   RO         2607    i.MMC_SetExtendedCsdConfig  fsl_mmc.o
    0x80009d74   0x6000c1d0   0x000000d0   Code   RO         2608    i.MMC_SetMaxDataBusWidth  fsl_mmc.o
    0x80009e44   0x6000c2a0   0x00000094   Code   RO         2609    i.MMC_SetMaxEraseUnitSize  fsl_mmc.o
    0x80009ed8   0x6000c334   0x00000074   Code   RO         2610    i.MMC_SetMaxFrequency  fsl_mmc.o
    0x80009f4c   0x6000c3a8   0x00000190   Code   RO         2611    i.MMC_SetPowerClass  fsl_mmc.o
    0x8000a0dc   0x6000c538   0x000000a4   Code   RO         2612    i.MMC_SetRelativeAddress  fsl_mmc.o
    0x8000a180   0x6000c5dc   0x0000007c   Code   RO         2615    i.MMC_StopTransmission  fsl_mmc.o
    0x8000a1fc   0x6000c658   0x00000090   Code   RO         2616    i.MMC_SwitchHSTiming  fsl_mmc.o
    0x8000a28c   0x6000c6e8   0x00000154   Code   RO         2619    i.MMC_SwitchToHighSpeed  fsl_mmc.o
    0x8000a3e0   0x6000c83c   0x00000024   Code   RO         2620    i.MMC_SwitchVoltage  fsl_mmc.o
    0x8000a404   0x6000c860   0x0000011c   Code   RO         2621    i.MMC_TestDataBusWidth  fsl_mmc.o
    0x8000a520   0x6000c97c   0x000000cc   Code   RO         2622    i.MMC_Transfer      fsl_mmc.o
    0x8000a5ec   0x6000ca48   0x0000009c   Code   RO         2623    i.MMC_WaitWriteComplete  fsl_mmc.o
    0x8000a688   0x6000cae4   0x000001ec   Code   RO         2624    i.MMC_Write         fsl_mmc.o
    0x8000a874   0x6000ccd0   0x00000114   Code   RO         2625    i.MMC_WriteBlocks   fsl_mmc.o
    0x8000a988   0x6000cde4   0x00000048   Code   RO         1812    i.MXL_ReadObjTemp   iic_temp_drv.o
    0x8000a9d0   0x6000ce2c   0x00000170   Code   RO          334    i.NorFlash_ChkSelf  norflash_app.o
    0x8000ab40   0x6000cf9c   0x00000108   Code   RO         1863    i.NorFlash_FlexSPI_ModeInit  norflash_drv.o
    0x8000ac48   0x6000d0a4   0x00000024   Code   RO          335    i.NorFlash_SaveFirmPara  norflash_app.o
    0x8000ac6c   0x6000d0c8   0x00000034   Code   RO          336    i.NorFlash_WriteApp  norflash_app.o
    0x8000aca0   0x6000d0fc   0x000000a0   Code   RO         2103    i.PIT1_init         peripherals.o
    0x8000ad40   0x6000d19c   0x0000000c   Code   RO          627    i.PIT_ClearStatusFlags  adc_app.o
    0x8000ad4c   0x6000d1a8   0x0000001a   Code   RO         2104    i.PIT_EnableInterrupts  peripherals.o
    0x8000ad66   0x6000d1c2   0x00000002   PAD
    0x8000ad68   0x6000d1c4   0x00000098   Code   RO         6593    i.PIT_GetInstance   fsl_pit.o
    0x8000ae00   0x6000d25c   0x00000012   Code   RO          628    i.PIT_GetStatusFlags  adc_app.o
    0x8000ae12   0x6000d26e   0x00000002   PAD
    0x8000ae14   0x6000d270   0x00000078   Code   RO          629    i.PIT_IRQHandler    adc_app.o
    0x8000ae8c   0x6000d2e8   0x000000c4   Code   RO         6595    i.PIT_Init          fsl_pit.o
    0x8000af50   0x6000d3ac   0x0000000c   Code   RO          630    i.PIT_SetTimerPeriod  adc_app.o
    0x8000af5c   0x6000d3b8   0x0000000c   Code   RO         2105    i.PIT_SetTimerPeriod  peripherals.o
    0x8000af68   0x6000d3c4   0x0000001a   Code   RO          631    i.PIT_StartTimer    adc_app.o
    0x8000af82   0x6000d3de   0x0000001a   Code   RO          632    i.PIT_StopTimer     adc_app.o
    0x8000af9c   0x6000d3f8   0x000001b0   Code   RO          526    i.ParseChkSelf      ble_protocol.o
    0x8000b14c   0x6000d5a8   0x000000d8   Code   RO          527    i.ParseFirmPacket   ble_protocol.o
    0x8000b224   0x6000d680   0x00000084   Code   RO          528    i.ParseGetBatCapacity  ble_protocol.o
    0x8000b2a8   0x6000d704   0x0000006c   Code   RO          529    i.ParseGetObjTemp   ble_protocol.o
    0x8000b314   0x6000d770   0x00000418   Code   RO          530    i.ParseGetSampleData  ble_protocol.o
    0x8000b72c   0x6000db88   0x000000fc   Code   RO          531    i.ParseGetTime      ble_protocol.o
    0x8000b828   0x6000dc84   0x0000006c   Code   RO          532    i.ParseGetVersion   ble_protocol.o
    0x8000b894   0x6000dcf0   0x000000b8   Code   RO          533    i.ParseJson         ble_protocol.o
    0x8000b94c   0x6000dda8   0x00000026   Code   RO          534    i.ParseProtocol     ble_protocol.o
    0x8000b972   0x6000ddce   0x00000002   PAD
    0x8000b974   0x6000ddd0   0x000000f8   Code   RO          535    i.ParseSetSamplePara  ble_protocol.o
    0x8000ba6c   0x6000dec8   0x000000a0   Code   RO          536    i.ParseSetSysPara   ble_protocol.o
    0x8000bb0c   0x6000df68   0x000000e0   Code   RO          537    i.ParseSetTime      ble_protocol.o
    0x8000bbec   0x6000e048   0x00000074   Code   RO          538    i.ParseStartSample  ble_protocol.o
    0x8000bc60   0x6000e0bc   0x000000c4   Code   RO          539    i.ParseStartUpdate  ble_protocol.o
    0x8000bd24   0x6000e180   0x00000050   Code   RO         6644    i.QTMR_ClearStatusFlags  fsl_qtmr.o
    0x8000bd74   0x6000e1d0   0x00000060   Code   RO         6649    i.QTMR_EnableInterrupts  fsl_qtmr.o
    0x8000bdd4   0x6000e230   0x0000005c   Code   RO         6652    i.QTMR_GetInstance  fsl_qtmr.o
    0x8000be30   0x6000e28c   0x000000ac   Code   RO         6654    i.QTMR_Init         fsl_qtmr.o
    0x8000bedc   0x6000e338   0x0000002e   Code   RO         6655    i.QTMR_SetTimerPeriod  fsl_qtmr.o
    0x8000bf0a   0x6000e366   0x00000076   Code   RO         6656    i.QTMR_SetupInputCapture  fsl_qtmr.o
    0x8000bf80   0x6000e3dc   0x000000b4   Code   RO         6657    i.QTMR_SetupPwm     fsl_qtmr.o
    0x8000c034   0x6000e490   0x00000020   Code   RO          633    i.QTMR_StartTimer   adc_app.o
    0x8000c054   0x6000e4b0   0x00000020   Code   RO         2106    i.QTMR_StartTimer   peripherals.o
    0x8000c074   0x6000e4d0   0x00000044   Code   RO         2107    i.QuadTimer1_init   peripherals.o
    0x8000c0b8   0x6000e514   0x0000003c   Code   RO         2108    i.QuadTimer2_init   peripherals.o
    0x8000c0f4   0x6000e550   0x00000038   Code   RO         2109    i.QuadTimer3_init   peripherals.o
    0x8000c12c   0x6000e588   0x00000044   Code   RO         1497    i.RTC_Config        rtc_drv.o
    0x8000c170   0x6000e5cc   0x00000018   Code   RO         2505    i.SDMMCEVENT_Delay  fsl_sdmmc_event.o
    0x8000c188   0x6000e5e4   0x00000014   Code   RO         2506    i.SDMMCEVENT_Delete  fsl_sdmmc_event.o
    0x8000c19c   0x6000e5f8   0x00000024   Code   RO         2507    i.SDMMCEVENT_GetInstance  fsl_sdmmc_event.o
    0x8000c1c0   0x6000e61c   0x0000005c   Code   RO         2508    i.SDMMCEVENT_InitTimer  fsl_sdmmc_event.o
    0x8000c21c   0x6000e678   0x00000014   Code   RO         2401    i.SDMMCHOST_CardDetectDeinit  fsl_sdmmc_host.o
    0x8000c230   0x6000e68c   0x00000018   Code   RO         2402    i.SDMMCHOST_Deinit  fsl_sdmmc_host.o
    0x8000c248   0x6000e6a4   0x0000000c   Code   RO         2403    i.SDMMCHOST_Delay   fsl_sdmmc_host.o
    0x8000c254   0x6000e6b0   0x00000032   Code   RO         2406    i.SDMMCHOST_ErrorRecovery  fsl_sdmmc_host.o
    0x8000c286   0x6000e6e2   0x00000002   PAD
    0x8000c288   0x6000e6e4   0x00000038   Code   RO         2407    i.SDMMCHOST_Init    fsl_sdmmc_host.o
    0x8000c2c0   0x6000e71c   0x0000003c   Code   RO         2411    i.SDMMCHOST_Reset   fsl_sdmmc_host.o
    0x8000c2fc   0x6000e758   0x00000044   Code   RO         2412    i.SDMMCHOST_TransferFunction  fsl_sdmmc_host.o
    0x8000c340   0x6000e79c   0x000000e8   Code   RO         2324    i.SDMMC_ExecuteTuning  fsl_sdmmc_common.o
    0x8000c428   0x6000e884   0x00000070   Code   RO         2325    i.SDMMC_GoIdle      fsl_sdmmc_common.o
    0x8000c498   0x6000e8f4   0x00000098   Code   RO         2326    i.SDMMC_SelectCard  fsl_sdmmc_common.o
    0x8000c530   0x6000e98c   0x00000088   Code   RO         2328    i.SDMMC_SetBlockCount  fsl_sdmmc_common.o
    0x8000c5b8   0x6000ea14   0x00000088   Code   RO         2329    i.SDMMC_SetBlockSize  fsl_sdmmc_common.o
    0x8000c640   0x6000ea9c   0x000000b4   Code   RO         6755    i.SNVS_HP_CheckDatetimeFormat  fsl_snvs_hp.o
    0x8000c6f4   0x6000eb50   0x00000098   Code   RO         6756    i.SNVS_HP_ConvertDatetimeToSeconds  fsl_snvs_hp.o
    0x8000c78c   0x6000ebe8   0x000000e0   Code   RO         6757    i.SNVS_HP_ConvertSecondsToDatetime  fsl_snvs_hp.o
    0x8000c86c   0x6000ecc8   0x00000038   Code   RO         6762    i.SNVS_HP_RTC_GetDatetime  fsl_snvs_hp.o
    0x8000c8a4   0x6000ed00   0x00000030   Code   RO         6763    i.SNVS_HP_RTC_GetDefaultConfig  fsl_snvs_hp.o
    0x8000c8d4   0x6000ed30   0x0000001c   Code   RO         6765    i.SNVS_HP_RTC_GetSeconds  fsl_snvs_hp.o
    0x8000c8f0   0x6000ed4c   0x00000054   Code   RO         6767    i.SNVS_HP_RTC_Init  fsl_snvs_hp.o
    0x8000c944   0x6000eda0   0x00000060   Code   RO         6769    i.SNVS_HP_RTC_SetDatetime  fsl_snvs_hp.o
    0x8000c9a4   0x6000ee00   0x00000016   Code   RO         6770    i.SNVS_HP_RTC_StartTimer  fsl_snvs_hp.o
    0x8000c9ba   0x6000ee16   0x00000016   Code   RO         6771    i.SNVS_HP_RTC_StopTimer  fsl_snvs_hp.o
    0x8000c9d0   0x6000ee2c   0x00000078   Code   RO         4186    i.SerialManager_Init  serial_manager.o
    0x8000ca48   0x6000eea4   0x00000064   Code   RO         4187    i.SerialManager_OpenReadHandle  serial_manager.o
    0x8000caac   0x6000ef08   0x00000060   Code   RO         4188    i.SerialManager_OpenWriteHandle  serial_manager.o
    0x8000cb0c   0x6000ef68   0x00000036   Code   RO         4192    i.SerialManager_StartWriting  serial_manager.o
    0x8000cb42   0x6000ef9e   0x00000002   PAD
    0x8000cb44   0x6000efa0   0x00000088   Code   RO         4193    i.SerialManager_Write  serial_manager.o
    0x8000cbcc   0x6000f028   0x00000014   Code   RO         4194    i.SerialManager_WriteBlocking  serial_manager.o
    0x8000cbe0   0x6000f03c   0x0000008c   Code   RO         4284    i.Serial_UartInit   serial_port_uart.o
    0x8000cc6c   0x6000f0c8   0x00000070   Code   RO         4286    i.Serial_UartWrite  serial_port_uart.o
    0x8000ccdc   0x6000f138   0x00000628   Code   RO         7735    i.StrFormatPrintf   fsl_str.o
    0x8000d304   0x6000f760   0x00000016   Code   RO         3525    i.SysTick_Handler   cmsis_os2.o
    0x8000d31a   0x6000f776   0x00000002   PAD
    0x8000d31c   0x6000f778   0x00000020   Code   RO          634    i.TMR1_IRQHandler   adc_app.o
    0x8000d33c   0x6000f798   0x00000058   Code   RO          456    i.TMR2_IRQHandler   ble_app.o
    0x8000d394   0x6000f7f0   0x00000020   Code   RO         7053    i.USDHC1_DriverIRQHandler  fsl_usdhc.o
    0x8000d3b4   0x6000f810   0x00000020   Code   RO         7054    i.USDHC2_DriverIRQHandler  fsl_usdhc.o
    0x8000d3d4   0x6000f830   0x00000028   Code   RO         7055    i.USDHC_AdjustDelayForManualTuning  fsl_usdhc.o
    0x8000d3fc   0x6000f858   0x00000004   Code   RO         7056    i.USDHC_ClearInterruptStatusFlags  fsl_usdhc.o
    0x8000d400   0x6000f85c   0x00000020   Code   RO         7057    i.USDHC_Deinit      fsl_usdhc.o
    0x8000d420   0x6000f87c   0x00000042   Code   RO         7059    i.USDHC_EnableDDRMode  fsl_usdhc.o
    0x8000d462   0x6000f8be   0x0000001e   Code   RO         7060    i.USDHC_EnableInternalDMA  fsl_usdhc.o
    0x8000d480   0x6000f8dc   0x00000054   Code   RO         7062    i.USDHC_EnableStandardTuning  fsl_usdhc.o
    0x8000d4d4   0x6000f930   0x0000006c   Code   RO         7063    i.USDHC_GetCapability  fsl_usdhc.o
    0x8000d540   0x6000f99c   0x0000005c   Code   RO         7064    i.USDHC_GetInstance  fsl_usdhc.o
    0x8000d59c   0x6000f9f8   0x00000006   Code   RO         7065    i.USDHC_GetInterruptStatusFlags  fsl_usdhc.o
    0x8000d5a2   0x6000f9fe   0x00000002   PAD
    0x8000d5a4   0x6000fa00   0x00000124   Code   RO         7066    i.USDHC_Init        fsl_usdhc.o
    0x8000d6c8   0x6000fb24   0x000000bc   Code   RO         7067    i.USDHC_ReadByDataPortBlocking  fsl_usdhc.o
    0x8000d784   0x6000fbe0   0x00000070   Code   RO         7068    i.USDHC_ReadDataPort  fsl_usdhc.o
    0x8000d7f4   0x6000fc50   0x00000090   Code   RO         7069    i.USDHC_ReceiveCommandResponse  fsl_usdhc.o
    0x8000d884   0x6000fce0   0x0000002a   Code   RO         7070    i.USDHC_Reset       fsl_usdhc.o
    0x8000d8ae   0x6000fd0a   0x00000002   PAD
    0x8000d8b0   0x6000fd0c   0x000000b8   Code   RO         7071    i.USDHC_SendCommand  fsl_usdhc.o
    0x8000d968   0x6000fdc4   0x00000134   Code   RO         7072    i.USDHC_SetADMA1Descriptor  fsl_usdhc.o
    0x8000da9c   0x6000fef8   0x00000180   Code   RO         7073    i.USDHC_SetADMA2Descriptor  fsl_usdhc.o
    0x8000dc1c   0x60010078   0x00000100   Code   RO         7074    i.USDHC_SetAdmaTableConfig  fsl_usdhc.o
    0x8000dd1c   0x60010178   0x0000000a   Code   RO         2627    i.USDHC_SetDataBusWidth  fsl_mmc.o
    0x8000dd26   0x60010182   0x00000002   PAD
    0x8000dd28   0x60010184   0x0000010c   Code   RO         7076    i.USDHC_SetDataTransferConfig  fsl_usdhc.o
    0x8000de34   0x60010290   0x000000c0   Code   RO         7077    i.USDHC_SetInternalDmaConfig  fsl_usdhc.o
    0x8000def4   0x60010350   0x0000015c   Code   RO         7079    i.USDHC_SetSdClock  fsl_usdhc.o
    0x8000e050   0x600104ac   0x00000098   Code   RO         7080    i.USDHC_SetTransferInterrupt  fsl_usdhc.o
    0x8000e0e8   0x60010544   0x000000dc   Code   RO         7081    i.USDHC_TransferBlocking  fsl_usdhc.o
    0x8000e1c4   0x60010620   0x0000008c   Code   RO         7083    i.USDHC_TransferDataBlocking  fsl_usdhc.o
    0x8000e250   0x600106ac   0x0000007c   Code   RO         7092    i.USDHC_WaitCommandDone  fsl_usdhc.o
    0x8000e2cc   0x60010728   0x000000c4   Code   RO         7093    i.USDHC_WriteByDataPortBlocking  fsl_usdhc.o
    0x8000e390   0x600107ec   0x00000074   Code   RO         7094    i.USDHC_WriteDataPort  fsl_usdhc.o
    0x8000e404   0x60010860   0x00000014   Code   RO         1978    i.Uart_SendByte     utility.o
    0x8000e418   0x60010874   0x0000001c   Code   RO         1616    i.XBARA_Configuration  adc_drv.o
    0x8000e434   0x60010890   0x0000005c   Code   RO         7328    i.XBARA_GetInstance  fsl_xbara.o
    0x8000e490   0x600108ec   0x00000020   Code   RO         7330    i.XBARA_Init        fsl_xbara.o
    0x8000e4b0   0x6001090c   0x0000002a   Code   RO         7332    i.XBARA_SetSignalsConnection  fsl_xbara.o
    0x8000e4da   0x60010936   0x00000002   PAD
    0x8000e4dc   0x60010938   0x00000028   Code   RO         9441    i.__0sprintf        mc_w.l(printfa.o)
    0x8000e504   0x60010960   0x00000030   Code   RO         9525    i.__ARM_fpclassify  m_wv.l(fpclassify.o)
    0x8000e534   0x60010990   0x00000044   Code   RO         7545    i.__aeabi_assert    fsl_assert.o
    0x8000e578   0x600109d4   0x0000005c   Code   RO         9471    i.__free$realloc$2region  mc_w.l(mallocr2.o)
    0x8000e5d4   0x60010a30   0x000000c0   Code   RO         9147    i.__hardfp_modf     m_wv.l(modf.o)
    0x8000e694   0x60010af0   0x00000004   PAD
    0x8000e698   0x60010af4   0x000008f8   Code   RO         9153    i.__hardfp_pow      m_wv.l(pow.o)
    0x8000ef90   0x600113ec   0x00000028   Code   RO         9167    i.__hardfp_strtod   m_wv.l(strtod.o)
    0x8000efb8   0x60011414   0x00000070   Code   RO         9527    i.__kernel_poly     m_wv.l(poly.o)
    0x8000f028   0x60011484   0x00000050   Code   RO         9472    i.__malloc$realloc$2region  mc_w.l(mallocr2.o)
    0x8000f078   0x600114d4   0x00000020   Code   RO         9505    i.__mathlib_dbl_divzero  m_wv.l(dunder.o)
    0x8000f098   0x600114f4   0x00000006   Code   RO         9507    i.__mathlib_dbl_infnan2  m_wv.l(dunder.o)
    0x8000f09e   0x600114fa   0x00000002   PAD
    0x8000f0a0   0x600114fc   0x00000018   Code   RO         9508    i.__mathlib_dbl_invalid  m_wv.l(dunder.o)
    0x8000f0b8   0x60011514   0x00000018   Code   RO         9509    i.__mathlib_dbl_overflow  m_wv.l(dunder.o)
    0x8000f0d0   0x6001152c   0x00000018   Code   RO         9511    i.__mathlib_dbl_underflow  m_wv.l(dunder.o)
    0x8000f0e8   0x60011544   0x0000006c   Code   RO         9473    i.__realloc$2region  mc_w.l(mallocr2.o)
    0x8000f154   0x600115b0   0x0000000c   Code   RO         9566    i.__set_errno       mc_w.l(errno.o)
    0x8000f160   0x600115bc   0x00000184   Code   RO         9446    i._fp_digits        mc_w.l(printfa.o)
    0x8000f2e4   0x60011740   0x0000000e   Code   RO         9499    i._is_digit         mc_w.l(scanf_fp.o)
    0x8000f2f2   0x6001174e   0x00000002   PAD
    0x8000f2f4   0x60011750   0x000006dc   Code   RO         9447    i._printf_core      mc_w.l(printfa.o)
    0x8000f9d0   0x60011e2c   0x00000024   Code   RO         9448    i._printf_post_padding  mc_w.l(printfa.o)
    0x8000f9f4   0x60011e50   0x0000002e   Code   RO         9449    i._printf_pre_padding  mc_w.l(printfa.o)
    0x8000fa22   0x60011e7e   0x0000000a   Code   RO         9451    i._sputc            mc_w.l(printfa.o)
    0x8000fa2c   0x60011e88   0x0000002e   Code   RO          812    i.add_item_to_array  cjson.o
    0x8000fa5a   0x60011eb6   0x00000076   Code   RO          813    i.add_item_to_object  cjson.o
    0x8000fad0   0x60011f2c   0x0000003a   Code   RO          814    i.buffer_skip_whitespace  cjson.o
    0x8000fb0a   0x60011f66   0x00000002   PAD
    0x8000fb0c   0x60011f68   0x00000030   Code   RO          815    i.cJSON_AddArrayToObject  cjson.o
    0x8000fb3c   0x60011f98   0x00000010   Code   RO          820    i.cJSON_AddItemToArray  cjson.o
    0x8000fb4c   0x60011fa8   0x00000044   Code   RO          824    i.cJSON_AddNumberToObject  cjson.o
    0x8000fb90   0x60011fec   0x00000034   Code   RO          827    i.cJSON_AddStringToObject  cjson.o
    0x8000fbc4   0x60012020   0x00000018   Code   RO          830    i.cJSON_CreateArray  cjson.o
    0x8000fbdc   0x60012038   0x00000068   Code   RO          838    i.cJSON_CreateNumber  cjson.o
    0x8000fc44   0x600120a0   0x00000018   Code   RO          839    i.cJSON_CreateObject  cjson.o
    0x8000fc5c   0x600120b8   0x00000034   Code   RO          842    i.cJSON_CreateString  cjson.o
    0x8000fc90   0x600120ec   0x00000058   Code   RO          846    i.cJSON_Delete      cjson.o
    0x8000fce8   0x60012144   0x00000012   Code   RO          858    i.cJSON_GetObjectItem  cjson.o
    0x8000fcfa   0x60012156   0x0000001a   Code   RO          875    i.cJSON_New_Item    cjson.o
    0x8000fd14   0x60012170   0x00000010   Code   RO          876    i.cJSON_Parse       cjson.o
    0x8000fd24   0x60012180   0x000000d4   Code   RO          877    i.cJSON_ParseWithOpts  cjson.o
    0x8000fdf8   0x60012254   0x00000014   Code   RO          878    i.cJSON_Print       cjson.o
    0x8000fe0c   0x60012268   0x00000038   Code   RO          890    i.cJSON_strdup      cjson.o
    0x8000fe44   0x600122a0   0x00000048   Code   RO          891    i.case_insensitive_strcmp  cjson.o
    0x8000fe8c   0x600122e8   0x00000002   Code   RO          892    i.cast_away_const   cjson.o
    0x8000fe8e   0x600122ea   0x00000002   PAD
    0x8000fe90   0x600122ec   0x0000007c   Code   RO         2894    i.check_fs          ff.o
    0x8000ff0c   0x60012368   0x00000014   Code   RO         2895    i.chk_chr           ff.o
    0x8000ff20   0x6001237c   0x0000001a   Code   RO         2896    i.clst2sect         ff.o
    0x8000ff3a   0x60012396   0x00000002   PAD
    0x8000ff3c   0x60012398   0x00000098   Code   RO         2897    i.cmp_lfn           ff.o
    0x8000ffd4   0x60012430   0x00000120   Code   RO         2898    i.create_chain      ff.o
    0x800100f4   0x60012550   0x000002c0   Code   RO         2899    i.create_name       ff.o
    0x800103b4   0x60012810   0x0000000c   Code   RO         2900    i.dbc_1st           ff.o
    0x800103c0   0x6001281c   0x0000000c   Code   RO         2901    i.dbc_2nd           ff.o
    0x800103cc   0x60012828   0x00000060   Code   RO         2902    i.dir_alloc         ff.o
    0x8001042c   0x60012888   0x00000060   Code   RO         2903    i.dir_clear         ff.o
    0x8001048c   0x600128e8   0x000000fc   Code   RO         2904    i.dir_find          ff.o
    0x80010588   0x600129e4   0x000000ca   Code   RO         2905    i.dir_next          ff.o
    0x80010652   0x60012aae   0x000000d2   Code   RO         2906    i.dir_read          ff.o
    0x80010724   0x60012b80   0x00000142   Code   RO         2907    i.dir_register      ff.o
    0x80010866   0x60012cc2   0x00000060   Code   RO         2908    i.dir_remove        ff.o
    0x800108c6   0x60012d22   0x0000009a   Code   RO         2909    i.dir_sdi           ff.o
    0x80010960   0x60012dbc   0x0000001c   Code   RO         3320    i.disk_initialize   diskio.o
    0x8001097c   0x60012dd8   0x00000028   Code   RO         3321    i.disk_ioctl        diskio.o
    0x800109a4   0x60012e00   0x0000002c   Code   RO         3322    i.disk_read         diskio.o
    0x800109d0   0x60012e2c   0x0000001c   Code   RO         3323    i.disk_status       diskio.o
    0x800109ec   0x60012e48   0x0000002c   Code   RO         3324    i.disk_write        diskio.o
    0x80010a18   0x60012e74   0x00000002   Code   RO         2110    i.eDMA_init         peripherals.o
    0x80010a1a   0x60012e76   0x00000002   PAD
    0x80010a1c   0x60012e78   0x00000150   Code   RO         1533    i.eMMC_CheckFatfs   emmc_drv.o
    0x80010b6c   0x60012fc8   0x00000098   Code   RO         1534    i.eMMC_GetFree      emmc_drv.o
    0x80010c04   0x60013060   0x0000008c   Code   RO         1535    i.eMMC_Init         emmc_drv.o
    0x80010c90   0x600130ec   0x00000240   Code   RO         1536    i.eMMC_SaveSampleData  emmc_drv.o
    0x80010ed0   0x6001332c   0x00000090   Code   RO         1537    i.eMMC_ScanDelFile  emmc_drv.o
    0x80010f60   0x600133bc   0x000000ba   Code   RO          894    i.ensure            cjson.o
    0x8001101a   0x60013476   0x00000002   PAD
    0x8001101c   0x60013478   0x00000020   Code   RO         2911    i.f_chdrive         ff.o
    0x8001103c   0x60013498   0x00000022   Code   RO         2912    i.f_close           ff.o
    0x8001105e   0x600134ba   0x000000f6   Code   RO         2915    i.f_getfree         ff.o
    0x80011154   0x600135b0   0x00000184   Code   RO         2917    i.f_lseek           ff.o
    0x800112d8   0x60013734   0x00000684   Code   RO         2919    i.f_mkfs            ff.o
    0x8001195c   0x60013db8   0x00000054   Code   RO         2920    i.f_mount           ff.o
    0x800119b0   0x60013e0c   0x000001ec   Code   RO         2921    i.f_open            ff.o
    0x80011b9c   0x60013ff8   0x00000078   Code   RO         2922    i.f_opendir         ff.o
    0x80011c14   0x60014070   0x0000019c   Code   RO         2926    i.f_read            ff.o
    0x80011db0   0x6001420c   0x0000005c   Code   RO         2927    i.f_readdir         ff.o
    0x80011e0c   0x60014268   0x000000a0   Code   RO         2930    i.f_sync            ff.o
    0x80011eac   0x60014308   0x000000cc   Code   RO         2932    i.f_unlink          ff.o
    0x80011f78   0x600143d4   0x000001de   Code   RO         2933    i.f_write           ff.o
    0x80012156   0x600145b2   0x00000018   Code   RO         9521    i.fabs              m_wv.l(fabs.o)
    0x8001216e   0x600145ca   0x00000002   PAD
    0x80012170   0x600145cc   0x0000002c   Code   RO         3294    i.ff_oem2uni        ffunicode.o
    0x8001219c   0x600145f8   0x00000040   Code   RO         3295    i.ff_uni2oem        ffunicode.o
    0x800121dc   0x60014638   0x000000b0   Code   RO         3296    i.ff_wtoupper       ffunicode.o
    0x8001228c   0x600146e8   0x00000310   Code   RO         2934    i.find_volume       ff.o
    0x8001259c   0x600149f8   0x000000ca   Code   RO         2935    i.follow_path       ff.o
    0x80012666   0x60014ac2   0x00000002   PAD
    0x80012668   0x60014ac4   0x000000cc   Code   RO         2936    i.gen_numname       ff.o
    0x80012734   0x60014b90   0x00000004   Code   RO          896    i.get_decimal_point  cjson.o
    0x80012738   0x60014b94   0x000000e0   Code   RO         2937    i.get_fat           ff.o
    0x80012818   0x60014c74   0x00000176   Code   RO         2938    i.get_fileinfo      ff.o
    0x8001298e   0x60014dea   0x00000002   PAD
    0x80012990   0x60014dec   0x00000054   Code   RO         2939    i.get_ldnumber      ff.o
    0x800129e4   0x60014e40   0x00000044   Code   RO          897    i.get_object_item   cjson.o
    0x80012a28   0x60014e84   0x00000050   Code   RO         9474    i.internal_alloc    mc_w.l(mallocr2.o)
    0x80012a78   0x60014ed4   0x00000026   Code   RO         2940    i.ld_clust          ff.o
    0x80012a9e   0x60014efa   0x00000018   Code   RO         2941    i.ld_dword          ff.o
    0x80012ab6   0x60014f12   0x0000000c   Code   RO         2942    i.ld_word           ff.o
    0x80012ac2   0x60014f1e   0x00000002   PAD
    0x80012ac4   0x60014f20   0x000000cc   Code   RO           13    i.main              main.o
    0x80012b90   0x60014fec   0x00000024   Code   RO         2943    i.mem_cmp           ff.o
    0x80012bb4   0x60015010   0x0000001a   Code   RO         2944    i.mem_cpy           ff.o
    0x80012bce   0x6001502a   0x00000012   Code   RO         2945    i.mem_set           ff.o
    0x80012be0   0x6001503c   0x00000078   Code   RO         3362    i.mmc_disk_initialize  fsl_mmc_disk.o
    0x80012c58   0x600150b4   0x00000060   Code   RO         3363    i.mmc_disk_ioctl    fsl_mmc_disk.o
    0x80012cb8   0x60015114   0x00000030   Code   RO         3364    i.mmc_disk_read     fsl_mmc_disk.o
    0x80012ce8   0x60015144   0x0000000e   Code   RO         3365    i.mmc_disk_status   fsl_mmc_disk.o
    0x80012cf6   0x60015152   0x00000002   PAD
    0x80012cf8   0x60015154   0x00000030   Code   RO         3366    i.mmc_disk_write    fsl_mmc_disk.o
    0x80012d28   0x60015184   0x00000034   Code   RO         2946    i.move_window       ff.o
    0x80012d5c   0x600151b8   0x000000f4   Code   RO          898    i.parse_array       cjson.o
    0x80012e50   0x600152ac   0x0000005a   Code   RO          899    i.parse_hex4        cjson.o
    0x80012eaa   0x60015306   0x00000002   PAD
    0x80012eac   0x60015308   0x00000144   Code   RO          900    i.parse_number      cjson.o
    0x80012ff0   0x6001544c   0x0000013a   Code   RO          901    i.parse_object      cjson.o
    0x8001312a   0x60015586   0x0000018c   Code   RO          902    i.parse_string      cjson.o
    0x800132b6   0x60015712   0x00000002   PAD
    0x800132b8   0x60015714   0x0000013c   Code   RO          903    i.parse_value       cjson.o
    0x800133f4   0x60015850   0x00000088   Code   RO         2947    i.pick_lfn          ff.o
    0x8001347c   0x600158d8   0x000000b0   Code   RO          904    i.print             cjson.o
    0x8001352c   0x60015988   0x000000b2   Code   RO          905    i.print_array       cjson.o
    0x800135de   0x60015a3a   0x00000002   PAD
    0x800135e0   0x60015a3c   0x000000ec   Code   RO          906    i.print_number      cjson.o
    0x800136cc   0x60015b28   0x00000174   Code   RO          907    i.print_object      cjson.o
    0x80013840   0x60015c9c   0x00000010   Code   RO          908    i.print_string      cjson.o
    0x80013850   0x60015cac   0x00000174   Code   RO          909    i.print_string_ptr  cjson.o
    0x800139c4   0x60015e20   0x00000104   Code   RO          910    i.print_value       cjson.o
    0x80013ac8   0x60015f24   0x0000007c   Code   RO         8596    i.prvAddCurrentTaskToDelayedList  tasks.o
    0x80013b44   0x60015fa0   0x000000b8   Code   RO         8597    i.prvAddNewTaskToReadyList  tasks.o
    0x80013bfc   0x60016058   0x0000005c   Code   RO         8981    i.prvCheckForValidListAndQueue  timers.o
    0x80013c58   0x600160b4   0x00000048   Code   RO         8598    i.prvCheckTasksWaitingTermination  tasks.o
    0x80013ca0   0x600160fc   0x0000002a   Code   RO         8194    i.prvCopyDataFromQueue  queue.o
    0x80013cca   0x60016126   0x0000007e   Code   RO         8195    i.prvCopyDataToQueue  queue.o
    0x80013d48   0x600161a4   0x00000028   Code   RO         8599    i.prvDeleteTCB      tasks.o
    0x80013d70   0x600161cc   0x00000028   Code   RO         8982    i.prvGetNextExpireTime  timers.o
    0x80013d98   0x600161f4   0x0000007c   Code   RO         8049    i.prvHeapInit       heap_4.o
    0x80013e14   0x60016270   0x00000028   Code   RO         8600    i.prvIdleTask       tasks.o
    0x80013e3c   0x60016298   0x0000002a   Code   RO         8198    i.prvInitialiseNewQueue  queue.o
    0x80013e66   0x600162c2   0x0000009a   Code   RO         8601    i.prvInitialiseNewTask  tasks.o
    0x80013f00   0x6001635c   0x00000068   Code   RO         8602    i.prvInitialiseTaskLists  tasks.o
    0x80013f68   0x600163c4   0x00000068   Code   RO         8050    i.prvInsertBlockIntoFreeList  heap_4.o
    0x80013fd0   0x6001642c   0x00000058   Code   RO         8984    i.prvInsertTimerInActiveList  timers.o
    0x80014028   0x60016484   0x0000001a   Code   RO         8199    i.prvIsQueueEmpty   queue.o
    0x80014042   0x6001649e   0x0000001e   Code   RO         8200    i.prvIsQueueFull    queue.o
    0x80014060   0x600164bc   0x0000005c   Code   RO         8985    i.prvProcessExpiredTimer  timers.o
    0x800140bc   0x60016518   0x0000010c   Code   RO         8986    i.prvProcessReceivedCommands  timers.o
    0x800141c8   0x60016624   0x00000074   Code   RO         8987    i.prvProcessTimerOrBlockTask  timers.o
    0x8001423c   0x60016698   0x00000034   Code   RO         8604    i.prvResetNextTaskUnblockTime  tasks.o
    0x80014270   0x600166cc   0x0000002c   Code   RO         8988    i.prvSampleTimeNow  timers.o
    0x8001429c   0x600166f8   0x00000088   Code   RO         8989    i.prvSwitchTimerLists  timers.o
    0x80014324   0x60016780   0x0000001a   Code   RO         8111    i.prvTaskExitError  port.o
    0x8001433e   0x6001679a   0x00000002   PAD
    0x80014340   0x6001679c   0x00000040   Code   RO         8606    i.prvTaskIsTaskSuspended  tasks.o
    0x80014380   0x600167dc   0x0000001a   Code   RO         8990    i.prvTimerTask      timers.o
    0x8001439a   0x600167f6   0x0000007e   Code   RO         8201    i.prvUnlockQueue    queue.o
    0x80014418   0x60016874   0x00000138   Code   RO         2948    i.put_fat           ff.o
    0x80014550   0x600169ac   0x00000080   Code   RO         2949    i.put_lfn           ff.o
    0x800145d0   0x60016a2c   0x00000042   Code   RO         2950    i.put_utf           ff.o
    0x80014612   0x60016a6e   0x00000002   PAD
    0x80014614   0x60016a70   0x000000d0   Code   RO         8051    i.pvPortMalloc      heap_4.o
    0x800146e4   0x60016b40   0x0000002c   Code   RO         8112    i.pxPortInitialiseStack  port.o
    0x80014710   0x60016b6c   0x0000009a   Code   RO         2954    i.remove_chain      ff.o
    0x800147aa   0x60016c06   0x00000002   PAD
    0x800147ac   0x60016c08   0x0000003c   Code   RO          912    i.skip_utf8_bom     cjson.o
    0x800147e8   0x60016c44   0x0000006a   Code   RO         9532    i.sqrt              m_wv.l(sqrt.o)
    0x80014852   0x60016cae   0x00000024   Code   RO         2955    i.st_clust          ff.o
    0x80014876   0x60016cd2   0x00000018   Code   RO         2956    i.st_dword          ff.o
    0x8001488e   0x60016cea   0x0000000c   Code   RO         2957    i.st_word           ff.o
    0x8001489a   0x60016cf6   0x00000006   Code   RO          913    i.suffix_object     cjson.o
    0x800148a0   0x60016cfc   0x00000020   Code   RO         2958    i.sum_sfn           ff.o
    0x800148c0   0x60016d1c   0x00000090   Code   RO         2959    i.sync_fs           ff.o
    0x80014950   0x60016dac   0x0000004a   Code   RO         2960    i.sync_window       ff.o
    0x8001499a   0x60016df6   0x0000004c   Code   RO         2961    i.tchar2uni         ff.o
    0x800149e6   0x60016e42   0x00000002   PAD
    0x800149e8   0x60016e44   0x00000074   Code   RO         8608    i.ulTaskNotifyTake  tasks.o
    0x80014a5c   0x60016eb8   0x00000024   Code   RO          914    i.update_offset     cjson.o
    0x80014a80   0x60016edc   0x0000012c   Code   RO          915    i.utf16_literal_to_utf8  cjson.o
    0x80014bac   0x60017008   0x00000028   Code   RO         7998    i.uxListRemove      list.o
    0x80014bd4   0x60017030   0x00000018   Code   RO         3592    i.vApplicationGetIdleTaskMemory  cmsis_os2.o
    0x80014bec   0x60017048   0x00000018   Code   RO         3593    i.vApplicationGetTimerTaskMemory  cmsis_os2.o
    0x80014c04   0x60017060   0x00000002   Code   RO         3594    i.vApplicationStackOverflowHook  cmsis_os2.o
    0x80014c06   0x60017062   0x0000001a   Code   RO         7999    i.vListInitialise   list.o
    0x80014c20   0x6001707c   0x00000006   Code   RO         8000    i.vListInitialiseItem  list.o
    0x80014c26   0x60017082   0x00000034   Code   RO         8001    i.vListInsert       list.o
    0x80014c5a   0x600170b6   0x00000018   Code   RO         8002    i.vListInsertEnd    list.o
    0x80014c72   0x600170ce   0x00000002   PAD
    0x80014c74   0x600170d0   0x00000028   Code   RO         8114    i.vPortEnterCritical  port.o
    0x80014c9c   0x600170f8   0x00000020   Code   RO         8115    i.vPortExitCritical  port.o
    0x80014cbc   0x60017118   0x00000048   Code   RO         8052    i.vPortFree         heap_4.o
    0x80014d04   0x60017160   0x00000028   Code   RO         8116    i.vPortSetupTimerInterrupt  port.o
    0x80014d2c   0x60017188   0x0000004a   Code   RO         8209    i.vQueueWaitForMessageRestricted  queue.o
    0x80014d76   0x600171d2   0x00000002   PAD
    0x80014d78   0x600171d4   0x00000034   Code   RO         8616    i.vTaskDelay        tasks.o
    0x80014dac   0x60017208   0x000000a0   Code   RO         8618    i.vTaskDelete       tasks.o
    0x80014e4c   0x600172a8   0x00000018   Code   RO         8621    i.vTaskInternalSetTimeOutState  tasks.o
    0x80014e64   0x600172c0   0x0000000c   Code   RO         8622    i.vTaskMissedYield  tasks.o
    0x80014e70   0x600172cc   0x000000b4   Code   RO         8623    i.vTaskNotifyGiveFromISR  tasks.o
    0x80014f24   0x60017380   0x00000020   Code   RO         8624    i.vTaskPlaceOnEventList  tasks.o
    0x80014f44   0x600173a0   0x00000028   Code   RO         8625    i.vTaskPlaceOnEventListRestricted  tasks.o
    0x80014f6c   0x600173c8   0x00000078   Code   RO         8630    i.vTaskResume       tasks.o
    0x80014fe4   0x60017440   0x00000098   Code   RO         8633    i.vTaskStartScheduler  tasks.o
    0x8001507c   0x600174d8   0x000000a0   Code   RO         8634    i.vTaskSuspend      tasks.o
    0x8001511c   0x60017578   0x00000010   Code   RO         8635    i.vTaskSuspendAll   tasks.o
    0x8001512c   0x60017588   0x000000b0   Code   RO         8636    i.vTaskSwitchContext  tasks.o
    0x800151dc   0x60017638   0x0000003c   Code   RO         2962    i.validate          ff.o
    0x80015218   0x60017674   0x00000048   Code   RO         8117    i.xPortStartScheduler  port.o
    0x80015260   0x600176bc   0x00000044   Code   RO         8118    i.xPortSysTickHandler  port.o
    0x800152a4   0x60017700   0x0000002e   Code   RO         8215    i.xQueueGenericCreateStatic  queue.o
    0x800152d2   0x6001772e   0x00000002   PAD
    0x800152d4   0x60017730   0x00000080   Code   RO         8216    i.xQueueGenericReset  queue.o
    0x80015354   0x600177b0   0x00000118   Code   RO         8217    i.xQueueGenericSend  queue.o
    0x8001546c   0x600178c8   0x0000008a   Code   RO         8218    i.xQueueGenericSendFromISR  queue.o
    0x800154f6   0x60017952   0x00000002   PAD
    0x800154f8   0x60017954   0x00000104   Code   RO         8227    i.xQueueReceive     queue.o
    0x800155fc   0x60017a58   0x0000005c   Code   RO         8637    i.xTaskCheckForTimeOut  tasks.o
    0x80015658   0x60017ab4   0x00000064   Code   RO         8638    i.xTaskCreate       tasks.o
    0x800156bc   0x60017b18   0x0000004e   Code   RO         8639    i.xTaskCreateStatic  tasks.o
    0x8001570a   0x60017b66   0x00000002   PAD
    0x8001570c   0x60017b68   0x000000c4   Code   RO         8640    i.xTaskGenericNotify  tasks.o
    0x800157d0   0x60017c2c   0x00000020   Code   RO         8643    i.xTaskGetSchedulerState  tasks.o
    0x800157f0   0x60017c4c   0x0000000c   Code   RO         8644    i.xTaskGetTickCount  tasks.o
    0x800157fc   0x60017c58   0x00000118   Code   RO         8646    i.xTaskIncrementTick  tasks.o
    0x80015914   0x60017d70   0x000000a0   Code   RO         8648    i.xTaskNotifyWait   tasks.o
    0x800159b4   0x60017e10   0x00000060   Code   RO         8649    i.xTaskPriorityDisinherit  tasks.o
    0x80015a14   0x60017e70   0x00000080   Code   RO         8651    i.xTaskRemoveFromEventList  tasks.o
    0x80015a94   0x60017ef0   0x000000e8   Code   RO         8652    i.xTaskResumeAll    tasks.o
    0x80015b7c   0x60017fd8   0x00000060   Code   RO         8998    i.xTimerCreateTimerTask  timers.o
    0x80015bdc   0x60018038   0x0000006c   Code   RO         8999    i.xTimerGenericCommand  timers.o
    0x80015c48   0x600180a4   0x00000018   Data   RO         1539    .constdata          emmc_drv.o
    0x80015c60   0x600180bc   0x00000168   Data   RO         1864    .constdata          norflash_drv.o
    0x80015dc8   0x60018224   0x00000022   Data   RO         2027    .constdata          clock_config.o
    0x80015dea   0x60018246   0x00000002   PAD
    0x80015dec   0x60018248   0x00000100   Data   RO         2111    .constdata          peripherals.o
    0x80015eec   0x60018348   0x0000004f   Data   RO         2272    .constdata          pin_mux.o
    0x80015f3b   0x60018397   0x00000001   PAD
    0x80015f3c   0x60018398   0x00000050   Data   RO         2628    .constdata          fsl_mmc.o
    0x80015f8c   0x600183e8   0x000000aa   Data   RO         2964    .constdata          ff.o
    0x80016036   0x60018492   0x000003ae   Data   RO         3297    .constdata          ffunicode.o
    0x800163e4   0x60018840   0x00000024   Data   RO         4334    .constdata          lpuart_adapter.o
    0x80016408   0x60018864   0x00000012   Data   RO         4397    .constdata          fsl_adc.o
    0x8001641a   0x60018876   0x00000002   PAD
    0x8001641c   0x60018878   0x00000010   Data   RO         4597    .constdata          fsl_clock.o
    0x8001642c   0x60018888   0x00000006   Data   RO         4985    .constdata          fsl_dmamux.o
    0x80016432   0x6001888e   0x00000002   PAD
    0x80016434   0x60018890   0x00000046   Data   RO         5081    .constdata          fsl_edma.o
    0x8001647a   0x600188d6   0x00000002   PAD
    0x8001647c   0x600188d8   0x00000008   Data   RO         5394    .constdata          fsl_flexspi.o
    0x80016484   0x600188e0   0x00000024   Data   RO         5534    .constdata          fsl_gpio.o
    0x800164a8   0x60018904   0x00000028   Data   RO         5683    .constdata          fsl_lpi2c.o
    0x800164d0   0x6001892c   0x00000030   Data   RO         6007    .constdata          fsl_lpspi.o
    0x80016500   0x6001895c   0x00000048   Data   RO         6301    .constdata          fsl_lpuart.o
    0x80016548   0x600189a4   0x00000006   Data   RO         6596    .constdata          fsl_pit.o
    0x8001654e   0x600189aa   0x00000002   PAD
    0x80016550   0x600189ac   0x0000001e   Data   RO         6658    .constdata          fsl_qtmr.o
    0x8001656e   0x600189ca   0x00000002   PAD
    0x80016570   0x600189cc   0x0000001a   Data   RO         6773    .constdata          fsl_snvs_hp.o
    0x8001658a   0x600189e6   0x00000002   PAD
    0x8001658c   0x600189e8   0x00000018   Data   RO         7096    .constdata          fsl_usdhc.o
    0x800165a4   0x60018a00   0x00000006   Data   RO         7333    .constdata          fsl_xbara.o
    0x800165aa   0x60018a06   0x00000002   PAD
    0x800165ac   0x60018a08   0x00000010   Data   RO         7411    .constdata          fsl_debug_console.o
    0x800165bc   0x60018a18   0x00000004   PAD
    0x800165c0   0x60018a1c   0x00000088   Data   RO         9156    .constdata          m_wv.l(pow.o)
    0x80016648   0x60018aa4   0x00000008   Data   RO         9529    .constdata          m_wv.l(qnan.o)
    0x80016650   0x60018aac   0x00000040   Data   RO         9607    .constdata          mc_w.l(ctype_c.o)
    0x80016690   0x60018aec   0x00000041   Data   RO          458    .conststring        ble_app.o
    0x800166d1   0x60018b2d   0x00000003   PAD
    0x800166d4   0x60018b30   0x00000042   Data   RO         1540    .conststring        emmc_drv.o
    0x80016716   0x60018b72   0x00000002   PAD
    0x80016718   0x60018b74   0x00000070   Data   RO         2629    .conststring        fsl_mmc.o
    0x80016788   0x60018be4   0x00000059   Data   RO         4195    .conststring        serial_manager.o
    0x800167e1   0x60018c3d   0x00000003   PAD
    0x800167e4   0x60018c40   0x0000005b   Data   RO         4287    .conststring        serial_port_uart.o
    0x8001683f   0x60018c9b   0x00000001   PAD
    0x80016840   0x60018c9c   0x0000009b   Data   RO         4335    .conststring        lpuart_adapter.o
    0x800168db   0x60018d37   0x00000001   PAD
    0x800168dc   0x60018d38   0x00000044   Data   RO         4491    .conststring        fsl_adc_etc.o
    0x80016920   0x60018d7c   0x00000042   Data   RO         4598    .conststring        fsl_clock.o
    0x80016962   0x60018dbe   0x00000002   PAD
    0x80016964   0x60018dc0   0x00000043   Data   RO         4986    .conststring        fsl_dmamux.o
    0x800169a7   0x60018e03   0x00000001   PAD
    0x800169a8   0x60018e04   0x00000041   Data   RO         5082    .conststring        fsl_edma.o
    0x800169e9   0x60018e45   0x00000003   PAD
    0x800169ec   0x60018e48   0x00000044   Data   RO         5395    .conststring        fsl_flexspi.o
    0x80016a30   0x60018e8c   0x00000041   Data   RO         5535    .conststring        fsl_gpio.o
    0x80016a71   0x60018ecd   0x00000003   PAD
    0x80016a74   0x60018ed0   0x00000042   Data   RO         5684    .conststring        fsl_lpi2c.o
    0x80016ab6   0x60018f12   0x00000002   PAD
    0x80016ab8   0x60018f14   0x00000042   Data   RO         6008    .conststring        fsl_lpspi.o
    0x80016afa   0x60018f56   0x00000002   PAD
    0x80016afc   0x60018f58   0x000000d4   Data   RO         6302    .conststring        fsl_lpuart.o
    0x80016bd0   0x6001902c   0x00000041   Data   RO         6659    .conststring        fsl_qtmr.o
    0x80016c11   0x6001906d   0x00000003   PAD
    0x80016c14   0x60019070   0x00000044   Data   RO         6774    .conststring        fsl_snvs_hp.o
    0x80016c58   0x600190b4   0x00000152   Data   RO         7097    .conststring        fsl_usdhc.o
    0x80016daa   0x60019206   0x00000002   PAD
    0x80016dac   0x60019208   0x00000042   Data   RO         7334    .conststring        fsl_xbara.o
    0x80016dee   0x6001924a   0x00000002   PAD
    0x80016df0   0x6001924c   0x0000005a   Data   RO         7412    .conststring        fsl_debug_console.o


    Execution Region RW_m_data (Exec base: 0x80400000, Load base: 0x600192a8, Size: 0x00004abc, Max: 0x0179d800, ABSOLUTE, COMPRESSED[0x000000ac])

    Exec Addr    Load Addr    Size         Type   Attr      Idx    E Section Name        Object

    0x80400000   COMPRESSED   0x00000004   Data   RW           15    .data               main.o
    0x80400004   COMPRESSED   0x00000060   Data   RW          459    .data               ble_app.o
    0x80400064   COMPRESSED   0x00000028   Data   RW          541    .data               ble_protocol.o
    0x8040008c   COMPRESSED   0x00000014   Data   RW          636    .data               adc_app.o
    0x804000a0   COMPRESSED   0x0000000c   Data   RW          739    .data               battery_app.o
    0x804000ac   COMPRESSED   0x00000011   Data   RW          774    .data               led_app.o
    0x804000bd   COMPRESSED   0x00000003   PAD
    0x804000c0   COMPRESSED   0x00000014   Data   RW          917    .data               cjson.o
    0x804000d4   COMPRESSED   0x00000008   Data   RW         1498    .data               rtc_drv.o
    0x804000dc   COMPRESSED   0x00000004   Data   RW         1541    .data               emmc_drv.o
    0x804000e0   COMPRESSED   0x00000018   Data   RW         1617    .data               adc_drv.o
    0x804000f8   COMPRESSED   0x00000020   Data   RW         1866    .data               norflash_drv.o
    0x80400118   COMPRESSED   0x00000001   Data   RW         2415    .data               fsl_sdmmc_host.o
    0x80400119   COMPRESSED   0x00000003   PAD
    0x8040011c   COMPRESSED   0x0000000c   Data   RW         2511    .data               fsl_sdmmc_event.o
    0x80400128   COMPRESSED   0x00000003   Data   RW         2965    .data               ff.o
    0x8040012b   COMPRESSED   0x00000001   PAD
    0x8040012c   COMPRESSED   0x00000008   Data   RW         4599    .data               fsl_clock.o
    0x80400134   COMPRESSED   0x00000004   Data   RW         5396    .data               fsl_flexspi.o
    0x80400138   COMPRESSED   0x00000008   Data   RW         5685    .data               fsl_lpi2c.o
    0x80400140   COMPRESSED   0x0000000d   Data   RW         6009    .data               fsl_lpspi.o
    0x8040014d   COMPRESSED   0x00000003   PAD
    0x80400150   COMPRESSED   0x00000004   Data   RW         6303    .data               fsl_lpuart.o
    0x80400154   COMPRESSED   0x00000004   Data   RW         7098    .data               fsl_usdhc.o
    0x80400158   COMPRESSED   0x00000010   Data   RW         7413    .data               fsl_debug_console.o
    0x80400168   COMPRESSED   0x00000004   Data   RW         7785    .data               system_mimxrt1052.o
    0x8040016c   COMPRESSED   0x00000018   Data   RW         8057    .data               heap_4.o
    0x80400184   COMPRESSED   0x00000004   Data   RW         8119    .data               port.o
    0x80400188   COMPRESSED   0x0000003c   Data   RW         8655    .data               tasks.o
    0x804001c4   COMPRESSED   0x00000014   Data   RW         9007    .data               timers.o
    0x804001d8   COMPRESSED   0x00000004   Data   RW         9562    .data               mc_w.l(mvars.o)
    0x804001dc   COMPRESSED   0x00000004   Data   RW         9563    .data               mc_w.l(mvars.o)
    0x804001e0   COMPRESSED   0x00000004   Data   RW         9567    .data               mc_w.l(errno.o)
    0x804001e4        -       0x00000294   Zero   RW           14    .bss                main.o
    0x80400478        -       0x00000100   Zero   RW          337    .bss                norflash_app.o
    0x80400578        -       0x000000a4   Zero   RW          457    .bss                ble_app.o
    0x8040061c        -       0x00000528   Zero   RW         1538    .bss                emmc_drv.o
    0x80400b44        -       0x00000200   Zero   RW         2333    .bss                fsl_sdmmc_common.o
    0x80400d44        -       0x00000010   Zero   RW         2963    .bss                ff.o
    0x80400d54        -       0x000002e4   Zero   RW         3367    .bss                fsl_mmc_disk.o
    0x80401038        -       0x000003f8   Zero   RW         3595    .bss                cmsis_os2.o
    0x80401430        -       0x00000080   Zero   RW         5080    .bss                fsl_edma.o
    0x804014b0        -       0x00000028   Zero   RW         5682    .bss                fsl_lpi2c.o
    0x804014d8        -       0x00000014   Zero   RW         6006    .bss                fsl_lpspi.o
    0x804014ec        -       0x00000024   Zero   RW         6300    .bss                fsl_lpuart.o
    0x80401510        -       0x0000000c   Zero   RW         7095    .bss                fsl_usdhc.o
    0x8040151c        -       0x0000001c   Zero   RW         7410    .bss                fsl_debug_console.o
    0x80401538        -       0x00002ff8   Zero   RW         8056    .bss                heap_4.o
    0x80404530        -       0x000004c4   Zero   RW         8654    .bss                tasks.o
    0x804049f4        -       0x000000c8   Zero   RW         9006    .bss                timers.o


    Execution Region ARM_LIB_HEAP (Exec base: 0x80404abc, Load base: 0x60019354, Size: 0x00062000, Max: 0x00062000, ABSOLUTE)

    Exec Addr    Load Addr    Size         Type   Attr      Idx    E Section Name        Object

    0x80404abc        -       0x00062000   Zero   RW            2    ARM_LIB_HEAP.bss    anon$$obj.o


    Execution Region ARM_LIB_STACK (Exec base: 0x81bff800, Load base: 0x60019354, Size: 0x00000800, Max: 0x00000800, ABSOLUTE)

    Exec Addr    Load Addr    Size         Type   Attr      Idx    E Section Name        Object

    0x81bff800        -       0x00000800   Zero   RW            3    ARM_LIB_STACK.bss   anon$$obj.o


    Execution Region RW_m_ncache (Exec base: 0x81c00000, Load base: 0x60019354, Size: 0x000affec, Max: 0x00400000, ABSOLUTE, COMPRESSED[0x00001618])

    Exec Addr    Load Addr    Size         Type   Attr      Idx    E Section Name        Object

    0x81c00000   COMPRESSED   0x00000148   Data   RW          460    NonCacheable.init   ble_app.o
    0x81c00148   COMPRESSED   0x000afc80   Data   RW          637    NonCacheable.init   adc_app.o
    0x81cafdc8   COMPRESSED   0x00000200   Data   RW         1542    NonCacheable.init   emmc_drv.o
    0x81caffc8        -       0x00000020   Zero   RW         2416    NonCacheable        fsl_sdmmc_host.o
    0x81caffe8        -       0x00000004   Zero   RW         7099    NonCacheable        fsl_usdhc.o


==============================================================================

Image component sizes


      Code (inc. data)   RO Data    RW Data    ZI Data      Debug   Object Name

      1390        402          0     720020          0      20429   adc_app.o
       256         28          0         24          0      49798   adc_drv.o
      1012        146          0         12          0       1478   battery_app.o
       444         12          0          0          0       5472   battery_drv.o
       972        192         65        424        164      50608   ble_app.o
      3462       1074          0         40          0      10091   ble_protocol.o
      5074        184          0         20          0      31622   cjson.o
         0          0          0          0          0        524   clib_arm.o
      1860        278         34          0          0      84608   clock_config.o
        72         20          0          0       1016      24991   cmsis_os2.o
         0          0          0          0          0    1395676   core_delay.o
       184          0          0          0          0       3594   diskio.o
      1636        346         90        516       1320      16697   emmc_drv.o
         0          0          0          0          0       8856   event_groups.o
     10508        194        170          3         16      62555   ff.o
       284         32        942          0          0       2468   ffunicode.o
         0          0       1072          0          0        483   fire_imxrt1052_sdram_ini_dcd.o
         0          0        512          0          0       5698   fire_imxrt1052_spiflash_config.o
      1032        468         18          0          0      19300   fsl_adc.o
      1090        210         68          0          0       7953   fsl_adc_etc.o
        68         44          0          0          0        677   fsl_assert.o
      2140        226         82          8          0      25140   fsl_clock.o
       490        102        106         16         28       9673   fsl_debug_console.o
       208         74         73          0          0       2566   fsl_dmamux.o
      1564        300        135          0        128      18080   fsl_edma.o
      2496        158         76          4          0      36223   fsl_flexspi.o
         0          0         48          0          0       1974   fsl_flexspi_nor_boot.o
       502         94        101          0          0       5740   fsl_gpio.o
      1982        250        106          8         40      29749   fsl_lpi2c.o
      2712        374        114         13         20      27847   fsl_lpspi.o
      1340        280        284          4         36      15874   fsl_lpuart.o
      8006       1800        192          0          0     112221   fsl_mmc.o
       326         30          0          0        740      29205   fsl_mmc_disk.o
       428        210          6          0          0       4007   fsl_pit.o
       864         82         95          0          0       9863   fsl_qtmr.o
       768        196          0          0        512      16525   fsl_sdmmc_common.o
       172         22          0         12          0      39251   fsl_sdmmc_event.o
       290         14          0          1         32      16658   fsl_sdmmc_host.o
       912        154         94          0          0      10158   fsl_snvs_hp.o
      2338          0          0          0          0       5310   fsl_str.o
      4272        596        362          4         16      79086   fsl_usdhc.o
       246         70         72          0          0       3262   fsl_xbara.o
       508         62          0         24      12280       4095   heap_4.o
       148         18          0          0          0       1224   iic_temp_drv.o
       240         18          0          0          0       6764   interrupt.o
       952         76          0         17          0       4515   led_app.o
       148          0          0          0          0      12274   list.o
       406        104        191          0          0       8658   lpuart_adapter.o
      1528        232          0          4        660    1544635   main.o
       456        198          0          0        256       9451   norflash_app.o
      1420         86        360         32          0      47350   norflash_drv.o
       986        204        256          0          0      76932   peripherals.o
      2722         82         79          0          0      83512   pin_mux.o
       516         58          0          4          0       9658   port.o
      1318         14          0          0          0      14369   queue.o
        68         10          0          8          0       3639   rtc_drv.o
       526        136         89          0          0       5958   serial_manager.o
       252         76         91          0          0       3837   serial_port_uart.o
       444        210       1024          0          0       3132   startup_mimxrt1052.o
       506         24          0          4          0    1427991   system_mimxrt1052.o
      3480        482          0         60       1220      44652   tasks.o
      1106        114          0         20        200      12099   timers.o
        76          0          0          0          0       5736   utility.o

    ----------------------------------------------------------------------
     79310      10866       7140     721312     423164    5632471   Object Totals
         0          0         80          0     404480          0   (incl. Generated)
       104          0         53         10          0          0   (incl. Padding)

    ----------------------------------------------------------------------

      Code (inc. data)   RO Data    RW Data    ZI Data      Debug   Library Member Name

       110         60          0          0          0        580   dunder.o
        24          0          0          0          0        124   fabs.o
        48          0          0          0          0        124   fpclassify.o
       192          6          0          0          0        176   modf.o
       112          0          0          0          0        116   poly.o
      2296        304        136          0          0        320   pow.o
         0          0          8          0          0          0   qnan.o
       106          0          0          0          0        140   sqrt.o
        40         10          0          0          0        128   strtod.o
        56          8          0          0          0         84   __0sscanf.o
        86          0          0          0          0          0   __dczerorl2.o
       812          4          0          0          0        112   _scanf.o
        64          0          0          0          0         84   _sgetc.o
        40          6         64          0          0         68   ctype_c.o
         0          0          0          0          0          0   entry.o
         0          0          0          0          0          0   entry10a.o
         0          0          0          0          0          0   entry11a.o
         8          4          0          0          0          0   entry4.o
         4          0          0          0          0          0   entry5.o
         0          0          0          0          0          0   entry7b.o
         0          0          0          0          0          0   entry8b.o
         8          4          0          0          0          0   entry9a.o
        12          6          0          4          0         68   errno.o
        30          0          0          0          0          0   handlers.o
        36          8          0          0          0         68   init.o
        10          0          0          0          0         68   isspace_c.o
         0          0          0          0          0          0   iusefp.o
        98          0          0          0          0         84   ldiv.o
        30          0          0          0          0         68   llshl.o
        36          0          0          0          0         68   llsshr.o
        32          0          0          0          0         68   llushr.o
       360         30          0          0          0        356   mallocr2.o
        26          0          0          0          0         80   memcmp.o
        64          0          0          0          0         76   memmovea.o
        36          0          0          0          0        108   memseta.o
         0          0          0          8          0          0   mvars.o
      2276         86          0          0          0        520   printfa.o
        40          8          0          0          0         84   scanf_char.o
       878         12          0          0          0        216   scanf_fp.o
        24          0          0          0          0         68   strcat.o
        28          0          0          0          0         76   strcmp.o
        18          0          0          0          0         68   strcpy.o
        14          0          0          0          0         68   strlen.o
        30          0          0          0          0         80   strncmp.o
        36          0          0          0          0         80   strstr.o
       156         12          0          0          0        120   strtod.o
        12          0          0          0          0         68   tolower.o
        44          0          0          0          0         80   uidiv.o
        98          0          0          0          0         92   uldiv.o
        48          0          0          0          0         68   cdrcmple.o
        56          0          0          0          0         88   d2f.o
       334          0          0          0          0        148   dadd.o
       222          0          0          0          0        100   ddiv.o
       186          0          0          0          0        176   depilogue.o
        74          0          0          0          0         80   dfixl.o
        48          0          0          0          0         68   dfixul.o
        40          0          0          0          0         80   dfltl.o
        24          0          0          0          0         76   dfltul.o
       228          0          0          0          0         96   dmul.o
        46          0          0          0          0         80   dscalb.o
       110          0          0          0          0        168   fepilogue.o

    ----------------------------------------------------------------------
      9862        572        208         12          0       6016   Library Totals
        16          4          0          0          0          0   (incl. Padding)

    ----------------------------------------------------------------------

      Code (inc. data)   RO Data    RW Data    ZI Data      Debug   Library Name

      2928        380        144          0          0       1708   m_wv.l
      5502        188         64         12          0       3080   mc_w.l
      1416          0          0          0          0       1228   mf_w.l

    ----------------------------------------------------------------------
      9862        572        208         12          0       6016   Library Totals

    ----------------------------------------------------------------------

==============================================================================


      Code (inc. data)   RO Data    RW Data    ZI Data      Debug   

     89172      11438       7348     721324     423164    5576879   Grand Totals
     89172      11438       7348       5828     423164    5576879   ELF Image Totals (compressed)
     89172      11438       7348       5828          0          0   ROM Totals

==============================================================================

    Total RO  Size (Code + RO Data)                96520 (  94.26kB)
    Total RW  Size (RW Data + ZI Data)           1144488 (1117.66kB)
    Total ROM Size (Code + RO Data + RW Data)     102348 (  99.95kB)

==============================================================================

