Component: ARM Compiler 5.06 update 6 (build 750) Tool: armlink [4d35ed]

==============================================================================

Section Cross References

    main.o(i.AppTaskCreate) refers to emmc_drv.o(i.eMMC_Init) for eMMC_Init
    main.o(i.AppTaskCreate) refers to port.o(i.vPortEnterCritical) for vPortEnterCritical
    main.o(i.AppTaskCreate) refers to tasks.o(i.xTaskCreate) for xTaskCreate
    main.o(i.AppTaskCreate) refers to tasks.o(i.vTaskDelete) for vTaskDelete
    main.o(i.AppTaskCreate) refers to port.o(i.vPortExitCritical) for vPortExitCritical
    main.o(i.AppTaskCreate) refers to led_app.o(.data) for LED_TaskHandle
    main.o(i.AppTaskCreate) refers to led_app.o(i.LED_AppTask) for LED_AppTask
    main.o(i.AppTaskCreate) refers to battery_app.o(.data) for BAT_TaskHandle
    main.o(i.AppTaskCreate) refers to battery_app.o(i.BAT_AppTask) for BAT_AppTask
    main.o(i.AppTaskCreate) refers to ble_app.o(.data) for BLE_TaskHandle
    main.o(i.AppTaskCreate) refers to ble_app.o(i.BLE_AppTask) for BLE_AppTask
    main.o(i.AppTaskCreate) refers to adc_app.o(.data) for ADC_TaskHandle
    main.o(i.AppTaskCreate) refers to adc_app.o(i.ADC_AppTask) for ADC_AppTask
    main.o(i.AppTaskCreate) refers to main.o(.data) for AppTaskCreate_Handle
    main.o(i.BOARD_DebugConsoleSrcFreq) refers to fsl_clock.o(i.CLOCK_GetPllFreq) for CLOCK_GetPllFreq
    main.o(i.BOARD_DebugConsoleSrcFreq) refers to main.o(i.CLOCK_GetDiv) for CLOCK_GetDiv
    main.o(i.BOARD_DebugConsoleSrcFreq) refers to fsl_clock.o(.data) for g_xtalFreq
    main.o(i.BOARD_InitDebugConsole) refers to main.o(i.BOARD_DebugConsoleSrcFreq) for BOARD_DebugConsoleSrcFreq
    main.o(i.BOARD_InitDebugConsole) refers to fsl_debug_console.o(i.DbgConsole_Init) for DbgConsole_Init
    main.o(i.BOARD_InitDebugConsole) refers to fsl_lpuart.o(i.LPUART_EnableInterrupts) for LPUART_EnableInterrupts
    main.o(i.BOARD_InitDebugConsole) refers to fsl_lpuart_edma.o(i.LPUART_ReceiveEDMA) for LPUART_ReceiveEDMA
    main.o(i.BOARD_InitDebugConsole) refers to interrupt.o(.data) for uart3RevXfer
    main.o(i.BOARD_InitDebugConsole) refers to peripherals.o(.bss) for LPUART3_eDMA_Handle
    main.o(i.InitSysPara) refers to main.o(.bss) for g_sys_para
    main.o(i.PrintClock) refers to fsl_debug_console.o(i.DbgConsole_Printf) for DbgConsole_Printf
    main.o(i.PrintClock) refers to fsl_clock.o(i.CLOCK_GetFreq) for CLOCK_GetFreq
    main.o(i.main) refers to main.o(i.BOARD_ConfigMPU) for BOARD_ConfigMPU
    main.o(i.main) refers to clock_config.o(i.BOARD_BootClockRUN) for BOARD_BootClockRUN
    main.o(i.main) refers to pin_mux.o(i.BOARD_InitBootPins) for BOARD_InitBootPins
    main.o(i.main) refers to peripherals.o(i.BOARD_InitPeripherals) for BOARD_InitPeripherals
    main.o(i.main) refers to main.o(i.BOARD_InitDebugConsole) for BOARD_InitDebugConsole
    main.o(i.main) refers to main.o(i.InitSysPara) for InitSysPara
    main.o(i.main) refers to rtc_drv.o(i.RTC_Config) for RTC_Config
    main.o(i.main) refers to norflash_drv.o(i.FlexSPI_NorFlash_Init) for FlexSPI_NorFlash_Init
    main.o(i.main) refers to norflash_app.o(i.NorFlash_ChkSelf) for NorFlash_ChkSelf
    main.o(i.main) refers to tasks.o(i.xTaskCreate) for xTaskCreate
    main.o(i.main) refers to tasks.o(i.vTaskStartScheduler) for vTaskStartScheduler
    main.o(i.main) refers to fsl_debug_console.o(i.DbgConsole_Printf) for DbgConsole_Printf
    main.o(i.main) refers to system_mimxrt1052.o(.data) for SystemCoreClock
    main.o(i.main) refers to main.o(.data) for AppTaskCreate_Handle
    main.o(i.main) refers to main.o(i.AppTaskCreate) for AppTaskCreate
    norflash_app.o(i.NorFlash_ChkSelf) refers to norflash_drv.o(i.FlexSPI_NorFlash_Get_JedecDevice_ID) for FlexSPI_NorFlash_Get_JedecDevice_ID
    norflash_app.o(i.NorFlash_ChkSelf) refers to fsl_debug_console.o(i.DbgConsole_Printf) for DbgConsole_Printf
    norflash_app.o(i.NorFlash_ChkSelf) refers to norflash_drv.o(i.FlexSPI_NorFlash_Erase_Sector) for FlexSPI_NorFlash_Erase_Sector
    norflash_app.o(i.NorFlash_ChkSelf) refers to norflash_drv.o(i.FlexSPI_NorFlash_Buffer_Program) for FlexSPI_NorFlash_Buffer_Program
    norflash_app.o(i.NorFlash_ChkSelf) refers to memmovea.o(.text) for __aeabi_memcpy
    norflash_app.o(i.NorFlash_ChkSelf) refers to memcmp.o(.text) for memcmp
    norflash_app.o(i.NorFlash_ChkSelf) refers to norflash_app.o(.bss) for s_nor_program_buffer
    norflash_app.o(i.NorFlash_SaveFirmPara) refers to norflash_drv.o(i.FlexSPI_NorFlash_Erase_Sector) for FlexSPI_NorFlash_Erase_Sector
    norflash_app.o(i.NorFlash_SaveFirmPara) refers to norflash_drv.o(i.FlexSPI_NorFlash_Buffer_Program) for FlexSPI_NorFlash_Buffer_Program
    norflash_app.o(i.NorFlash_SaveFirmPara) refers to main.o(.bss) for g_sys_para
    norflash_app.o(i.NorFlash_WriteApp) refers to norflash_drv.o(i.FlexSPI_NorFlash_Erase_Sector) for FlexSPI_NorFlash_Erase_Sector
[...]
    0x80001034   0x60003490   0x00000030   Code   RO         9996    .text               mf_w.l(dfixul.o)
    0x80001064   0x600034c0   0x00000030   Code   RO         9998    .text               mf_w.l(cdrcmple.o)
    0x80001094   0x600034f0   0x00000038   Code   RO        10000    .text               mf_w.l(d2f.o)
    0x800010cc   0x60003528   0x00000024   Code   RO        10004    .text               mc_w.l(llsshr.o)
    0x800010f0   0x6000354c   0x0000000a   Code   RO        10006    .text               mc_w.l(isspace_c.o)
    0x800010fa   0x60003556   0x00000002   PAD
    0x800010fc   0x60003558   0x0000032c   Code   RO        10008    .text               mc_w.l(_scanf.o)
    0x80001428   0x60003884   0x0000006e   Code   RO        10010    .text               mf_w.l(fepilogue.o)
    0x80001496   0x600038f2   0x00000002   PAD
    0x80001498   0x600038f4   0x00000028   Code   RO        10012    .text               mc_w.l(ctype_c.o)
    0x800014c0   0x6000391c   0x0000003a   Code   RO        10023    .text               mc_w.l(__dczerorl.o)
    0x800014fa   0x60003956   0x00000002   PAD
    0x800014fc   0x60003958   0x00000050   Code   RO         2215    i.ADC1_init         peripherals.o
    0x8000154c   0x600039a8   0x00000308   Code   RO          698    i.ADC_AppTask       adc_app.o
    0x80001854   0x60003cb0   0x000000e4   Code   RO         4540    i.ADC_DoAutoCalibration  fsl_adc.o
    0x80001938   0x60003d94   0x00000036   Code   RO         4635    i.ADC_ETC_ClearInterruptStatusFlags  fsl_adc_etc.o
    0x8000196e   0x60003dca   0x00000002   PAD
    0x80001970   0x60003dcc   0x00000090   Code   RO         1717    i.ADC_ETC_Config    adc_drv.o
    0x80001a00   0x60003e5c   0x00000016   Code   RO         4637    i.ADC_ETC_DoSoftwareReset  fsl_adc_etc.o
    0x80001a16   0x60003e72   0x00000022   Code   RO         4639    i.ADC_ETC_GetDefaultConfig  fsl_adc_etc.o
    0x80001a38   0x60003e94   0x0000004c   Code   RO          699    i.ADC_ETC_IRQ0_IRQHandler  adc_app.o
    0x80001a84   0x60003ee0   0x00000080   Code   RO         4641    i.ADC_ETC_Init      fsl_adc_etc.o
    0x80001b04   0x60003f60   0x0000016c   Code   RO         4642    i.ADC_ETC_SetTriggerChainConfig  fsl_adc_etc.o
    0x80001c70   0x600040cc   0x000000d4   Code   RO         4643    i.ADC_ETC_SetTriggerConfig  fsl_adc_etc.o
    0x80001d44   0x600041a0   0x0000001c   Code   RO         2216    i.ADC_ETC_init      peripherals.o
    0x80001d60   0x600041bc   0x00000016   Code   RO         4541    i.ADC_EnableHardwareTrigger  fsl_adc.o
    0x80001d76   0x600041d2   0x00000002   PAD
    0x80001d78   0x600041d4   0x0000005c   Code   RO         4543    i.ADC_GetInstance   fsl_adc.o
    0x80001dd4   0x60004230   0x000000bc   Code   RO         4544    i.ADC_Init          fsl_adc.o
    0x80001e90   0x600042ec   0x0000016c   Code   RO          700    i.ADC_SampleStart   adc_app.o
    0x80001ffc   0x60004458   0x0000005c   Code   RO          701    i.ADC_SampleStop    adc_app.o
    0x80002058   0x600044b4   0x0000008c   Code   RO         4545    i.ADC_SetChannelConfig  fsl_adc.o
    0x800020e4   0x60004540   0x0000002a   Code   RO         4546    i.ADC_SetHardwareAverageConfig  fsl_adc.o
    0x8000210e   0x6000456a   0x00000002   PAD
    0x80002110   0x6000456c   0x000000bc   Code   RO          512    i.AT_SendCmd        ble_app.o
    0x800021cc   0x60004628   0x000000c0   Code   RO            7    i.AppTaskCreate     main.o
    0x8000228c   0x600046e8   0x0000045c   Code   RO          818    i.BAT_AppTask       battery_app.o
    0x800026e8   0x60004b44   0x00000218   Code   RO          513    i.BLE_AppTask       ble_app.o
    0x80002900   0x60004d5c   0x00000a1c   Code   RO         2390    i.BOARD             pin_mux.o
    0x8000331c   0x60005778   0x00000580   Code   RO         2146    i.BOARD_BootClockRUN  clock_config.o
    0x8000389c   0x60005cf8   0x00000348   Code   RO            8    i.BOARD_ConfigMPU   main.o
    0x80003be4   0x60006040   0x00000078   Code   RO            9    i.BOARD_DebugConsoleSrcFreq  main.o
    0x80003c5c   0x600060b8   0x00000008   Code   RO         2391    i.BOARD_InitBootPins  pin_mux.o
    0x80003c64   0x600060c0   0x00000068   Code   RO           10    i.BOARD_InitDebugConsole  main.o
    0x80003ccc   0x60006128   0x0000005c   Code   RO         2218    i.BOARD_InitPeripherals  peripherals.o
    0x80003d28   0x60006184   0x00000024   Code   RO         1615    i.BOARD_USDHCClockConfiguration  emmc_drv.o
    0x80003d4c   0x600061a8   0x00000050   Code   RO         4549    i.CLOCK_ControlGate  fsl_adc.o
    0x80003d9c   0x600061f8   0x00000050   Code   RO         5134    i.CLOCK_ControlGate  fsl_dmamux.o
    0x80003dec   0x60006248   0x00000050   Code   RO         5180    i.CLOCK_ControlGate  fsl_edma.o
    0x80003e3c   0x60006298   0x00000050   Code   RO         5782    i.CLOCK_ControlGate  fsl_lpi2c.o
    0x80003e8c   0x600062e8   0x00000050   Code   RO         6108    i.CLOCK_ControlGate  fsl_lpspi.o
    0x80003edc   0x60006338   0x00000050   Code   RO         6559    i.CLOCK_ControlGate  fsl_lpuart.o
    0x80003f2c   0x60006388   0x00000050   Code   RO         6886    i.CLOCK_ControlGate  fsl_pit.o
    0x80003f7c   0x600063d8   0x00000050   Code   RO         7050    i.CLOCK_ControlGate  fsl_qtmr.o
    0x80003fcc   0x60006428   0x00000050   Code   RO         7459    i.CLOCK_ControlGate  fsl_usdhc.o
    0x8000401c   0x60006478   0x00000050   Code   RO         7732    i.CLOCK_ControlGate  fsl_xbara.o
    0x8000406c   0x600064c8   0x00000010   Code   RO         4711    i.CLOCK_DeinitAudioPll  fsl_clock.o
    0x8000407c   0x600064d8   0x0000000c   Code   RO         4719    i.CLOCK_DeinitUsb2Pll  fsl_clock.o
    0x80004088   0x600064e4   0x00000010   Code   RO         4720    i.CLOCK_DeinitVideoPll  fsl_clock.o
    0x80004098   0x600064f4   0x00000058   Code   RO         2148    i.CLOCK_DisableClock  clock_config.o
    0x800040f0   0x6000654c   0x00000058   Code   RO         2392    i.CLOCK_EnableClock  pin_mux.o
    0x80004148   0x600065a4   0x0000000e   Code   RO         5784    i.CLOCK_EnableClock  fsl_lpi2c.o
    0x80004156   0x600065b2   0x0000000e   Code   RO         6109    i.CLOCK_EnableClock  fsl_lpspi.o
    0x80004164   0x600065c0   0x0000001c   Code   RO         4727    i.CLOCK_GetAhbFreq  fsl_clock.o
    0x80004180   0x600065dc   0x00000020   Code   RO           11    i.CLOCK_GetDiv      main.o
    0x800041a0   0x600065fc   0x00000120   Code   RO         4728    i.CLOCK_GetFreq     fsl_clock.o
    0x800042c0   0x6000671c   0x0000001c   Code   RO         4729    i.CLOCK_GetIpgFreq  fsl_clock.o
    0x800042dc   0x60006738   0x00000020   Code   RO         4730    i.CLOCK_GetOscFreq  fsl_clock.o
    0x800042fc   0x60006758   0x00000034   Code   RO         4731    i.CLOCK_GetPerClkFreq  fsl_clock.o
    0x80004330   0x6000678c   0x000000c8   Code   RO         4732    i.CLOCK_GetPeriphClkFreq  fsl_clock.o
    0x800043f8   0x60006854   0x00000274   Code   RO         4733    i.CLOCK_GetPllFreq  fsl_clock.o
    0x8000466c   0x60006ac8   0x00000048   Code   RO         4734    i.CLOCK_GetSemcFreq  fsl_clock.o
    0x800046b4   0x60006b10   0x0000006c   Code   RO         4735    i.CLOCK_GetSysPfdFreq  fsl_clock.o
    0x80004720   0x60006b7c   0x0000006c   Code   RO         4736    i.CLOCK_GetUsb1PfdFreq  fsl_clock.o
    0x8000478c   0x60006be8   0x00000058   Code   RO         4737    i.CLOCK_InitArmPll  fsl_clock.o
    0x800047e4   0x60006c40   0x0000006c   Code   RO         4739    i.CLOCK_InitEnetPll  fsl_clock.o
    0x80004850   0x60006cac   0x00000068   Code   RO         4740    i.CLOCK_InitExternalClk  fsl_clock.o
    0x800048b8   0x60006d14   0x00000018   Code   RO         4741    i.CLOCK_InitRcOsc24M  fsl_clock.o
    0x800048d0   0x60006d2c   0x0000003c   Code   RO         4742    i.CLOCK_InitSysPfd  fsl_clock.o
    0x8000490c   0x60006d68   0x00000038   Code   RO         4744    i.CLOCK_InitUsb1Pfd  fsl_clock.o
    0x80004944   0x60006da0   0x00000058   Code   RO         4745    i.CLOCK_InitUsb1Pll  fsl_clock.o
    0x8000499c   0x60006df8   0x00000070   Code   RO         1616    i.CLOCK_SetDiv      emmc_drv.o
    0x80004a0c   0x60006e68   0x00000070   Code   RO         1968    i.CLOCK_SetDiv      norflash_drv.o
    0x80004a7c   0x60006ed8   0x0000008c   Code   RO         2149    i.CLOCK_SetDiv      clock_config.o
    0x80004b08   0x60006f64   0x0000008c   Code   RO         1617    i.CLOCK_SetMux      emmc_drv.o
    0x80004b94   0x60006ff0   0x0000008c   Code   RO         1969    i.CLOCK_SetMux      norflash_drv.o
    0x80004c20   0x6000707c   0x0000008c   Code   RO         2150    i.CLOCK_SetMux      clock_config.o
    0x80004cac   0x60007108   0x00000020   Code   RO         2151    i.CLOCK_SetPllBypass  clock_config.o
    0x80004ccc   0x60007128   0x00000018   Code   RO         4748    i.CLOCK_SwitchOsc   fsl_clock.o
    0x80004ce4   0x60007140   0x00000038   Code   RO         2099    i.CRC16             utility.o
    0x80004d1c   0x60007178   0x00000150   Code   RO          595    i.CheckSelf         ble_protocol.o
    0x80004e6c   0x600072c8   0x000001ae   Code   RO         8139    i.ConvertFloatRadixNumToString  fsl_str.o
    0x8000501a   0x60007476   0x0000014c   Code   RO         8140    i.ConvertRadixNumToString  fsl_str.o
    0x80005166   0x600075c2   0x00000002   PAD
    0x80005168   0x600075c4   0x00000038   Code   RO         5181    i.DMA0_DMA16_DriverIRQHandler  fsl_edma.o
    0x800051a0   0x600075fc   0x00000038   Code   RO         5182    i.DMA10_DMA26_DriverIRQHandler  fsl_edma.o
    0x800051d8   0x60007634   0x00000038   Code   RO         5183    i.DMA11_DMA27_DriverIRQHandler  fsl_edma.o
    0x80005210   0x6000766c   0x00000038   Code   RO         5184    i.DMA12_DMA28_DriverIRQHandler  fsl_edma.o
    0x80005248   0x600076a4   0x00000038   Code   RO         5185    i.DMA13_DMA29_DriverIRQHandler  fsl_edma.o
    0x80005280   0x600076dc   0x00000038   Code   RO         5186    i.DMA14_DMA30_DriverIRQHandler  fsl_edma.o
    0x800052b8   0x60007714   0x00000038   Code   RO         5187    i.DMA15_DMA31_DriverIRQHandler  fsl_edma.o
    0x800052f0   0x6000774c   0x00000038   Code   RO         5188    i.DMA1_DMA17_DriverIRQHandler  fsl_edma.o
    0x80005328   0x60007784   0x00000038   Code   RO         5189    i.DMA2_DMA18_DriverIRQHandler  fsl_edma.o
    0x80005360   0x600077bc   0x00000038   Code   RO         5190    i.DMA3_DMA19_DriverIRQHandler  fsl_edma.o
    0x80005398   0x600077f4   0x00000038   Code   RO         5191    i.DMA4_DMA20_DriverIRQHandler  fsl_edma.o
    0x800053d0   0x6000782c   0x00000038   Code   RO         5192    i.DMA5_DMA21_DriverIRQHandler  fsl_edma.o
    0x80005408   0x60007864   0x00000038   Code   RO         5193    i.DMA6_DMA22_DriverIRQHandler  fsl_edma.o
    0x80005440   0x6000789c   0x00000038   Code   RO         5194    i.DMA7_DMA23_DriverIRQHandler  fsl_edma.o
    0x80005478   0x600078d4   0x00000038   Code   RO         5195    i.DMA8_DMA24_DriverIRQHandler  fsl_edma.o
    0x800054b0   0x6000790c   0x00000038   Code   RO         5196    i.DMA9_DMA25_DriverIRQHandler  fsl_edma.o
    0x800054e8   0x60007944   0x00000060   Code   RO         5136    i.DMAMUX_GetInstance  fsl_dmamux.o
    0x80005548   0x600079a4   0x00000020   Code   RO         5137    i.DMAMUX_Init       fsl_dmamux.o
    0x80005568   0x600079c4   0x000000f8   Code   RO         7802    i.DbgConsole_Init   fsl_debug_console.o
    0x80005660   0x60007abc   0x0000003e   Code   RO         7803    i.DbgConsole_PrintCallback  fsl_debug_console.o
    0x8000569e   0x60007afa   0x00000002   PAD
    0x800056a0   0x60007afc   0x00000050   Code   RO         7804    i.DbgConsole_Printf  fsl_debug_console.o
    0x800056f0   0x60007b4c   0x00000064   Code   RO         7811    i.DbgConsole_SendDataReliable  fsl_debug_console.o
    0x80005754   0x60007bb0   0x0000000c   Code   RO         5197    i.DisableGlobalIRQ  fsl_edma.o
    0x80005760   0x60007bbc   0x00000036   Code   RO         5198    i.EDMA_AbortTransfer  fsl_edma.o
    0x80005796   0x60007bf2   0x00000002   PAD
    0x80005798   0x60007bf4   0x00000104   Code   RO         5200    i.EDMA_CreateHandle  fsl_edma.o
    0x8000589c   0x60007cf8   0x00000080   Code   RO         5204    i.EDMA_GetChannelStatusFlags  fsl_edma.o
    0x8000591c   0x60007d78   0x0000005c   Code   RO         5206    i.EDMA_GetInstance  fsl_edma.o
    0x80005978   0x60007dd4   0x00000098   Code   RO         5207    i.EDMA_GetRemainingMajorLoopCount  fsl_edma.o
    0x80005a10   0x60007e6c   0x000000e8   Code   RO         5208    i.EDMA_HandleIRQ    fsl_edma.o
    0x80005af8   0x60007f54   0x00000088   Code   RO         5209    i.EDMA_Init         fsl_edma.o
    0x80005b80   0x60007fdc   0x00000130   Code   RO         5210    i.EDMA_InstallTCD   fsl_edma.o
    0x80005cb0   0x6000810c   0x00000208   Code   RO         5212    i.EDMA_PrepareTransfer  fsl_edma.o
    0x80005eb8   0x60008314   0x00000034   Code   RO         5215    i.EDMA_SetCallback  fsl_edma.o
    0x80005eec   0x60008348   0x000000bc   Code   RO         5220    i.EDMA_SetTransferConfig  fsl_edma.o
    0x80005fa8   0x60008404   0x0000008c   Code   RO         5221    i.EDMA_StartTransfer  fsl_edma.o
    0x80006034   0x60008490   0x000001ec   Code   RO         5223    i.EDMA_SubmitTransfer  fsl_edma.o
    0x80006220   0x6000867c   0x00000078   Code   RO         5226    i.EDMA_TcdReset     fsl_edma.o
    0x80006298   0x600086f4   0x000000f8   Code   RO         5230    i.EDMA_TcdSetTransferConfig  fsl_edma.o
    0x80006390   0x600087ec   0x0000000a   Code   RO         5231    i.EnableGlobalIRQ   fsl_edma.o
    0x8000639a   0x600087f6   0x00000034   Code   RO         2219    i.EnableIRQ         peripherals.o
    0x800063ce   0x6000882a   0x00000002   PAD
    0x800063d0   0x6000882c   0x00000074   Code   RO         5526    i.FLEXSPI_CheckAndClearError  fsl_flexspi.o
    0x80006444   0x600088a0   0x0000007c   Code   RO         5527    i.FLEXSPI_ConfigureDll  fsl_flexspi.o
    0x800064c0   0x6000891c   0x00000018   Code   RO         5529    i.FLEXSPI_DriverIRQHandler  fsl_flexspi.o
    0x800064d8   0x60008934   0x0000001e   Code   RO         5531    i.FLEXSPI_GetBusIdleStatus  fsl_flexspi.o
    0x800064f6   0x60008952   0x0000005c   Code   RO         1970    i.FLEXSPI_GetDefaultConfig  norflash_drv.o
    0x80006552   0x600089ae   0x00000002   PAD
    0x80006554   0x600089b0   0x00000060   Code   RO         5533    i.FLEXSPI_GetInstance  fsl_flexspi.o
    0x800065b4   0x60008a10   0x00000244   Code   RO         5534    i.FLEXSPI_Init      fsl_flexspi.o
    0x800067f8   0x60008c54   0x000000d6   Code   RO         5535    i.FLEXSPI_ReadBlocking  fsl_flexspi.o
    0x800068ce   0x60008d2a   0x00000002   PAD
    0x800068d0   0x60008d2c   0x00000188   Code   RO         5536    i.FLEXSPI_SetFlashConfig  fsl_flexspi.o
    0x80006a58   0x60008eb4   0x00000016   Code   RO         5537    i.FLEXSPI_SoftwareReset  fsl_flexspi.o
    0x80006a6e   0x60008eca   0x00000002   PAD
    0x80006a70   0x60008ecc   0x00000034   Code   RO         5538    i.FLEXSPI_TransferAbort  fsl_flexspi.o
    0x80006aa4   0x60008f00   0x000000d2   Code   RO         5539    i.FLEXSPI_TransferBlocking  fsl_flexspi.o
    0x80006b76   0x60008fd2   0x00000172   Code   RO         5542    i.FLEXSPI_TransferHandleIRQ  fsl_flexspi.o
    0x80006ce8   0x60009144   0x00000074   Code   RO         5544    i.FLEXSPI_UpdateLUT  fsl_flexspi.o
    0x80006d5c   0x600091b8   0x00000096   Code   RO         5546    i.FLEXSPI_WriteBlocking  fsl_flexspi.o
    0x80006df2   0x6000924e   0x000000d6   Code   RO         1973    i.FlexSPI_NorFlash_Buffer_Program  norflash_drv.o
    0x80006ec8   0x60009324   0x0000002c   Code   RO         1975    i.FlexSPI_NorFlash_Enable_Quad_Mode  norflash_drv.o
    0x80006ef4   0x60009350   0x0000004a   Code   RO         1976    i.FlexSPI_NorFlash_Erase_Sector  norflash_drv.o
    0x80006f3e   0x6000939a   0x00000052   Code   RO         1978    i.FlexSPI_NorFlash_Get_JedecDevice_ID  norflash_drv.o
    0x80006f90   0x600093ec   0x00000028   Code   RO         1979    i.FlexSPI_NorFlash_Init  norflash_drv.o
    0x80006fb8   0x60009414   0x00000058   Code   RO         1980    i.FlexSPI_NorFlash_Page_Program  norflash_drv.o
    0x80007010   0x6000946c   0x0000003e   Code   RO         1981    i.FlexSPI_NorFlash_Read_Status_Register  norflash_drv.o
    0x8000704e   0x600094aa   0x00000052   Code   RO         1982    i.FlexSPI_NorFlash_Wait_Bus_Busy  norflash_drv.o
    0x800070a0   0x600094fc   0x0000002c   Code   RO         1983    i.FlexSPI_NorFlash_Write_Enable  norflash_drv.o
    0x800070cc   0x60009528   0x00000052   Code   RO         1984    i.FlexSPI_NorFlash_Write_Status_Register  norflash_drv.o
    0x8000711e   0x6000957a   0x00000002   PAD
    0x80007120   0x6000957c   0x00000010   Code   RO          702    i.GPIO2_Combined_0_15_IRQHandler  adc_app.o
    0x80007130   0x6000958c   0x0000005c   Code   RO         5683    i.GPIO_GetInstance  fsl_gpio.o
    0x8000718c   0x600095e8   0x000000cc   Code   RO         5684    i.GPIO_PinInit      fsl_gpio.o
    0x80007258   0x600096b4   0x00000030   Code   RO          703    i.GPIO_PinRead      adc_app.o
    0x80007288   0x600096e4   0x00000030   Code   RO          819    i.GPIO_PinRead      battery_app.o
    0x800072b8   0x60009714   0x0000008a   Code   RO         5685    i.GPIO_PinSetInterruptConfig  fsl_gpio.o
    0x80007342   0x6000979e   0x00000002   PAD
    0x80007344   0x600097a0   0x00000044   Code   RO         5686    i.GPIO_PinWrite     fsl_gpio.o
    0x80007388   0x600097e4   0x00000084   Code   RO          596    i.GetBatCapacity    ble_protocol.o
    0x8000740c   0x60009868   0x00000078   Code   RO          597    i.GetObjTemp        ble_protocol.o
    0x80007484   0x600098e0   0x00000588   Code   RO          598    i.GetSampleData     ble_protocol.o
    0x80007a0c   0x60009e68   0x00000138   Code   RO          599    i.GetTime           ble_protocol.o
    0x80007b44   0x60009fa0   0x00000068   Code   RO          600    i.GetVersion        ble_protocol.o
    0x80007bac   0x6000a008   0x0000001c   Code   RO         5232    i.Get_StartInstance  fsl_edma.o
    0x80007bc8   0x6000a024   0x0000000e   Code   RO         4483    i.HAL_UartGetStatus  lpuart_adapter.o
    0x80007bd6   0x6000a032   0x00000002   PAD
    0x80007bd8   0x6000a034   0x00000114   Code   RO         4484    i.HAL_UartInit      lpuart_adapter.o
    0x80007cec   0x6000a148   0x00000074   Code   RO         4486    i.HAL_UartSendBlocking  lpuart_adapter.o
    0x80007d60   0x6000a1bc   0x0000000c   Code   RO         2393    i.IOMUXC_SetPinConfig  pin_mux.o
    0x80007d6c   0x6000a1c8   0x0000000c   Code   RO         2717    i.IOMUXC_SetPinConfig  fsl_mmc.o
    0x80007d78   0x6000a1d4   0x0000001a   Code   RO         2394    i.IOMUXC_SetPinMux  pin_mux.o
    0x80007d92   0x6000a1ee   0x00000034   Code   RO         2152    i.IOMUXC_SetSaiMClkClockSource  clock_config.o
    0x80007dc6   0x6000a222   0x00000002   PAD
    0x80007dc8   0x6000a224   0x00000070   Code   RO           12    i.InitSysPara       main.o
    0x80007e38   0x6000a294   0x00000254   Code   RO          857    i.LED_AppTask       led_app.o
    0x8000808c   0x6000a4e8   0x00000164   Code   RO          858    i.LED_CheckSelf     led_app.o
    0x800081f0   0x6000a64c   0x00000010   Code   RO         5786    i.LPI2C1_DriverIRQHandler  fsl_lpi2c.o
    0x80008200   0x6000a65c   0x0000001c   Code   RO         2220    i.LPI2C1_init       peripherals.o
    0x8000821c   0x6000a678   0x00000010   Code   RO         5787    i.LPI2C2_DriverIRQHandler  fsl_lpi2c.o
    0x8000822c   0x6000a688   0x00000010   Code   RO         5788    i.LPI2C3_DriverIRQHandler  fsl_lpi2c.o
    0x8000823c   0x6000a698   0x0000001c   Code   RO         2221    i.LPI2C3_init       peripherals.o
    0x80008258   0x6000a6b4   0x00000010   Code   RO         5789    i.LPI2C4_DriverIRQHandler  fsl_lpi2c.o
    0x80008268   0x6000a6c4   0x00000022   Code   RO         5790    i.LPI2C_CheckForBusyBus  fsl_lpi2c.o
    0x8000828a   0x6000a6e6   0x00000002   PAD
    0x8000828c   0x6000a6e8   0x00000054   Code   RO         5791    i.LPI2C_CommonIRQHandler  fsl_lpi2c.o
    0x800082e0   0x6000a73c   0x00000090   Code   RO         5792    i.LPI2C_GetCyclesForWidth  fsl_lpi2c.o
    0x80008370   0x6000a7cc   0x00000038   Code   RO         5793    i.LPI2C_GetInstance  fsl_lpi2c.o
    0x800083a8   0x6000a804   0x0000006c   Code   RO         5795    i.LPI2C_MasterCheckAndClearError  fsl_lpi2c.o
    0x80008414   0x6000a870   0x00000004   Code   RO         5796    i.LPI2C_MasterClearStatusFlags  fsl_lpi2c.o
    0x80008418   0x6000a874   0x0000000a   Code   RO         5800    i.LPI2C_MasterEnable  fsl_lpi2c.o
    0x80008422   0x6000a87e   0x00000016   Code   RO         5803    i.LPI2C_MasterGetFifoCounts  fsl_lpi2c.o
    0x80008438   0x6000a894   0x00000006   Code   RO         5804    i.LPI2C_MasterGetStatusFlags  fsl_lpi2c.o
    0x8000843e   0x6000a89a   0x00000002   PAD
    0x80008440   0x6000a89c   0x00000138   Code   RO         5805    i.LPI2C_MasterInit  fsl_lpi2c.o
    0x80008578   0x6000a9d4   0x00000084   Code   RO         5806    i.LPI2C_MasterReceive  fsl_lpi2c.o
    0x800085fc   0x6000aa58   0x0000000a   Code   RO         5807    i.LPI2C_MasterReset  fsl_lpi2c.o
    0x80008606   0x6000aa62   0x00000002   PAD
    0x80008608   0x6000aa64   0x00000054   Code   RO         5808    i.LPI2C_MasterSend  fsl_lpi2c.o
    0x8000865c   0x6000aab8   0x00000124   Code   RO         5809    i.LPI2C_MasterSetBaudRate  fsl_lpi2c.o
    0x80008780   0x6000abdc   0x00000050   Code   RO         5811    i.LPI2C_MasterStop  fsl_lpi2c.o
    0x800087d0   0x6000ac2c   0x00000184   Code   RO         5813    i.LPI2C_MasterTransferBlocking  fsl_lpi2c.o
    0x80008954   0x6000adb0   0x0000003a   Code   RO         5818    i.LPI2C_MasterWaitForTxReady  fsl_lpi2c.o
    0x8000898e   0x6000adea   0x00000002   PAD
    0x80008990   0x6000adec   0x00000044   Code   RO         6111    i.LPSPI1_DriverIRQHandler  fsl_lpspi.o
    0x800089d4   0x6000ae30   0x00000044   Code   RO         6112    i.LPSPI2_DriverIRQHandler  fsl_lpspi.o
    0x80008a18   0x6000ae74   0x00000044   Code   RO         6113    i.LPSPI3_DriverIRQHandler  fsl_lpspi.o
    0x80008a5c   0x6000aeb8   0x00000044   Code   RO         6114    i.LPSPI4_DriverIRQHandler  fsl_lpspi.o
    0x80008aa0   0x6000aefc   0x00000050   Code   RO         1719    i.LPSPI4_ReadData   adc_drv.o
    0x80008af0   0x6000af4c   0x0000001c   Code   RO         2222    i.LPSPI4_init       peripherals.o
    0x80008b0c   0x6000af68   0x00000074   Code   RO         6115    i.LPSPI_CheckTransferArgument  fsl_lpspi.o
    0x80008b80   0x6000afdc   0x00000004   Code   RO         6116    i.LPSPI_ClearStatusFlags  fsl_lpspi.o
    0x80008b84   0x6000afe0   0x000000e8   Code   RO         6117    i.LPSPI_CombineWriteData  fsl_lpspi.o
    0x80008c6c   0x6000b0c8   0x00000030   Code   RO         6118    i.LPSPI_CommonIRQHandler  fsl_lpspi.o
    0x80008c9c   0x6000b0f8   0x00000016   Code   RO         6121    i.LPSPI_Enable      fsl_lpspi.o
    0x80008cb2   0x6000b10e   0x00000010   Code   RO         6123    i.LPSPI_FlushFifo   fsl_lpspi.o
    0x80008cc2   0x6000b11e   0x00000002   PAD
    0x80008cc4   0x6000b120   0x00000060   Code   RO         6124    i.LPSPI_GetInstance  fsl_lpspi.o
    0x80008d24   0x6000b180   0x0000000a   Code   RO         6125    i.LPSPI_GetRxFifoCount  fsl_lpspi.o
    0x80008d2e   0x6000b18a   0x0000000c   Code   RO         6126    i.LPSPI_GetRxFifoSize  fsl_lpspi.o
    0x80008d3a   0x6000b196   0x00000006   Code   RO         6127    i.LPSPI_GetStatusFlags  fsl_lpspi.o
    0x80008d40   0x6000b19c   0x0000000a   Code   RO         6128    i.LPSPI_GetTxFifoCount  fsl_lpspi.o
    0x80008d4a   0x6000b1a6   0x00000002   PAD
    0x80008d4c   0x6000b1a8   0x0000010c   Code   RO         6130    i.LPSPI_MasterInit  fsl_lpspi.o
    0x80008e58   0x6000b2b4   0x000000c0   Code   RO         6131    i.LPSPI_MasterSetBaudRate  fsl_lpspi.o
    0x80008f18   0x6000b374   0x00000050   Code   RO         6132    i.LPSPI_MasterSetDelayScaler  fsl_lpspi.o
    0x80008f68   0x6000b3c4   0x00000168   Code   RO         6133    i.LPSPI_MasterSetDelayTimes  fsl_lpspi.o
    0x800090d0   0x6000b52c   0x00000240   Code   RO         6135    i.LPSPI_MasterTransferBlocking  fsl_lpspi.o
    0x80009310   0x6000b76c   0x00000006   Code   RO         6142    i.LPSPI_ReadData    fsl_lpspi.o
    0x80009316   0x6000b772   0x00000002   PAD
    0x80009318   0x6000b774   0x000000cc   Code   RO         6144    i.LPSPI_SeparateReadData  fsl_lpspi.o
    0x800093e4   0x6000b840   0x00000018   Code   RO         6145    i.LPSPI_SetDummyData  fsl_lpspi.o
    0x800093fc   0x6000b858   0x00000014   Code   RO         6146    i.LPSPI_SetFifoWatermarks  fsl_lpspi.o
    0x80009410   0x6000b86c   0x0000000a   Code   RO         6147    i.LPSPI_SetMasterSlaveMode  fsl_lpspi.o
    0x8000941a   0x6000b876   0x0000001e   Code   RO         6148    i.LPSPI_SetOnePcsPolarity  fsl_lpspi.o
    0x80009438   0x6000b894   0x00000004   Code   RO         6158    i.LPSPI_WriteData   fsl_lpspi.o
    0x8000943c   0x6000b898   0x0000001c   Code   RO         6560    i.LPUART1_DriverIRQHandler  fsl_lpuart.o
    0x80009458   0x6000b8b4   0x00000020   Code   RO          447    i.LPUART1_IRQHandler  interrupt.o
    0x80009478   0x6000b8d4   0x0000002c   Code   RO         2223    i.LPUART1_init      peripherals.o
    0x800094a4   0x6000b900   0x0000001c   Code   RO         6561    i.LPUART2_DriverIRQHandler  fsl_lpuart.o
    0x800094c0   0x6000b91c   0x0000011c   Code   RO          514    i.LPUART2_IRQHandler  ble_app.o
    0x800095dc   0x6000ba38   0x0000001c   Code   RO          515    i.LPUART2_SendString  ble_app.o
    0x800095f8   0x6000ba54   0x00000038   Code   RO          516    i.LPUART2_TimeTick  ble_app.o
    0x80009630   0x6000ba8c   0x0000002c   Code   RO         2224    i.LPUART2_init      peripherals.o
    0x8000965c   0x6000bab8   0x0000001c   Code   RO         6562    i.LPUART3_DriverIRQHandler  fsl_lpuart.o
    0x80009678   0x6000bad4   0x00000130   Code   RO          448    i.LPUART3_IRQHandler  interrupt.o
    0x800097a8   0x6000bc04   0x000000d0   Code   RO         2225    i.LPUART3_init      peripherals.o
    0x80009878   0x6000bcd4   0x0000001c   Code   RO         6563    i.LPUART4_DriverIRQHandler  fsl_lpuart.o
    0x80009894   0x6000bcf0   0x00000034   Code   RO          449    i.LPUART4_IRQHandler  interrupt.o
    0x800098c8   0x6000bd24   0x0000002c   Code   RO         2226    i.LPUART4_init      peripherals.o
    0x800098f4   0x6000bd50   0x0000001c   Code   RO         6564    i.LPUART5_DriverIRQHandler  fsl_lpuart.o
    0x80009910   0x6000bd6c   0x00000034   Code   RO          450    i.LPUART5_IRQHandler  interrupt.o
    0x80009944   0x6000bda0   0x0000002c   Code   RO         2227    i.LPUART5_init      peripherals.o
    0x80009970   0x6000bdcc   0x0000001c   Code   RO         6565    i.LPUART6_DriverIRQHandler  fsl_lpuart.o
    0x8000998c   0x6000bde8   0x0000001c   Code   RO         6566    i.LPUART7_DriverIRQHandler  fsl_lpuart.o
    0x800099a8   0x6000be04   0x0000001c   Code   RO         6567    i.LPUART8_DriverIRQHandler  fsl_lpuart.o
    0x800099c4   0x6000be20   0x00000058   Code   RO         6569    i.LPUART_Deinit     fsl_lpuart.o
    0x80009a1c   0x6000be78   0x0000002c   Code   RO         6571    i.LPUART_EnableInterrupts  fsl_lpuart.o
    0x80009a48   0x6000bea4   0x00000016   Code   RO         6797    i.LPUART_EnableRxDMA  fsl_lpuart_edma.o
    0x80009a5e   0x6000beba   0x00000016   Code   RO         6798    i.LPUART_EnableTxDMA  fsl_lpuart_edma.o
    0x80009a74   0x6000bed0   0x00000058   Code   RO         6572    i.LPUART_GetDefaultConfig  fsl_lpuart.o
    0x80009acc   0x6000bf28   0x00000060   Code   RO         6574    i.LPUART_GetInstance  fsl_lpuart.o
    0x80009b2c   0x6000bf88   0x00000010   Code   RO         6575    i.LPUART_GetStatusFlags  fsl_lpuart.o
    0x80009b3c   0x6000bf98   0x00000270   Code   RO         6576    i.LPUART_Init       fsl_lpuart.o
    0x80009dac   0x6000c208   0x00000034   Code   RO          451    i.LPUART_ReadByte   interrupt.o
    0x80009de0   0x6000c23c   0x00000130   Code   RO         6799    i.LPUART_ReceiveEDMA  fsl_lpuart_edma.o
    0x80009f10   0x6000c36c   0x0000005c   Code   RO         6800    i.LPUART_ReceiveEDMACallback  fsl_lpuart_edma.o
    0x80009f6c   0x6000c3c8   0x0000005c   Code   RO         6802    i.LPUART_SendEDMACallback  fsl_lpuart_edma.o
    0x80009fc8   0x6000c424   0x00000108   Code   RO         6579    i.LPUART_SetBaudRate  fsl_lpuart.o
    0x8000a0d0   0x6000c52c   0x00000070   Code   RO         6803    i.LPUART_TransferAbortReceiveEDMA  fsl_lpuart_edma.o
    0x8000a140   0x6000c59c   0x00000070   Code   RO         6804    i.LPUART_TransferAbortSendEDMA  fsl_lpuart_edma.o
    0x8000a1b0   0x6000c60c   0x000000a4   Code   RO         6805    i.LPUART_TransferCreateHandleEDMA  fsl_lpuart_edma.o
    0x8000a254   0x6000c6b0   0x000000a0   Code   RO         6806    i.LPUART_TransferGetReceiveCountEDMA  fsl_lpuart_edma.o
    0x8000a2f4   0x6000c750   0x00000050   Code   RO         6593    i.LPUART_WriteBlocking  fsl_lpuart.o
    0x8000a344   0x6000c7a0   0x00000028   Code   RO         1802    i.LTC2942_GetAC     battery_drv.o
    0x8000a36c   0x6000c7c8   0x0000003e   Code   RO         1803    i.LTC2942_GetTemperature  battery_drv.o
    0x8000a3aa   0x6000c806   0x00000036   Code   RO         1804    i.LTC2942_GetVoltage  battery_drv.o
    0x8000a3e0   0x6000c83c   0x00000040   Code   RO         1805    i.LTC2942_ReadReg   battery_drv.o
    0x8000a420   0x6000c87c   0x00000030   Code   RO         1806    i.LTC2942_SetAC     battery_drv.o
    0x8000a450   0x6000c8ac   0x0000001a   Code   RO         1807    i.LTC2942_SetADCMode  battery_drv.o
    0x8000a46a   0x6000c8c6   0x0000001a   Code   RO         1808    i.LTC2942_SetALCCMode  battery_drv.o
    0x8000a484   0x6000c8e0   0x00000022   Code   RO         1809    i.LTC2942_SetAnalog  battery_drv.o
    0x8000a4a6   0x6000c902   0x0000001a   Code   RO         1810    i.LTC2942_SetPrescaler  battery_drv.o
    0x8000a4c0   0x6000c91c   0x00000040   Code   RO         1811    i.LTC2942_WriteReg  battery_drv.o
    0x8000a500   0x6000c95c   0x0000004c   Code   RO         1926    i.MLX_ReadReg       iic_temp_drv.o
    0x8000a54c   0x6000c9a8   0x000000a4   Code   RO         2718    i.MMC_AllSendCid    fsl_mmc.o
    0x8000a5f0   0x6000ca4c   0x0000003c   Code   RO         2719    i.MMC_CardDeinit    fsl_mmc.o
    0x8000a62c   0x6000ca88   0x000001a0   Code   RO         2720    i.MMC_CardInit      fsl_mmc.o
    0x8000a7cc   0x6000cc28   0x0000008c   Code   RO         2721    i.MMC_CheckBlockRange  fsl_mmc.o
    0x8000a858   0x6000ccb4   0x00000094   Code   RO         2724    i.MMC_DecodeCid     fsl_mmc.o
    0x8000a8ec   0x6000cd48   0x000001dc   Code   RO         2725    i.MMC_DecodeCsd     fsl_mmc.o
    0x8000aac8   0x6000cf24   0x000001dc   Code   RO         2726    i.MMC_DecodeExtendedCsd  fsl_mmc.o
    0x8000aca4   0x6000d100   0x00000040   Code   RO         2727    i.MMC_Deinit        fsl_mmc.o
    0x8000ace4   0x6000d140   0x0000005c   Code   RO         2729    i.MMC_ExecuteTuning  fsl_mmc.o
    0x8000ad40   0x6000d19c   0x0000003c   Code   RO         2730    i.MMC_GoIdle        fsl_mmc.o
    0x8000ad7c   0x6000d1d8   0x00000040   Code   RO         2731    i.MMC_HostDeinit    fsl_mmc.o
    0x8000adbc   0x6000d218   0x00000050   Code   RO         2732    i.MMC_HostInit      fsl_mmc.o
    0x8000ae0c   0x6000d268   0x0000000c   Code   RO         2733    i.MMC_HostReset     fsl_mmc.o
    0x8000ae18   0x6000d274   0x00000054   Code   RO         2734    i.MMC_Init          fsl_mmc.o
    0x8000ae6c   0x6000d2c8   0x000001dc   Code   RO         2735    i.MMC_Read          fsl_mmc.o
    0x8000b048   0x6000d4a4   0x0000011c   Code   RO         2736    i.MMC_ReadBlocks    fsl_mmc.o
    0x8000b164   0x6000d5c0   0x00000108   Code   RO         2738    i.MMC_ReceiveTestPattern  fsl_mmc.o
    0x8000b26c   0x6000d6c8   0x00000088   Code   RO         2739    i.MMC_SelectBusTiming  fsl_mmc.o
    0x8000b2f4   0x6000d750   0x00000040   Code   RO         2740    i.MMC_SelectCard    fsl_mmc.o
    0x8000b334   0x6000d790   0x000000a8   Code   RO         2742    i.MMC_SendCsd       fsl_mmc.o
    0x8000b3dc   0x6000d838   0x00000124   Code   RO         2743    i.MMC_SendExtendedCsd  fsl_mmc.o
    0x8000b500   0x6000d95c   0x000000d8   Code   RO         2744    i.MMC_SendOperationCondition  fsl_mmc.o
    0x8000b5d8   0x6000da34   0x0000010c   Code   RO         2745    i.MMC_SendTestPattern  fsl_mmc.o
    0x8000b6e4   0x6000db40   0x00000040   Code   RO         2746    i.MMC_SetBlockCount  fsl_mmc.o
    0x8000b724   0x6000db80   0x00000064   Code   RO         2750    i.MMC_SetDataBusWidth  fsl_mmc.o
    0x8000b788   0x6000dbe4   0x000000dc   Code   RO         2751    i.MMC_SetExtendedCsdConfig  fsl_mmc.o
    0x8000b864   0x6000dcc0   0x000000d0   Code   RO         2752    i.MMC_SetMaxDataBusWidth  fsl_mmc.o
    0x8000b934   0x6000dd90   0x00000094   Code   RO         2753    i.MMC_SetMaxEraseUnitSize  fsl_mmc.o
    0x8000b9c8   0x6000de24   0x00000074   Code   RO         2754    i.MMC_SetMaxFrequency  fsl_mmc.o
    0x8000ba3c   0x6000de98   0x00000190   Code   RO         2755    i.MMC_SetPowerClass  fsl_mmc.o
    0x8000bbcc   0x6000e028   0x000000a4   Code   RO         2756    i.MMC_SetRelativeAddress  fsl_mmc.o
    0x8000bc70   0x6000e0cc   0x0000007c   Code   RO         2759    i.MMC_StopTransmission  fsl_mmc.o
    0x8000bcec   0x6000e148   0x00000090   Code   RO         2760    i.MMC_SwitchHSTiming  fsl_mmc.o
    0x8000bd7c   0x6000e1d8   0x00000154   Code   RO         2763    i.MMC_SwitchToHighSpeed  fsl_mmc.o
    0x8000bed0   0x6000e32c   0x00000024   Code   RO         2764    i.MMC_SwitchVoltage  fsl_mmc.o
    0x8000bef4   0x6000e350   0x0000011c   Code   RO         2765    i.MMC_TestDataBusWidth  fsl_mmc.o
    0x8000c010   0x6000e46c   0x000000cc   Code   RO         2766    i.MMC_Transfer      fsl_mmc.o
    0x8000c0dc   0x6000e538   0x0000009c   Code   RO         2767    i.MMC_WaitWriteComplete  fsl_mmc.o
    0x8000c178   0x6000e5d4   0x000001ec   Code   RO         2768    i.MMC_Write         fsl_mmc.o
    0x8000c364   0x6000e7c0   0x00000114   Code   RO         2769    i.MMC_WriteBlocks   fsl_mmc.o
    0x8000c478   0x6000e8d4   0x00000048   Code   RO         1928    i.MXL_ReadEnvTemp   iic_temp_drv.o
    0x8000c4c0   0x6000e91c   0x00000048   Code   RO         1929    i.MXL_ReadObjTemp   iic_temp_drv.o
    0x8000c508   0x6000e964   0x00000170   Code   RO          350    i.NorFlash_ChkSelf  norflash_app.o
    0x8000c678   0x6000ead4   0x00000108   Code   RO         1985    i.NorFlash_FlexSPI_ModeInit  norflash_drv.o
    0x8000c780   0x6000ebdc   0x00000024   Code   RO          351    i.NorFlash_SaveFirmPara  norflash_app.o
    0x8000c7a4   0x6000ec00   0x00000034   Code   RO          352    i.NorFlash_WriteApp  norflash_app.o
    0x8000c7d8   0x6000ec34   0x0000009c   Code   RO         2228    i.PIT1_init         peripherals.o
    0x8000c874   0x6000ecd0   0x0000005c   Code   RO         6888    i.PIT_GetInstance   fsl_pit.o
    0x8000c8d0   0x6000ed2c   0x0000007c   Code   RO          704    i.PIT_IRQHandler    adc_app.o
    0x8000c94c   0x6000eda8   0x00000088   Code   RO         6890    i.PIT_Init          fsl_pit.o
    0x8000c9d4   0x6000ee30   0x0000000c   Code   RO         2229    i.PIT_SetTimerPeriod  peripherals.o
    0x8000c9e0   0x6000ee3c   0x0000001a   Code   RO          705    i.PIT_StartTimer    adc_app.o
    0x8000c9fa   0x6000ee56   0x0000001a   Code   RO          706    i.PIT_StopTimer     adc_app.o
    0x8000ca14   0x6000ee70   0x000000d8   Code   RO          602    i.ParseFirmPacket   ble_protocol.o
    0x8000caec   0x6000ef48   0x000000c0   Code   RO          603    i.ParseJson         ble_protocol.o
    0x8000cbac   0x6000f008   0x00000026   Code   RO          604    i.ParseProtocol     ble_protocol.o
    0x8000cbd2   0x6000f02e   0x00000050   Code   RO         7051    i.QTMR_ClearStatusFlags  fsl_qtmr.o
    0x8000cc22   0x6000f07e   0x00000060   Code   RO         7056    i.QTMR_EnableInterrupts  fsl_qtmr.o
    0x8000cc82   0x6000f0de   0x00000002   PAD
    0x8000cc84   0x6000f0e0   0x0000005c   Code   RO         7059    i.QTMR_GetInstance  fsl_qtmr.o
    0x8000cce0   0x6000f13c   0x000000ac   Code   RO         7061    i.QTMR_Init         fsl_qtmr.o
    0x8000cd8c   0x6000f1e8   0x0000002e   Code   RO         7062    i.QTMR_SetTimerPeriod  fsl_qtmr.o
    0x8000cdba   0x6000f216   0x00000076   Code   RO         7063    i.QTMR_SetupInputCapture  fsl_qtmr.o
    0x8000ce30   0x6000f28c   0x000000b4   Code   RO         7064    i.QTMR_SetupPwm     fsl_qtmr.o
    0x8000cee4   0x6000f340   0x00000020   Code   RO          707    i.QTMR_StartTimer   adc_app.o
    0x8000cf04   0x6000f360   0x00000020   Code   RO         2230    i.QTMR_StartTimer   peripherals.o
    0x8000cf24   0x6000f380   0x00000012   Code   RO          708    i.QTMR_StopTimer    adc_app.o
    0x8000cf36   0x6000f392   0x00000002   PAD
    0x8000cf38   0x6000f394   0x00000044   Code   RO         2231    i.QuadTimer1_init   peripherals.o
    0x8000cf7c   0x6000f3d8   0x0000003c   Code   RO         2232    i.QuadTimer2_init   peripherals.o
    0x8000cfb8   0x6000f414   0x0000003c   Code   RO         2233    i.QuadTimer3_init   peripherals.o
    0x8000cff4   0x6000f450   0x00000044   Code   RO         1582    i.RTC_Config        rtc_drv.o
    0x8000d038   0x6000f494   0x00000018   Code   RO         2652    i.SDMMCEVENT_Delay  fsl_sdmmc_event.o
    0x8000d050   0x6000f4ac   0x00000014   Code   RO         2653    i.SDMMCEVENT_Delete  fsl_sdmmc_event.o
    0x8000d064   0x6000f4c0   0x00000024   Code   RO         2654    i.SDMMCEVENT_GetInstance  fsl_sdmmc_event.o
    0x8000d088   0x6000f4e4   0x0000005c   Code   RO         2655    i.SDMMCEVENT_InitTimer  fsl_sdmmc_event.o
    0x8000d0e4   0x6000f540   0x00000014   Code   RO         2545    i.SDMMCHOST_CardDetectDeinit  fsl_sdmmc_host.o
    0x8000d0f8   0x6000f554   0x00000018   Code   RO         2546    i.SDMMCHOST_Deinit  fsl_sdmmc_host.o
    0x8000d110   0x6000f56c   0x0000000c   Code   RO         2547    i.SDMMCHOST_Delay   fsl_sdmmc_host.o
    0x8000d11c   0x6000f578   0x00000032   Code   RO         2550    i.SDMMCHOST_ErrorRecovery  fsl_sdmmc_host.o
    0x8000d14e   0x6000f5aa   0x00000002   PAD
    0x8000d150   0x6000f5ac   0x00000038   Code   RO         2551    i.SDMMCHOST_Init    fsl_sdmmc_host.o
    0x8000d188   0x6000f5e4   0x0000003c   Code   RO         2555    i.SDMMCHOST_Reset   fsl_sdmmc_host.o
    0x8000d1c4   0x6000f620   0x00000044   Code   RO         2556    i.SDMMCHOST_TransferFunction  fsl_sdmmc_host.o
    0x8000d208   0x6000f664   0x000000e8   Code   RO         2450    i.SDMMC_ExecuteTuning  fsl_sdmmc_common.o
    0x8000d2f0   0x6000f74c   0x00000070   Code   RO         2451    i.SDMMC_GoIdle      fsl_sdmmc_common.o
    0x8000d360   0x6000f7bc   0x00000098   Code   RO         2452    i.SDMMC_SelectCard  fsl_sdmmc_common.o
    0x8000d3f8   0x6000f854   0x00000088   Code   RO         2454    i.SDMMC_SetBlockCount  fsl_sdmmc_common.o
    0x8000d480   0x6000f8dc   0x00000088   Code   RO         2455    i.SDMMC_SetBlockSize  fsl_sdmmc_common.o
    0x8000d508   0x6000f964   0x000000b4   Code   RO         7162    i.SNVS_HP_CheckDatetimeFormat  fsl_snvs_hp.o
    0x8000d5bc   0x6000fa18   0x00000098   Code   RO         7163    i.SNVS_HP_ConvertDatetimeToSeconds  fsl_snvs_hp.o
    0x8000d654   0x6000fab0   0x000000e0   Code   RO         7164    i.SNVS_HP_ConvertSecondsToDatetime  fsl_snvs_hp.o
    0x8000d734   0x6000fb90   0x00000038   Code   RO         7169    i.SNVS_HP_RTC_GetDatetime  fsl_snvs_hp.o
    0x8000d76c   0x6000fbc8   0x00000030   Code   RO         7170    i.SNVS_HP_RTC_GetDefaultConfig  fsl_snvs_hp.o
    0x8000d79c   0x6000fbf8   0x0000001c   Code   RO         7172    i.SNVS_HP_RTC_GetSeconds  fsl_snvs_hp.o
    0x8000d7b8   0x6000fc14   0x00000054   Code   RO         7174    i.SNVS_HP_RTC_Init  fsl_snvs_hp.o
    0x8000d80c   0x6000fc68   0x00000060   Code   RO         7176    i.SNVS_HP_RTC_SetDatetime  fsl_snvs_hp.o
    0x8000d86c   0x6000fcc8   0x00000016   Code   RO         7177    i.SNVS_HP_RTC_StartTimer  fsl_snvs_hp.o
    0x8000d882   0x6000fcde   0x00000016   Code   RO         7178    i.SNVS_HP_RTC_StopTimer  fsl_snvs_hp.o
    0x8000d898   0x6000fcf4   0x00000078   Code   RO         4339    i.SerialManager_Init  serial_manager.o
    0x8000d910   0x6000fd6c   0x00000064   Code   RO         4340    i.SerialManager_OpenReadHandle  serial_manager.o
    0x8000d974   0x6000fdd0   0x00000060   Code   RO         4341    i.SerialManager_OpenWriteHandle  serial_manager.o
    0x8000d9d4   0x6000fe30   0x00000036   Code   RO         4345    i.SerialManager_StartWriting  serial_manager.o
    0x8000da0a   0x6000fe66   0x00000002   PAD
    0x8000da0c   0x6000fe68   0x00000088   Code   RO         4346    i.SerialManager_Write  serial_manager.o
    0x8000da94   0x6000fef0   0x00000014   Code   RO         4347    i.SerialManager_WriteBlocking  serial_manager.o
    0x8000daa8   0x6000ff04   0x0000008c   Code   RO         4437    i.Serial_UartInit   serial_port_uart.o
    0x8000db34   0x6000ff90   0x00000070   Code   RO         4439    i.Serial_UartWrite  serial_port_uart.o
    0x8000dba4   0x60010000   0x00000454   Code   RO          605    i.SetSamplePara     ble_protocol.o
    0x8000dff8   0x60010454   0x000000a4   Code   RO          606    i.SetSysPara        ble_protocol.o
    0x8000e09c   0x600104f8   0x00000138   Code   RO          607    i.SetTime           ble_protocol.o
    0x8000e1d4   0x60010630   0x00000188   Code   RO          608    i.StartSample       ble_protocol.o
    0x8000e35c   0x600107b8   0x000000c4   Code   RO          609    i.StartUpgrade      ble_protocol.o
    0x8000e420   0x6001087c   0x00000628   Code   RO         8142    i.StrFormatPrintf   fsl_str.o
    0x8000ea48   0x60010ea4   0x00000016   Code   RO         3678    i.SysTick_Handler   cmsis_os2.o
    0x8000ea5e   0x60010eba   0x00000002   PAD
    0x8000ea60   0x60010ebc   0x00000048   Code   RO          709    i.TMR1_IRQHandler   adc_app.o
    0x8000eaa8   0x60010f04   0x00000058   Code   RO          517    i.TMR2_IRQHandler   ble_app.o
    0x8000eb00   0x60010f5c   0x00000020   Code   RO         7460    i.USDHC1_DriverIRQHandler  fsl_usdhc.o
    0x8000eb20   0x60010f7c   0x00000020   Code   RO         7461    i.USDHC2_DriverIRQHandler  fsl_usdhc.o
    0x8000eb40   0x60010f9c   0x00000028   Code   RO         7462    i.USDHC_AdjustDelayForManualTuning  fsl_usdhc.o
    0x8000eb68   0x60010fc4   0x00000004   Code   RO         7463    i.USDHC_ClearInterruptStatusFlags  fsl_usdhc.o
    0x8000eb6c   0x60010fc8   0x00000020   Code   RO         7464    i.USDHC_Deinit      fsl_usdhc.o
    0x8000eb8c   0x60010fe8   0x00000042   Code   RO         7466    i.USDHC_EnableDDRMode  fsl_usdhc.o
    0x8000ebce   0x6001102a   0x0000001e   Code   RO         7467    i.USDHC_EnableInternalDMA  fsl_usdhc.o
    0x8000ebec   0x60011048   0x00000054   Code   RO         7469    i.USDHC_EnableStandardTuning  fsl_usdhc.o
    0x8000ec40   0x6001109c   0x0000006c   Code   RO         7470    i.USDHC_GetCapability  fsl_usdhc.o
    0x8000ecac   0x60011108   0x0000005c   Code   RO         7471    i.USDHC_GetInstance  fsl_usdhc.o
    0x8000ed08   0x60011164   0x00000006   Code   RO         7472    i.USDHC_GetInterruptStatusFlags  fsl_usdhc.o
    0x8000ed0e   0x6001116a   0x00000002   PAD
    0x8000ed10   0x6001116c   0x00000124   Code   RO         7473    i.USDHC_Init        fsl_usdhc.o
    0x8000ee34   0x60011290   0x000000bc   Code   RO         7474    i.USDHC_ReadByDataPortBlocking  fsl_usdhc.o
    0x8000eef0   0x6001134c   0x00000070   Code   RO         7475    i.USDHC_ReadDataPort  fsl_usdhc.o
    0x8000ef60   0x600113bc   0x00000090   Code   RO         7476    i.USDHC_ReceiveCommandResponse  fsl_usdhc.o
    0x8000eff0   0x6001144c   0x0000002a   Code   RO         7477    i.USDHC_Reset       fsl_usdhc.o
    0x8000f01a   0x60011476   0x00000002   PAD
    0x8000f01c   0x60011478   0x000000b8   Code   RO         7478    i.USDHC_SendCommand  fsl_usdhc.o
    0x8000f0d4   0x60011530   0x00000134   Code   RO         7479    i.USDHC_SetADMA1Descriptor  fsl_usdhc.o
    0x8000f208   0x60011664   0x00000180   Code   RO         7480    i.USDHC_SetADMA2Descriptor  fsl_usdhc.o
    0x8000f388   0x600117e4   0x00000100   Code   RO         7481    i.USDHC_SetAdmaTableConfig  fsl_usdhc.o
    0x8000f488   0x600118e4   0x0000000a   Code   RO         2771    i.USDHC_SetDataBusWidth  fsl_mmc.o
    0x8000f492   0x600118ee   0x00000002   PAD
    0x8000f494   0x600118f0   0x0000010c   Code   RO         7483    i.USDHC_SetDataTransferConfig  fsl_usdhc.o
    0x8000f5a0   0x600119fc   0x000000c0   Code   RO         7484    i.USDHC_SetInternalDmaConfig  fsl_usdhc.o
    0x8000f660   0x60011abc   0x0000015c   Code   RO         7486    i.USDHC_SetSdClock  fsl_usdhc.o
    0x8000f7bc   0x60011c18   0x00000098   Code   RO         7487    i.USDHC_SetTransferInterrupt  fsl_usdhc.o
    0x8000f854   0x60011cb0   0x000000dc   Code   RO         7488    i.USDHC_TransferBlocking  fsl_usdhc.o
    0x8000f930   0x60011d8c   0x0000008c   Code   RO         7490    i.USDHC_TransferDataBlocking  fsl_usdhc.o
    0x8000f9bc   0x60011e18   0x0000007c   Code   RO         7499    i.USDHC_WaitCommandDone  fsl_usdhc.o
    0x8000fa38   0x60011e94   0x000000c4   Code   RO         7500    i.USDHC_WriteByDataPortBlocking  fsl_usdhc.o
    0x8000fafc   0x60011f58   0x00000074   Code   RO         7501    i.USDHC_WriteDataPort  fsl_usdhc.o
    0x8000fb70   0x60011fcc   0x00000014   Code   RO         2100    i.Uart_SendByte     utility.o
    0x8000fb84   0x60011fe0   0x0000001c   Code   RO         1723    i.XBARA_Configuration  adc_drv.o
    0x8000fba0   0x60011ffc   0x0000005c   Code   RO         7735    i.XBARA_GetInstance  fsl_xbara.o
    0x8000fbfc   0x60012058   0x00000020   Code   RO         7737    i.XBARA_Init        fsl_xbara.o
    0x8000fc1c   0x60012078   0x0000002a   Code   RO         7739    i.XBARA_SetSignalsConnection  fsl_xbara.o
    0x8000fc46   0x600120a2   0x00000002   PAD
    0x8000fc48   0x600120a4   0x00000028   Code   RO         9847    i.__0sprintf        mc_w.l(printfa.o)
    0x8000fc70   0x600120cc   0x00000030   Code   RO         9931    i.__ARM_fpclassify  m_wv.l(fpclassify.o)
    0x8000fca0   0x600120fc   0x0000003c   Code   RO          710    i.__NVIC_DisableIRQ  adc_app.o
    0x8000fcdc   0x60012138   0x00000044   Code   RO         7952    i.__aeabi_assert    fsl_assert.o
    0x8000fd20   0x6001217c   0x0000005c   Code   RO         9877    i.__free$realloc$2region  mc_w.l(mallocr2.o)
    0x8000fd7c   0x600121d8   0x000000c0   Code   RO         9553    i.__hardfp_modf     m_wv.l(modf.o)
    0x8000fe3c   0x60012298   0x00000004   PAD
    0x8000fe40   0x6001229c   0x000008f8   Code   RO         9559    i.__hardfp_pow      m_wv.l(pow.o)
    0x80010738   0x60012b94   0x00000028   Code   RO         9573    i.__hardfp_strtod   m_wv.l(strtod.o)
    0x80010760   0x60012bbc   0x00000070   Code   RO         9933    i.__kernel_poly     m_wv.l(poly.o)
    0x800107d0   0x60012c2c   0x00000050   Code   RO         9878    i.__malloc$realloc$2region  mc_w.l(mallocr2.o)
    0x80010820   0x60012c7c   0x00000020   Code   RO         9911    i.__mathlib_dbl_divzero  m_wv.l(dunder.o)
    0x80010840   0x60012c9c   0x00000006   Code   RO         9913    i.__mathlib_dbl_infnan2  m_wv.l(dunder.o)
    0x80010846   0x60012ca2   0x00000002   PAD
    0x80010848   0x60012ca4   0x00000018   Code   RO         9914    i.__mathlib_dbl_invalid  m_wv.l(dunder.o)
    0x80010860   0x60012cbc   0x00000018   Code   RO         9915    i.__mathlib_dbl_overflow  m_wv.l(dunder.o)
    0x80010878   0x60012cd4   0x00000018   Code   RO         9917    i.__mathlib_dbl_underflow  m_wv.l(dunder.o)
    0x80010890   0x60012cec   0x0000006c   Code   RO         9879    i.__realloc$2region  mc_w.l(mallocr2.o)
    0x800108fc   0x60012d58   0x0000000c   Code   RO         9972    i.__set_errno       mc_w.l(errno.o)
    0x80010908   0x60012d64   0x00000184   Code   RO         9852    i._fp_digits        mc_w.l(printfa.o)
    0x80010a8c   0x60012ee8   0x0000000e   Code   RO         9905    i._is_digit         mc_w.l(scanf_fp.o)
    0x80010a9a   0x60012ef6   0x00000002   PAD
    0x80010a9c   0x60012ef8   0x000006dc   Code   RO         9853    i._printf_core      mc_w.l(printfa.o)
    0x80011178   0x600135d4   0x00000024   Code   RO         9854    i._printf_post_padding  mc_w.l(printfa.o)
    0x8001119c   0x600135f8   0x0000002e   Code   RO         9855    i._printf_pre_padding  mc_w.l(printfa.o)
    0x800111ca   0x60013626   0x0000000a   Code   RO         9857    i._sputc            mc_w.l(printfa.o)
    0x800111d4   0x60013630   0x0000002e   Code   RO          897    i.add_item_to_array  cjson.o
    0x80011202   0x6001365e   0x00000076   Code   RO          898    i.add_item_to_object  cjson.o
    0x80011278   0x600136d4   0x0000003a   Code   RO          899    i.buffer_skip_whitespace  cjson.o
    0x800112b2   0x6001370e   0x00000002   PAD
    0x800112b4   0x60013710   0x00000034   Code   RO          901    i.cJSON_AddBoolToObject  cjson.o
    0x800112e8   0x60013744   0x00000044   Code   RO          909    i.cJSON_AddNumberToObject  cjson.o
    0x8001132c   0x60013788   0x00000034   Code   RO          912    i.cJSON_AddStringToObject  cjson.o
    0x80011360   0x600137bc   0x00000020   Code   RO          917    i.cJSON_CreateBool  cjson.o
    0x80011380   0x600137dc   0x00000068   Code   RO          923    i.cJSON_CreateNumber  cjson.o
    0x800113e8   0x60013844   0x00000018   Code   RO          924    i.cJSON_CreateObject  cjson.o
    0x80011400   0x6001385c   0x00000034   Code   RO          927    i.cJSON_CreateString  cjson.o
    0x80011434   0x60013890   0x00000058   Code   RO          931    i.cJSON_Delete      cjson.o
    0x8001148c   0x600138e8   0x00000012   Code   RO          943    i.cJSON_GetObjectItem  cjson.o
    0x8001149e   0x600138fa   0x0000001a   Code   RO          960    i.cJSON_New_Item    cjson.o
    0x800114b8   0x60013914   0x00000010   Code   RO          961    i.cJSON_Parse       cjson.o
    0x800114c8   0x60013924   0x000000d4   Code   RO          962    i.cJSON_ParseWithOpts  cjson.o
    0x8001159c   0x600139f8   0x00000014   Code   RO          966    i.cJSON_PrintUnformatted  cjson.o
    0x800115b0   0x60013a0c   0x00000038   Code   RO          975    i.cJSON_strdup      cjson.o
    0x800115e8   0x60013a44   0x00000048   Code   RO          976    i.case_insensitive_strcmp  cjson.o
    0x80011630   0x60013a8c   0x00000002   Code   RO          977    i.cast_away_const   cjson.o
    0x80011632   0x60013a8e   0x00000002   PAD
    0x80011634   0x60013a90   0x0000007c   Code   RO         3038    i.check_fs          ff.o
    0x800116b0   0x60013b0c   0x00000014   Code   RO         3039    i.chk_chr           ff.o
    0x800116c4   0x60013b20   0x0000001a   Code   RO         3040    i.clst2sect         ff.o
    0x800116de   0x60013b3a   0x00000002   PAD
    0x800116e0   0x60013b3c   0x00000098   Code   RO         3041    i.cmp_lfn           ff.o
    0x80011778   0x60013bd4   0x00000120   Code   RO         3042    i.create_chain      ff.o
    0x80011898   0x60013cf4   0x000002c0   Code   RO         3043    i.create_name       ff.o
    0x80011b58   0x60013fb4   0x0000000c   Code   RO         3044    i.dbc_1st           ff.o
    0x80011b64   0x60013fc0   0x0000000c   Code   RO         3045    i.dbc_2nd           ff.o
    0x80011b70   0x60013fcc   0x00000060   Code   RO         3046    i.dir_alloc         ff.o
    0x80011bd0   0x6001402c   0x00000060   Code   RO         3047    i.dir_clear         ff.o
    0x80011c30   0x6001408c   0x000000fc   Code   RO         3048    i.dir_find          ff.o
    0x80011d2c   0x60014188   0x000000ca   Code   RO         3049    i.dir_next          ff.o
    0x80011df6   0x60014252   0x000000d2   Code   RO         3050    i.dir_read          ff.o
    0x80011ec8   0x60014324   0x00000142   Code   RO         3051    i.dir_register      ff.o
    0x8001200a   0x60014466   0x00000060   Code   RO         3052    i.dir_remove        ff.o
    0x8001206a   0x600144c6   0x0000009a   Code   RO         3053    i.dir_sdi           ff.o
    0x80012104   0x60014560   0x0000001c   Code   RO         3464    i.disk_initialize   diskio.o
    0x80012120   0x6001457c   0x00000028   Code   RO         3465    i.disk_ioctl        diskio.o
    0x80012148   0x600145a4   0x0000002c   Code   RO         3466    i.disk_read         diskio.o
    0x80012174   0x600145d0   0x0000001c   Code   RO         3467    i.disk_status       diskio.o
    0x80012190   0x600145ec   0x0000002c   Code   RO         3468    i.disk_write        diskio.o
    0x800121bc   0x60014618   0x00000002   Code   RO         2234    i.eDMA_init         peripherals.o
    0x800121be   0x6001461a   0x00000002   PAD
    0x800121c0   0x6001461c   0x0000005c   Code   RO         1618    i.eMMC_AppendmanageFile  emmc_drv.o
    0x8001221c   0x60014678   0x0000012c   Code   RO         1619    i.eMMC_CheckFatfs   emmc_drv.o
    0x80012348   0x600147a4   0x00000170   Code   RO         1620    i.eMMC_DelEarliestFile  emmc_drv.o
    0x800124b8   0x60014914   0x00000094   Code   RO         1621    i.eMMC_GetFree      emmc_drv.o
    0x8001254c   0x600149a8   0x0000010c   Code   RO         1622    i.eMMC_Init         emmc_drv.o
    0x80012658   0x60014ab4   0x00000078   Code   RO         1623    i.eMMC_PrintfManageFile  emmc_drv.o
    0x800126d0   0x60014b2c   0x0000004c   Code   RO         1625    i.eMMC_ScanFile     emmc_drv.o
    0x8001271c   0x60014b78   0x000000ba   Code   RO          979    i.ensure            cjson.o
    0x800127d6   0x60014c32   0x00000002   PAD
    0x800127d8   0x60014c34   0x00000020   Code   RO         3055    i.f_chdrive         ff.o
    0x800127f8   0x60014c54   0x00000022   Code   RO         3056    i.f_close           ff.o
    0x8001281a   0x60014c76   0x000000f6   Code   RO         3059    i.f_getfree         ff.o
    0x80012910   0x60014d6c   0x00000184   Code   RO         3061    i.f_lseek           ff.o
    0x80012a94   0x60014ef0   0x00000684   Code   RO         3063    i.f_mkfs            ff.o
    0x80013118   0x60015574   0x00000054   Code   RO         3064    i.f_mount           ff.o
    0x8001316c   0x600155c8   0x000001ec   Code   RO         3065    i.f_open            ff.o
    0x80013358   0x600157b4   0x00000078   Code   RO         3066    i.f_opendir         ff.o
    0x800133d0   0x6001582c   0x0000019c   Code   RO         3070    i.f_read            ff.o
    0x8001356c   0x600159c8   0x0000005c   Code   RO         3071    i.f_readdir         ff.o
    0x800135c8   0x60015a24   0x000000a0   Code   RO         3074    i.f_sync            ff.o
    0x80013668   0x60015ac4   0x000000cc   Code   RO         3076    i.f_unlink          ff.o
    0x80013734   0x60015b90   0x000001de   Code   RO         3077    i.f_write           ff.o
    0x80013912   0x60015d6e   0x00000018   Code   RO         9927    i.fabs              m_wv.l(fabs.o)
    0x8001392a   0x60015d86   0x00000002   PAD
    0x8001392c   0x60015d88   0x0000002c   Code   RO         3438    i.ff_oem2uni        ffunicode.o
    0x80013958   0x60015db4   0x00000040   Code   RO         3439    i.ff_uni2oem        ffunicode.o
    0x80013998   0x60015df4   0x000000b0   Code   RO         3440    i.ff_wtoupper       ffunicode.o
    0x80013a48   0x60015ea4   0x00000310   Code   RO         3078    i.find_volume       ff.o
    0x80013d58   0x600161b4   0x000000ca   Code   RO         3079    i.follow_path       ff.o
    0x80013e22   0x6001627e   0x00000002   PAD
    0x80013e24   0x60016280   0x000000cc   Code   RO         3080    i.gen_numname       ff.o
    0x80013ef0   0x6001634c   0x00000004   Code   RO          981    i.get_decimal_point  cjson.o
    0x80013ef4   0x60016350   0x000000e0   Code   RO         3081    i.get_fat           ff.o
    0x80013fd4   0x60016430   0x00000176   Code   RO         3082    i.get_fileinfo      ff.o
    0x8001414a   0x600165a6   0x00000002   PAD
    0x8001414c   0x600165a8   0x00000054   Code   RO         3083    i.get_ldnumber      ff.o
    0x800141a0   0x600165fc   0x00000044   Code   RO          982    i.get_object_item   cjson.o
    0x800141e4   0x60016640   0x00000050   Code   RO         9880    i.internal_alloc    mc_w.l(mallocr2.o)
    0x80014234   0x60016690   0x00000026   Code   RO         3084    i.ld_clust          ff.o
    0x8001425a   0x600166b6   0x00000018   Code   RO         3085    i.ld_dword          ff.o
    0x80014272   0x600166ce   0x0000000c   Code   RO         3086    i.ld_word           ff.o
    0x8001427e   0x600166da   0x00000002   PAD
    0x80014280   0x600166dc   0x000000d4   Code   RO           14    i.main              main.o
    0x80014354   0x600167b0   0x00000024   Code   RO         3087    i.mem_cmp           ff.o
    0x80014378   0x600167d4   0x0000001a   Code   RO         3088    i.mem_cpy           ff.o
    0x80014392   0x600167ee   0x00000012   Code   RO         3089    i.mem_set           ff.o
    0x800143a4   0x60016800   0x00000078   Code   RO         3506    i.mmc_disk_initialize  fsl_mmc_disk.o
    0x8001441c   0x60016878   0x00000060   Code   RO         3507    i.mmc_disk_ioctl    fsl_mmc_disk.o
    0x8001447c   0x600168d8   0x00000030   Code   RO         3508    i.mmc_disk_read     fsl_mmc_disk.o
    0x800144ac   0x60016908   0x0000000e   Code   RO         3509    i.mmc_disk_status   fsl_mmc_disk.o
    0x800144ba   0x60016916   0x00000002   PAD
    0x800144bc   0x60016918   0x00000030   Code   RO         3510    i.mmc_disk_write    fsl_mmc_disk.o
    0x800144ec   0x60016948   0x00000034   Code   RO         3090    i.move_window       ff.o
    0x80014520   0x6001697c   0x000000f4   Code   RO          983    i.parse_array       cjson.o
    0x80014614   0x60016a70   0x0000005a   Code   RO          984    i.parse_hex4        cjson.o
    0x8001466e   0x60016aca   0x00000002   PAD
    0x80014670   0x60016acc   0x00000144   Code   RO          985    i.parse_number      cjson.o
    0x800147b4   0x60016c10   0x0000013a   Code   RO          986    i.parse_object      cjson.o
    0x800148ee   0x60016d4a   0x0000018c   Code   RO          987    i.parse_string      cjson.o
    0x80014a7a   0x60016ed6   0x00000002   PAD
    0x80014a7c   0x60016ed8   0x0000013c   Code   RO          988    i.parse_value       cjson.o
    0x80014bb8   0x60017014   0x00000088   Code   RO         3091    i.pick_lfn          ff.o
    0x80014c40   0x6001709c   0x000000b0   Code   RO          989    i.print             cjson.o
    0x80014cf0   0x6001714c   0x000000b2   Code   RO          990    i.print_array       cjson.o
    0x80014da2   0x600171fe   0x00000002   PAD
    0x80014da4   0x60017200   0x000000ec   Code   RO          991    i.print_number      cjson.o
    0x80014e90   0x600172ec   0x00000174   Code   RO          992    i.print_object      cjson.o
    0x80015004   0x60017460   0x00000010   Code   RO          993    i.print_string      cjson.o
    0x80015014   0x60017470   0x00000174   Code   RO          994    i.print_string_ptr  cjson.o
    0x80015188   0x600175e4   0x00000104   Code   RO          995    i.print_value       cjson.o
    0x8001528c   0x600176e8   0x0000007c   Code   RO         9002    i.prvAddCurrentTaskToDelayedList  tasks.o
    0x80015308   0x60017764   0x000000b8   Code   RO         9003    i.prvAddNewTaskToReadyList  tasks.o
    0x800153c0   0x6001781c   0x0000005c   Code   RO         9387    i.prvCheckForValidListAndQueue  timers.o
    0x8001541c   0x60017878   0x00000048   Code   RO         9004    i.prvCheckTasksWaitingTermination  tasks.o
    0x80015464   0x600178c0   0x0000002a   Code   RO         8600    i.prvCopyDataFromQueue  queue.o
    0x8001548e   0x600178ea   0x0000007e   Code   RO         8601    i.prvCopyDataToQueue  queue.o
    0x8001550c   0x60017968   0x00000028   Code   RO         9005    i.prvDeleteTCB      tasks.o
    0x80015534   0x60017990   0x00000028   Code   RO         9388    i.prvGetNextExpireTime  timers.o
    0x8001555c   0x600179b8   0x0000007c   Code   RO         8456    i.prvHeapInit       heap_4.o
    0x800155d8   0x60017a34   0x00000028   Code   RO         9006    i.prvIdleTask       tasks.o
    0x80015600   0x60017a5c   0x0000002a   Code   RO         8604    i.prvInitialiseNewQueue  queue.o
    0x8001562a   0x60017a86   0x0000009a   Code   RO         9007    i.prvInitialiseNewTask  tasks.o
    0x800156c4   0x60017b20   0x00000068   Code   RO         9008    i.prvInitialiseTaskLists  tasks.o
    0x8001572c   0x60017b88   0x00000068   Code   RO         8457    i.prvInsertBlockIntoFreeList  heap_4.o
    0x80015794   0x60017bf0   0x00000058   Code   RO         9390    i.prvInsertTimerInActiveList  timers.o
    0x800157ec   0x60017c48   0x0000001a   Code   RO         8605    i.prvIsQueueEmpty   queue.o
    0x80015806   0x60017c62   0x0000001e   Code   RO         8606    i.prvIsQueueFull    queue.o
    0x80015824   0x60017c80   0x0000005c   Code   RO         9391    i.prvProcessExpiredTimer  timers.o
    0x80015880   0x60017cdc   0x0000010c   Code   RO         9392    i.prvProcessReceivedCommands  timers.o
    0x8001598c   0x60017de8   0x00000074   Code   RO         9393    i.prvProcessTimerOrBlockTask  timers.o
    0x80015a00   0x60017e5c   0x00000034   Code   RO         9010    i.prvResetNextTaskUnblockTime  tasks.o
    0x80015a34   0x60017e90   0x0000002c   Code   RO         9394    i.prvSampleTimeNow  timers.o
    0x80015a60   0x60017ebc   0x00000088   Code   RO         9395    i.prvSwitchTimerLists  timers.o
    0x80015ae8   0x60017f44   0x0000001a   Code   RO         8518    i.prvTaskExitError  port.o
    0x80015b02   0x60017f5e   0x00000002   PAD
    0x80015b04   0x60017f60   0x00000040   Code   RO         9012    i.prvTaskIsTaskSuspended  tasks.o
    0x80015b44   0x60017fa0   0x0000001a   Code   RO         9396    i.prvTimerTask      timers.o
    0x80015b5e   0x60017fba   0x0000007e   Code   RO         8607    i.prvUnlockQueue    queue.o
    0x80015bdc   0x60018038   0x00000138   Code   RO         3092    i.put_fat           ff.o
    0x80015d14   0x60018170   0x00000080   Code   RO         3093    i.put_lfn           ff.o
    0x80015d94   0x600181f0   0x00000042   Code   RO         3094    i.put_utf           ff.o
    0x80015dd6   0x60018232   0x00000002   PAD
    0x80015dd8   0x60018234   0x000000d0   Code   RO         8458    i.pvPortMalloc      heap_4.o
    0x80015ea8   0x60018304   0x0000002c   Code   RO         8519    i.pxPortInitialiseStack  port.o
    0x80015ed4   0x60018330   0x0000009a   Code   RO         3098    i.remove_chain      ff.o
    0x80015f6e   0x600183ca   0x00000002   PAD
    0x80015f70   0x600183cc   0x0000003c   Code   RO          997    i.skip_utf8_bom     cjson.o
    0x80015fac   0x60018408   0x0000006a   Code   RO         9938    i.sqrt              m_wv.l(sqrt.o)
    0x80016016   0x60018472   0x00000024   Code   RO         3099    i.st_clust          ff.o
    0x8001603a   0x60018496   0x00000018   Code   RO         3100    i.st_dword          ff.o
    0x80016052   0x600184ae   0x0000000c   Code   RO         3101    i.st_word           ff.o
    0x8001605e   0x600184ba   0x00000006   Code   RO          998    i.suffix_object     cjson.o
    0x80016064   0x600184c0   0x00000020   Code   RO         3102    i.sum_sfn           ff.o
    0x80016084   0x600184e0   0x00000090   Code   RO         3103    i.sync_fs           ff.o
    0x80016114   0x60018570   0x0000004a   Code   RO         3104    i.sync_window       ff.o
    0x8001615e   0x600185ba   0x0000004c   Code   RO         3105    i.tchar2uni         ff.o
    0x800161aa   0x60018606   0x00000002   PAD
    0x800161ac   0x60018608   0x00000074   Code   RO         9014    i.ulTaskNotifyTake  tasks.o
    0x80016220   0x6001867c   0x00000024   Code   RO          999    i.update_offset     cjson.o
    0x80016244   0x600186a0   0x0000012c   Code   RO         1000    i.utf16_literal_to_utf8  cjson.o
    0x80016370   0x600187cc   0x00000028   Code   RO         8405    i.uxListRemove      list.o
    0x80016398   0x600187f4   0x00000018   Code   RO         3745    i.vApplicationGetIdleTaskMemory  cmsis_os2.o
    0x800163b0   0x6001880c   0x00000018   Code   RO         3746    i.vApplicationGetTimerTaskMemory  cmsis_os2.o
    0x800163c8   0x60018824   0x00000002   Code   RO         3747    i.vApplicationStackOverflowHook  cmsis_os2.o
    0x800163ca   0x60018826   0x0000001a   Code   RO         8406    i.vListInitialise   list.o
    0x800163e4   0x60018840   0x00000006   Code   RO         8407    i.vListInitialiseItem  list.o
    0x800163ea   0x60018846   0x00000034   Code   RO         8408    i.vListInsert       list.o
    0x8001641e   0x6001887a   0x00000018   Code   RO         8409    i.vListInsertEnd    list.o
    0x80016436   0x60018892   0x00000002   PAD
    0x80016438   0x60018894   0x00000028   Code   RO         8521    i.vPortEnterCritical  port.o
    0x80016460   0x600188bc   0x00000020   Code   RO         8522    i.vPortExitCritical  port.o
    0x80016480   0x600188dc   0x00000048   Code   RO         8459    i.vPortFree         heap_4.o
    0x800164c8   0x60018924   0x00000028   Code   RO         8523    i.vPortSetupTimerInterrupt  port.o
    0x800164f0   0x6001894c   0x0000004a   Code   RO         8615    i.vQueueWaitForMessageRestricted  queue.o
    0x8001653a   0x60018996   0x00000002   PAD
    0x8001653c   0x60018998   0x00000034   Code   RO         9022    i.vTaskDelay        tasks.o
    0x80016570   0x600189cc   0x000000a0   Code   RO         9024    i.vTaskDelete       tasks.o
    0x80016610   0x60018a6c   0x00000018   Code   RO         9027    i.vTaskInternalSetTimeOutState  tasks.o
    0x80016628   0x60018a84   0x0000000c   Code   RO         9028    i.vTaskMissedYield  tasks.o
    0x80016634   0x60018a90   0x00000020   Code   RO         9030    i.vTaskPlaceOnEventList  tasks.o
    0x80016654   0x60018ab0   0x00000028   Code   RO         9031    i.vTaskPlaceOnEventListRestricted  tasks.o
    0x8001667c   0x60018ad8   0x00000078   Code   RO         9036    i.vTaskResume       tasks.o
    0x800166f4   0x60018b50   0x00000098   Code   RO         9039    i.vTaskStartScheduler  tasks.o
    0x8001678c   0x60018be8   0x000000a0   Code   RO         9040    i.vTaskSuspend      tasks.o
    0x8001682c   0x60018c88   0x00000010   Code   RO         9041    i.vTaskSuspendAll   tasks.o
    0x8001683c   0x60018c98   0x000000b0   Code   RO         9042    i.vTaskSwitchContext  tasks.o
    0x800168ec   0x60018d48   0x0000003c   Code   RO         3106    i.validate          ff.o
    0x80016928   0x60018d84   0x00000048   Code   RO         8524    i.xPortStartScheduler  port.o
    0x80016970   0x60018dcc   0x0000003c   Code   RO         8525    i.xPortSysTickHandler  port.o
    0x800169ac   0x60018e08   0x0000002e   Code   RO         8621    i.xQueueGenericCreateStatic  queue.o
    0x800169da   0x60018e36   0x00000002   PAD
    0x800169dc   0x60018e38   0x00000080   Code   RO         8622    i.xQueueGenericReset  queue.o
    0x80016a5c   0x60018eb8   0x00000118   Code   RO         8623    i.xQueueGenericSend  queue.o
    0x80016b74   0x60018fd0   0x0000008a   Code   RO         8624    i.xQueueGenericSendFromISR  queue.o
    0x80016bfe   0x6001905a   0x00000002   PAD
    0x80016c00   0x6001905c   0x00000104   Code   RO         8633    i.xQueueReceive     queue.o
    0x80016d04   0x60019160   0x0000005c   Code   RO         9043    i.xTaskCheckForTimeOut  tasks.o
    0x80016d60   0x600191bc   0x00000064   Code   RO         9044    i.xTaskCreate       tasks.o
    0x80016dc4   0x60019220   0x0000004e   Code   RO         9045    i.xTaskCreateStatic  tasks.o
    0x80016e12   0x6001926e   0x00000002   PAD
    0x80016e14   0x60019270   0x000000c4   Code   RO         9046    i.xTaskGenericNotify  tasks.o
    0x80016ed8   0x60019334   0x00000020   Code   RO         9049    i.xTaskGetSchedulerState  tasks.o
    0x80016ef8   0x60019354   0x0000000c   Code   RO         9050    i.xTaskGetTickCount  tasks.o
    0x80016f04   0x60019360   0x00000118   Code   RO         9052    i.xTaskIncrementTick  tasks.o
    0x8001701c   0x60019478   0x000000a0   Code   RO         9054    i.xTaskNotifyWait   tasks.o
    0x800170bc   0x60019518   0x00000060   Code   RO         9055    i.xTaskPriorityDisinherit  tasks.o
    0x8001711c   0x60019578   0x00000080   Code   RO         9057    i.xTaskRemoveFromEventList  tasks.o
    0x8001719c   0x600195f8   0x000000e8   Code   RO         9058    i.xTaskResumeAll    tasks.o
    0x80017284   0x600196e0   0x00000060   Code   RO         9404    i.xTimerCreateTimerTask  timers.o
    0x800172e4   0x60019740   0x0000006c   Code   RO         9405    i.xTimerGenericCommand  timers.o
    0x80017350   0x600197ac   0x00000003   Data   RO         1627    .constdata          emmc_drv.o
    0x80017353   0x600197af   0x00000001   PAD
    0x80017354   0x600197b0   0x00000168   Data   RO         1986    .constdata          norflash_drv.o
    0x800174bc   0x60019918   0x00000022   Data   RO         2153    .constdata          clock_config.o
    0x800174de   0x6001993a   0x00000002   PAD
    0x800174e0   0x6001993c   0x00000100   Data   RO         2236    .constdata          peripherals.o
    0x800175e0   0x60019a3c   0x0000004f   Data   RO         2395    .constdata          pin_mux.o
    0x8001762f   0x60019a8b   0x00000001   PAD
    0x80017630   0x60019a8c   0x00000050   Data   RO         2772    .constdata          fsl_mmc.o
    0x80017680   0x60019adc   0x000000aa   Data   RO         3108    .constdata          ff.o
    0x8001772a   0x60019b86   0x000003ae   Data   RO         3441    .constdata          ffunicode.o
    0x80017ad8   0x60019f34   0x00000024   Data   RO         4487    .constdata          lpuart_adapter.o
    0x80017afc   0x60019f58   0x00000012   Data   RO         4550    .constdata          fsl_adc.o
    0x80017b0e   0x60019f6a   0x00000002   PAD
    0x80017b10   0x60019f6c   0x00000010   Data   RO         4750    .constdata          fsl_clock.o
    0x80017b20   0x60019f7c   0x00000006   Data   RO         5138    .constdata          fsl_dmamux.o
    0x80017b26   0x60019f82   0x00000002   PAD
    0x80017b28   0x60019f84   0x00000046   Data   RO         5234    .constdata          fsl_edma.o
    0x80017b6e   0x60019fca   0x00000002   PAD
    0x80017b70   0x60019fcc   0x00000008   Data   RO         5547    .constdata          fsl_flexspi.o
    0x80017b78   0x60019fd4   0x00000024   Data   RO         5687    .constdata          fsl_gpio.o
    0x80017b9c   0x60019ff8   0x00000028   Data   RO         5836    .constdata          fsl_lpi2c.o
    0x80017bc4   0x6001a020   0x00000030   Data   RO         6160    .constdata          fsl_lpspi.o
    0x80017bf4   0x6001a050   0x00000048   Data   RO         6596    .constdata          fsl_lpuart.o
    0x80017c3c   0x6001a098   0x00000006   Data   RO         6891    .constdata          fsl_pit.o
    0x80017c42   0x6001a09e   0x00000002   PAD
    0x80017c44   0x6001a0a0   0x0000001e   Data   RO         7065    .constdata          fsl_qtmr.o
    0x80017c62   0x6001a0be   0x00000002   PAD
    0x80017c64   0x6001a0c0   0x0000001a   Data   RO         7180    .constdata          fsl_snvs_hp.o
    0x80017c7e   0x6001a0da   0x00000002   PAD
    0x80017c80   0x6001a0dc   0x00000018   Data   RO         7503    .constdata          fsl_usdhc.o
    0x80017c98   0x6001a0f4   0x00000006   Data   RO         7740    .constdata          fsl_xbara.o
    0x80017c9e   0x6001a0fa   0x00000002   PAD
    0x80017ca0   0x6001a0fc   0x00000010   Data   RO         7818    .constdata          fsl_debug_console.o
    0x80017cb0   0x6001a10c   0x00000088   Data   RO         9562    .constdata          m_wv.l(pow.o)
    0x80017d38   0x6001a194   0x00000008   Data   RO         9935    .constdata          m_wv.l(qnan.o)
    0x80017d40   0x6001a19c   0x00000040   Data   RO        10013    .constdata          mc_w.l(ctype_c.o)
    0x80017d80   0x6001a1dc   0x00000055   Data   RO          519    .conststring        ble_app.o
    0x80017dd5   0x6001a231   0x00000003   PAD
    0x80017dd8   0x6001a234   0x00000056   Data   RO         1628    .conststring        emmc_drv.o
    0x80017e2e   0x6001a28a   0x00000002   PAD
    0x80017e30   0x6001a28c   0x00000057   Data   RO         2237    .conststring        peripherals.o
    0x80017e87   0x6001a2e3   0x00000001   PAD
    0x80017e88   0x6001a2e4   0x00000070   Data   RO         2773    .conststring        fsl_mmc.o
    0x80017ef8   0x6001a354   0x0000006d   Data   RO         4348    .conststring        serial_manager.o
    0x80017f65   0x6001a3c1   0x00000003   PAD
    0x80017f68   0x6001a3c4   0x0000006f   Data   RO         4440    .conststring        serial_port_uart.o
    0x80017fd7   0x6001a433   0x00000001   PAD
    0x80017fd8   0x6001a434   0x000000af   Data   RO         4488    .conststring        lpuart_adapter.o
    0x80018087   0x6001a4e3   0x00000001   PAD
    0x80018088   0x6001a4e4   0x000000a8   Data   RO         4551    .conststring        fsl_adc.o
    0x80018130   0x6001a58c   0x00000058   Data   RO         4644    .conststring        fsl_adc_etc.o
    0x80018188   0x6001a5e4   0x00000056   Data   RO         4751    .conststring        fsl_clock.o
    0x800181de   0x6001a63a   0x00000002   PAD
    0x800181e0   0x6001a63c   0x00000057   Data   RO         5139    .conststring        fsl_dmamux.o
    0x80018237   0x6001a693   0x00000001   PAD
    0x80018238   0x6001a694   0x0000014d   Data   RO         5235    .conststring        fsl_edma.o
    0x80018385   0x6001a7e1   0x00000003   PAD
    0x80018388   0x6001a7e4   0x00000058   Data   RO         5548    .conststring        fsl_flexspi.o
    0x800183e0   0x6001a83c   0x00000055   Data   RO         5688    .conststring        fsl_gpio.o
    0x80018435   0x6001a891   0x00000003   PAD
    0x80018438   0x6001a894   0x00000056   Data   RO         5837    .conststring        fsl_lpi2c.o
    0x8001848e   0x6001a8ea   0x00000002   PAD
    0x80018490   0x6001a8ec   0x00000056   Data   RO         6161    .conststring        fsl_lpspi.o
    0x800184e6   0x6001a942   0x00000002   PAD
    0x800184e8   0x6001a944   0x000000e8   Data   RO         6597    .conststring        fsl_lpuart.o
    0x800185d0   0x6001aa2c   0x0000005c   Data   RO         6809    .conststring        fsl_lpuart_edma.o
    0x8001862c   0x6001aa88   0x00000054   Data   RO         6892    .conststring        fsl_pit.o
    0x80018680   0x6001aadc   0x00000055   Data   RO         7066    .conststring        fsl_qtmr.o
    0x800186d5   0x6001ab31   0x00000003   PAD
    0x800186d8   0x6001ab34   0x00000058   Data   RO         7181    .conststring        fsl_snvs_hp.o
    0x80018730   0x6001ab8c   0x00000166   Data   RO         7504    .conststring        fsl_usdhc.o
    0x80018896   0x6001acf2   0x00000002   PAD
    0x80018898   0x6001acf4   0x00000056   Data   RO         7741    .conststring        fsl_xbara.o
    0x800188ee   0x6001ad4a   0x00000002   PAD
    0x800188f0   0x6001ad4c   0x0000006e   Data   RO         7819    .conststring        fsl_debug_console.o


    Execution Region RW_m_data (Exec base: 0x80400000, Load base: 0x6001adbc, Size: 0x0002de5c, Max: 0x015fe000, ABSOLUTE, COMPRESSED[0x00000050])

    Exec Addr    Load Addr    Size         Type   Attr      Idx    E Section Name        Object

    0x80400000   COMPRESSED   0x00000004   Data   RW           16    .data               main.o
    0x80400004   COMPRESSED   0x00000008   Data   RW          453    .data               interrupt.o
    0x8040000c   COMPRESSED   0x00000014   Data   RW          520    .data               ble_app.o
    0x80400020   COMPRESSED   0x0000000a   Data   RW          611    .data               ble_protocol.o
    0x8040002a   COMPRESSED   0x00000002   PAD
    0x8040002c   COMPRESSED   0x0000000d   Data   RW          713    .data               adc_app.o
    0x80400039   COMPRESSED   0x00000003   PAD
    0x8040003c   COMPRESSED   0x0000000c   Data   RW          821    .data               battery_app.o
    0x80400048   COMPRESSED   0x00000011   Data   RW          859    .data               led_app.o
    0x80400059   COMPRESSED   0x00000003   PAD
    0x8040005c   COMPRESSED   0x00000018   Data   RW         1002    .data               cjson.o
    0x80400074   COMPRESSED   0x00000008   Data   RW         1583    .data               rtc_drv.o
    0x8040007c   COMPRESSED   0x00000004   Data   RW         1629    .data               emmc_drv.o
    0x80400080   COMPRESSED   0x00000018   Data   RW         1725    .data               adc_drv.o
    0x80400098   COMPRESSED   0x00000020   Data   RW         1988    .data               norflash_drv.o
    0x804000b8   COMPRESSED   0x00000001   Data   RW         2559    .data               fsl_sdmmc_host.o
    0x804000b9   COMPRESSED   0x00000003   PAD
    0x804000bc   COMPRESSED   0x0000000c   Data   RW         2658    .data               fsl_sdmmc_event.o
    0x804000c8   COMPRESSED   0x00000003   Data   RW         3109    .data               ff.o
    0x804000cb   COMPRESSED   0x00000001   PAD
    0x804000cc   COMPRESSED   0x00000008   Data   RW         4752    .data               fsl_clock.o
    0x804000d4   COMPRESSED   0x00000001   Data   RW         5236    .data               fsl_edma.o
    0x804000d5   COMPRESSED   0x00000003   PAD
    0x804000d8   COMPRESSED   0x00000004   Data   RW         5549    .data               fsl_flexspi.o
    0x804000dc   COMPRESSED   0x00000008   Data   RW         5838    .data               fsl_lpi2c.o
    0x804000e4   COMPRESSED   0x0000000d   Data   RW         6162    .data               fsl_lpspi.o
    0x804000f1   COMPRESSED   0x00000003   PAD
    0x804000f4   COMPRESSED   0x00000004   Data   RW         6598    .data               fsl_lpuart.o
    0x804000f8   COMPRESSED   0x00000004   Data   RW         7505    .data               fsl_usdhc.o
    0x804000fc   COMPRESSED   0x00000010   Data   RW         7820    .data               fsl_debug_console.o
    0x8040010c   COMPRESSED   0x00000004   Data   RW         8192    .data               system_mimxrt1052.o
    0x80400110   COMPRESSED   0x00000018   Data   RW         8464    .data               heap_4.o
    0x80400128   COMPRESSED   0x00000004   Data   RW         8526    .data               port.o
    0x8040012c   COMPRESSED   0x0000003c   Data   RW         9061    .data               tasks.o
    0x80400168   COMPRESSED   0x00000014   Data   RW         9413    .data               timers.o
    0x8040017c   COMPRESSED   0x00000004   Data   RW         9968    .data               mc_w.l(mvars.o)
    0x80400180   COMPRESSED   0x00000004   Data   RW         9969    .data               mc_w.l(mvars.o)
    0x80400184   COMPRESSED   0x00000004   Data   RW         9973    .data               mc_w.l(errno.o)
    0x80400188        -       0x000002c0   Zero   RW           15    .bss                main.o
    0x80400448        -       0x00000100   Zero   RW          353    .bss                norflash_app.o
    0x80400548        -       0x00000020   Zero   RW          452    .bss                interrupt.o
    0x80400568        -       0x00000298   Zero   RW          518    .bss                ble_app.o
    0x80400800        -       0x0002710e   Zero   RW          711    .bss                adc_app.o
    0x8042790e   COMPRESSED   0x00000002   PAD
    0x80427910        -       0x00000550   Zero   RW         1626    .bss                emmc_drv.o
    0x80427e60        -       0x00000034   Zero   RW         2235    .bss                peripherals.o
    0x80427e94        -       0x00000200   Zero   RW         2459    .bss                fsl_sdmmc_common.o
    0x80428094        -       0x00000010   Zero   RW         3107    .bss                ff.o
    0x804280a4        -       0x000002e4   Zero   RW         3511    .bss                fsl_mmc_disk.o
    0x80428388        -       0x000003f8   Zero   RW         3748    .bss                cmsis_os2.o
    0x80428780        -       0x00000080   Zero   RW         5233    .bss                fsl_edma.o
    0x80428800        -       0x00000028   Zero   RW         5835    .bss                fsl_lpi2c.o
    0x80428828        -       0x00000014   Zero   RW         6159    .bss                fsl_lpspi.o
    0x8042883c        -       0x00000024   Zero   RW         6595    .bss                fsl_lpuart.o
    0x80428860        -       0x00000048   Zero   RW         6808    .bss                fsl_lpuart_edma.o
    0x804288a8        -       0x0000000c   Zero   RW         7502    .bss                fsl_usdhc.o
    0x804288b4        -       0x0000001c   Zero   RW         7817    .bss                fsl_debug_console.o
    0x804288d0        -       0x00005000   Zero   RW         8463    .bss                heap_4.o
    0x8042d8d0        -       0x000004c4   Zero   RW         9060    .bss                tasks.o
    0x8042dd94        -       0x000000c8   Zero   RW         9412    .bss                timers.o


    Execution Region ARM_LIB_HEAP (Exec base: 0x8042de5c, Load base: 0x6001ae0c, Size: 0x00200000, Max: 0x00200000, ABSOLUTE)

    Exec Addr    Load Addr    Size         Type   Attr      Idx    E Section Name        Object

    0x8042de5c        -       0x00200000   Zero   RW            2    ARM_LIB_HEAP.bss    anon$$obj.o


    Execution Region ARM_LIB_STACK (Exec base: 0x81bfe000, Load base: 0x6001ae0c, Size: 0x00002000, Max: 0x00002000, ABSOLUTE)

    Exec Addr    Load Addr    Size         Type   Attr      Idx    E Section Name        Object

    0x81bfe000        -       0x00002000   Zero   RW            3    ARM_LIB_STACK.bss   anon$$obj.o


    Execution Region RW_m_ncache (Exec base: 0x81c00000, Load base: 0x6001ae0c, Size: 0x00000224, Max: 0x00400000, ABSOLUTE, COMPRESSED[0x00000008])

    Exec Addr    Load Addr    Size         Type   Attr      Idx    E Section Name        Object

    0x81c00000   COMPRESSED   0x00000200   Data   RW         1630    NonCacheable.init   emmc_drv.o
    0x81c00200        -       0x00000020   Zero   RW         2560    NonCacheable        fsl_sdmmc_host.o
    0x81c00220        -       0x00000004   Zero   RW         7506    NonCacheable        fsl_usdhc.o


==============================================================================

Image component sizes


      Code (inc. data)   RO Data    RW Data    ZI Data      Debug   Object Name

      1730        320          0         13     160014      22022   adc_app.o
       252         28          0         24          0      38503   adc_drv.o
      1164        166          0         12          0       3454   battery_app.o
       444         12          0          0          0       5672   battery_drv.o
      1180        274         85         20        664      51365   ble_app.o
      5038       1212          0         10          0      11583   ble_protocol.o
      5070        184          0         24          0      32488   cjson.o
         0          0          0          0          0        524   clib_arm.o
      1860        278         34          0          0      85004   clock_config.o
        72         20          0          0       1016      25471   cmsis_os2.o
         0          0          0          0          0    1395760   core_delay.o
       184          0          0          0          0       3734   diskio.o
      1660        370         89        516       1360      18267   emmc_drv.o
         0          0          0          0          0       8896   event_groups.o
     10508        194        170          3         16      63979   ff.o
       284         32        942          0          0       2588   ffunicode.o
         0          0       1072          0          0        527   fire_imxrt1052_sdram_ini_dcd.o
         0          0        512          0          0       5786   fire_imxrt1052_spiflash_config.o
       792        228        186          0          0      19740   fsl_adc.o
       814        158         88          0          0       7321   fsl_adc_etc.o
        68         44          0          0          0        717   fsl_assert.o
      2140        226        102          8          0      26100   fsl_clock.o
       490        102        126         16         28      10073   fsl_debug_console.o
       208         74         93          0          0       2766   fsl_dmamux.o
      4144       1006        403          1        128      71362   fsl_edma.o
      2496        158         96          4          0      36983   fsl_flexspi.o
         0          0         48          0          0       2042   fsl_flexspi_nor_boot.o
       502         94        121          0          0       6020   fsl_gpio.o
      1982        250        126          8         40      30829   fsl_lpi2c.o
      2712        374        134         13         20      29127   fsl_lpspi.o
      1604        306        304          4         36      17967   fsl_lpuart.o
      1080        362         92          0         72      13133   fsl_lpuart_edma.o
      8006       1800        192          0          0     113713   fsl_mmc.o
       326         30          0          0        740      30813   fsl_mmc_disk.o
       308         90         90          0          0       4247   fsl_pit.o
       864         82        115          0          0      10303   fsl_qtmr.o
       768        196          0          0        512      46669   fsl_sdmmc_common.o
       172         22          0         12          0      39039   fsl_sdmmc_event.o
       290         14          0          1         32      17478   fsl_sdmmc_host.o
       912        154        114          0          0      10658   fsl_snvs_hp.o
      2338          0          0          0          0       5430   fsl_str.o
      4272        596        382          4         16      80506   fsl_usdhc.o
       246         70         92          0          0       3502   fsl_xbara.o
         0          0          0          0          0       5456   generic_list.o
       508         62          0         24      20480       4335   heap_4.o
       220         30          0          0          0       1866   iic_temp_drv.o
       492         78          0          8         32      14799   interrupt.o
       952         78          0         17          0       4639   led_app.o
       148          0          0          0          0      12574   list.o
       406        104        211          0          0       8958   lpuart_adapter.o
      1612        242          0          4        704    1517642   main.o
       456        198          0          0        256      34363   norflash_app.o
      1420         86        360         32          0      47770   norflash_drv.o
      1110        282        343          0         52      78941   peripherals.o
      2722         82         79          0          0      85692   pin_mux.o
       508         56          0          4          0      10048   port.o
      1318         14          0          0          0      14969   queue.o
        68         10          0          8          0       3739   rtc_drv.o
       526        136        109          0          0       6278   serial_manager.o
       252         76        111          0          0       4057   serial_port_uart.o
       444        210       1024          0          0       3144   startup_mimxrt1052.o
       506         24          0          4          0    1428167   system_mimxrt1052.o
      3300        456          0         60       1220      45083   tasks.o
      1106        114          0         20        200      12659   timers.o
        76          0          0          0          0       5860   utility.o

    ----------------------------------------------------------------------
     85234      11864       8176        892    2294008    5763200   Object Totals
         0          0         80          0    2106368          0   (incl. Generated)
       104          0         51         18          2          0   (incl. Padding)

    ----------------------------------------------------------------------

      Code (inc. data)   RO Data    RW Data    ZI Data      Debug   Library Member Name

       110         60          0          0          0        580   dunder.o
        24          0          0          0          0        124   fabs.o
        48          0          0          0          0        124   fpclassify.o
       192          6          0          0          0        176   modf.o
       112          0          0          0          0        116   poly.o
      2296        304        136          0          0        320   pow.o
         0          0          8          0          0          0   qnan.o
       106          0          0          0          0        140   sqrt.o
        40         10          0          0          0        128   strtod.o
        56          8          0          0          0         84   __0sscanf.o
        58          0          0          0          0          0   __dczerorl.o
       812          4          0          0          0        112   _scanf.o
        64          0          0          0          0         84   _sgetc.o
        40          6         64          0          0         68   ctype_c.o
         0          0          0          0          0          0   entry.o
         0          0          0          0          0          0   entry10a.o
         0          0          0          0          0          0   entry11a.o
         8          4          0          0          0          0   entry4.o
         4          0          0          0          0          0   entry5.o
         0          0          0          0          0          0   entry7b.o
         0          0          0          0          0          0   entry8b.o
         8          4          0          0          0          0   entry9a.o
        12          6          0          4          0         68   errno.o
        30          0          0          0          0          0   handlers.o
        36          8          0          0          0         68   init.o
        10          0          0          0          0         68   isspace_c.o
         0          0          0          0          0          0   iusefp.o
        98          0          0          0          0         84   ldiv.o
        30          0          0          0          0         68   llshl.o
        36          0          0          0          0         68   llsshr.o
        32          0          0          0          0         68   llushr.o
       360         30          0          0          0        356   mallocr2.o
        26          0          0          0          0         80   memcmp.o
        64          0          0          0          0         76   memmovea.o
        36          0          0          0          0        108   memseta.o
         0          0          0          8          0          0   mvars.o
      2276         86          0          0          0        520   printfa.o
        40          8          0          0          0         84   scanf_char.o
       878         12          0          0          0        216   scanf_fp.o
        24          0          0          0          0         68   strcat.o
        28          0          0          0          0         76   strcmp.o
        18          0          0          0          0         68   strcpy.o
        14          0          0          0          0         68   strlen.o
        30          0          0          0          0         80   strncmp.o
        36          0          0          0          0         80   strstr.o
       156         12          0          0          0        120   strtod.o
        12          0          0          0          0         68   tolower.o
        44          0          0          0          0         80   uidiv.o
        98          0          0          0          0         92   uldiv.o
        48          0          0          0          0         68   cdrcmple.o
        56          0          0          0          0         88   d2f.o
       334          0          0          0          0        148   dadd.o
       222          0          0          0          0        100   ddiv.o
       186          0          0          0          0        176   depilogue.o
        74          0          0          0          0         80   dfixl.o
        48          0          0          0          0         68   dfixul.o
        40          0          0          0          0         80   dfltl.o
        24          0          0          0          0         76   dfltul.o
       228          0          0          0          0         96   dmul.o
        46          0          0          0          0         80   dscalb.o
       110          0          0          0          0        168   fepilogue.o

    ----------------------------------------------------------------------
      9834        572        208         12          0       6016   Library Totals
        16          4          0          0          0          0   (incl. Padding)

    ----------------------------------------------------------------------

      Code (inc. data)   RO Data    RW Data    ZI Data      Debug   Library Name

      2928        380        144          0          0       1708   m_wv.l
      5474        188         64         12          0       3080   mc_w.l
      1416          0          0          0          0       1228   mf_w.l

    ----------------------------------------------------------------------
      9834        572        208         12          0       6016   Library Totals

    ----------------------------------------------------------------------

==============================================================================


      Code (inc. data)   RO Data    RW Data    ZI Data      Debug   

     95068      12436       8384        904    2294008    5705308   Grand Totals
     95068      12436       8384         88    2294008    5705308   ELF Image Totals (compressed)
     95068      12436       8384         88          0          0   ROM Totals

==============================================================================

    Total RO  Size (Code + RO Data)               103452 ( 101.03kB)
    Total RW  Size (RW Data + ZI Data)           2294912 (2241.13kB)
    Total ROM Size (Code + RO Data + RW Data)     103540 ( 101.11kB)

==============================================================================

